../Core/Inc/xor_algo.h:8:6:aXor	32	static
../Core/Inc/xor_algo.h:21:6:dXor	32	static
../Core/Src/main.c:145:6:debugPrintln	24	static
../Core/Src/main.c:160:5:main	816	static
../Core/Src/main.c:228:6:SystemClock_Config	104	static
../Core/Src/main.c:271:13:MX_I2C2_Init	8	static
../Core/Src/main.c:319:13:MX_SPI2_Init	8	static
../Core/Src/main.c:359:13:MX_USART1_UART_Init	8	static
../Core/Src/main.c:394:13:MX_GPIO_Init	56	static
../Core/Src/main.c:434:6:icm20948_init	8	static
../Core/Src/main.c:459:6:ak09916_init	8	static
../Core/Src/main.c:472:6:icm20948_gyro_read	24	static
../Core/Src/main.c:481:6:icm20948_accel_read	24	static
../Core/Src/main.c:491:6:ak09916_mag_read	32	static
../Core/Src/main.c:513:6:icm20948_gyro_read_dps	16	static
../Core/Src/main.c:522:6:icm20948_accel_read_g	16	static
../Core/Src/main.c:531:6:ak09916_mag_read_uT	40	static
../Core/Src/main.c:546:6:icm20948_who_am_i	24	static
../Core/Src/main.c:556:6:ak09916_who_am_i	24	static
../Core/Src/main.c:566:6:icm20948_device_reset	8	static
../Core/Src/main.c:572:6:ak09916_soft_reset	8	static
../Core/Src/main.c:578:6:icm20948_wakeup	24	static
../Core/Src/main.c:587:6:icm20948_sleep	24	static
../Core/Src/main.c:596:6:icm20948_spi_slave_enable	24	static
../Core/Src/main.c:604:6:icm20948_i2c_master_reset	24	static
../Core/Src/main.c:612:6:icm20948_i2c_master_enable	24	static
../Core/Src/main.c:621:6:icm20948_i2c_master_clk_frq	32	static
../Core/Src/main.c:629:6:icm20948_clock_source	32	static
../Core/Src/main.c:637:6:icm20948_odr_align_enable	8	static
../Core/Src/main.c:642:6:icm20948_gyro_low_pass_filter	32	static
../Core/Src/main.c:650:6:icm20948_accel_low_pass_filter	32	static
../Core/Src/main.c:658:6:icm20948_gyro_sample_rate_divider	16	static
../Core/Src/main.c:663:6:icm20948_accel_sample_rate_divider	32	static
../Core/Src/main.c:672:6:ak09916_operation_mode_setting	16	static
../Core/Src/main.c:678:6:icm20948_gyro_calibration	56	static
../Core/Src/main.c:710:6:icm20948_accel_calibration	80	static
../Core/Src/main.c:768:6:icm20948_gyro_full_scale_select	32	static
../Core/Src/main.c:795:6:icm20948_accel_full_scale_select	32	static
../Core/Src/main.c:823:13:cs_high	8	static
../Core/Src/main.c:828:13:cs_low	8	static
../Core/Src/main.c:833:13:select_user_bank	32	static
../Core/Src/main.c:844:16:read_single_icm20948_reg	32	static
../Core/Src/main.c:858:13:write_single_icm20948_reg	32	static
../Core/Src/main.c:871:17:read_multiple_icm20948_reg	32	static
../Core/Src/main.c:885:13:write_multiple_icm20948_reg	32	static
../Core/Src/main.c:896:16:read_single_ak09916_reg	16	static
../Core/Src/main.c:906:13:write_single_ak09916_reg	16	static
../Core/Src/main.c:914:17:read_multiple_ak09916_reg	16	static
../Core/Src/main.c:931:6:Error_Handler	8	static,ignoring_inline_asm
