../Core/Src/main.c:138:6:debugPrintln	24	static
../Core/Src/main.c:153:5:main	1304	static
../Core/Src/main.c:220:6:SystemClock_Config	104	static
../Core/Src/main.c:263:13:MX_SPI2_Init	8	static
../Core/Src/main.c:303:13:MX_USART1_UART_Init	8	static
../Core/Src/main.c:338:13:MX_GPIO_Init	48	static
../Core/Src/main.c:377:6:icm20948_init	8	static
../Core/Src/main.c:402:6:ak09916_init	8	static
../Core/Src/main.c:415:6:icm20948_gyro_read	24	static
../Core/Src/main.c:424:6:icm20948_accel_read	24	static
../Core/Src/main.c:434:6:ak09916_mag_read	32	static
../Core/Src/main.c:456:6:icm20948_gyro_read_dps	16	static
../Core/Src/main.c:465:6:icm20948_accel_read_g	16	static
../Core/Src/main.c:474:6:ak09916_mag_read_uT	40	static
../Core/Src/main.c:489:6:icm20948_who_am_i	24	static
../Core/Src/main.c:499:6:ak09916_who_am_i	24	static
../Core/Src/main.c:509:6:icm20948_device_reset	8	static
../Core/Src/main.c:515:6:ak09916_soft_reset	8	static
../Core/Src/main.c:521:6:icm20948_wakeup	24	static
../Core/Src/main.c:530:6:icm20948_sleep	24	static
../Core/Src/main.c:539:6:icm20948_spi_slave_enable	24	static
../Core/Src/main.c:547:6:icm20948_i2c_master_reset	24	static
../Core/Src/main.c:555:6:icm20948_i2c_master_enable	24	static
../Core/Src/main.c:564:6:icm20948_i2c_master_clk_frq	32	static
../Core/Src/main.c:572:6:icm20948_clock_source	32	static
../Core/Src/main.c:580:6:icm20948_odr_align_enable	8	static
../Core/Src/main.c:585:6:icm20948_gyro_low_pass_filter	32	static
../Core/Src/main.c:593:6:icm20948_accel_low_pass_filter	32	static
../Core/Src/main.c:601:6:icm20948_gyro_sample_rate_divider	16	static
../Core/Src/main.c:606:6:icm20948_accel_sample_rate_divider	32	static
../Core/Src/main.c:615:6:ak09916_operation_mode_setting	16	static
../Core/Src/main.c:621:6:icm20948_gyro_calibration	56	static
../Core/Src/main.c:653:6:icm20948_accel_calibration	80	static
../Core/Src/main.c:711:6:icm20948_gyro_full_scale_select	32	static
../Core/Src/main.c:738:6:icm20948_accel_full_scale_select	32	static
../Core/Src/main.c:766:13:cs_high	8	static
../Core/Src/main.c:771:13:cs_low	8	static
../Core/Src/main.c:776:13:select_user_bank	32	static
../Core/Src/main.c:787:16:read_single_icm20948_reg	32	static
../Core/Src/main.c:801:13:write_single_icm20948_reg	32	static
../Core/Src/main.c:814:17:read_multiple_icm20948_reg	32	static
../Core/Src/main.c:828:13:write_multiple_icm20948_reg	32	static
../Core/Src/main.c:839:16:read_single_ak09916_reg	16	static
../Core/Src/main.c:849:13:write_single_ak09916_reg	16	static
../Core/Src/main.c:857:17:read_multiple_ak09916_reg	16	static
../Core/Src/main.c:874:6:Error_Handler	8	static,ignoring_inline_asm
