../Core/Inc/xor_algo.h:8:6:aXor	32	static
../Core/Inc/xor_algo.h:21:6:dXor	32	static
../Core/Src/main.c:144:6:debugPrintln	24	static
../Core/Src/main.c:159:5:main	1352	static
../Core/Src/main.c:248:6:SystemClock_Config	104	static
../Core/Src/main.c:291:13:MX_I2C2_Init	8	static
../Core/Src/main.c:339:13:MX_SPI2_Init	8	static
../Core/Src/main.c:379:13:MX_USART1_UART_Init	8	static
../Core/Src/main.c:414:13:MX_GPIO_Init	56	static
../Core/Src/main.c:455:6:icm20948_init	8	static
../Core/Src/main.c:488:6:ak09916_init	8	static
../Core/Src/main.c:501:6:icm20948_gyro_read	24	static
../Core/Src/main.c:510:6:icm20948_accel_read	24	static
../Core/Src/main.c:520:6:ak09916_mag_read	32	static
../Core/Src/main.c:542:6:icm20948_gyro_read_dps	16	static
../Core/Src/main.c:551:6:icm20948_accel_read_g	16	static
../Core/Src/main.c:560:6:ak09916_mag_read_uT	40	static
../Core/Src/main.c:575:6:icm20948_who_am_i	24	static
../Core/Src/main.c:585:6:ak09916_who_am_i	24	static
../Core/Src/main.c:595:6:icm20948_device_reset	8	static
../Core/Src/main.c:601:6:ak09916_soft_reset	8	static
../Core/Src/main.c:607:6:icm20948_wakeup	24	static
../Core/Src/main.c:616:6:icm20948_sleep	24	static
../Core/Src/main.c:625:6:icm20948_spi_slave_enable	24	static
../Core/Src/main.c:633:6:icm20948_i2c_master_reset	24	static
../Core/Src/main.c:641:6:icm20948_i2c_master_enable	24	static
../Core/Src/main.c:650:6:icm20948_i2c_master_clk_frq	32	static
../Core/Src/main.c:658:6:icm20948_clock_source	32	static
../Core/Src/main.c:666:6:icm20948_odr_align_enable	8	static
../Core/Src/main.c:671:6:icm20948_gyro_low_pass_filter	32	static
../Core/Src/main.c:679:6:icm20948_accel_low_pass_filter	32	static
../Core/Src/main.c:687:6:icm20948_gyro_sample_rate_divider	16	static
../Core/Src/main.c:692:6:icm20948_accel_sample_rate_divider	32	static
../Core/Src/main.c:701:6:ak09916_operation_mode_setting	16	static
../Core/Src/main.c:707:6:icm20948_gyro_calibration	56	static
../Core/Src/main.c:739:6:icm20948_accel_calibration	80	static
../Core/Src/main.c:797:6:icm20948_gyro_full_scale_select	32	static
../Core/Src/main.c:824:6:icm20948_accel_full_scale_select	32	static
../Core/Src/main.c:852:13:cs_high	8	static
../Core/Src/main.c:857:13:cs_low	8	static
../Core/Src/main.c:862:13:select_user_bank	32	static
../Core/Src/main.c:873:16:read_single_icm20948_reg	32	static
../Core/Src/main.c:887:13:write_single_icm20948_reg	32	static
../Core/Src/main.c:900:17:read_multiple_icm20948_reg	32	static
../Core/Src/main.c:914:13:write_multiple_icm20948_reg	32	static
../Core/Src/main.c:925:16:read_single_ak09916_reg	16	static
../Core/Src/main.c:935:13:write_single_ak09916_reg	16	static
../Core/Src/main.c:943:17:read_multiple_ak09916_reg	16	static
../Core/Src/main.c:960:6:Error_Handler	8	static,ignoring_inline_asm
