../Core/Inc/xor_algo.h:8:6:aXor	32	static
../Core/Inc/xor_algo.h:21:6:dXor	32	static
../Core/Src/main.c:144:6:debugPrintln	24	static
../Core/Src/main.c:159:5:main	1352	static
../Core/Src/main.c:249:6:SystemClock_Config	104	static
../Core/Src/main.c:292:13:MX_I2C2_Init	8	static
../Core/Src/main.c:340:13:MX_SPI2_Init	8	static
../Core/Src/main.c:380:13:MX_USART1_UART_Init	8	static
../Core/Src/main.c:415:13:MX_GPIO_Init	56	static
../Core/Src/main.c:456:6:icm20948_init	8	static
../Core/Src/main.c:489:6:ak09916_init	8	static
../Core/Src/main.c:502:6:icm20948_gyro_read	24	static
../Core/Src/main.c:511:6:icm20948_accel_read	24	static
../Core/Src/main.c:521:6:ak09916_mag_read	32	static
../Core/Src/main.c:543:6:icm20948_gyro_read_dps	16	static
../Core/Src/main.c:552:6:icm20948_accel_read_g	16	static
../Core/Src/main.c:561:6:ak09916_mag_read_uT	40	static
../Core/Src/main.c:576:6:icm20948_who_am_i	24	static
../Core/Src/main.c:586:6:ak09916_who_am_i	24	static
../Core/Src/main.c:596:6:icm20948_device_reset	8	static
../Core/Src/main.c:602:6:ak09916_soft_reset	8	static
../Core/Src/main.c:608:6:icm20948_wakeup	24	static
../Core/Src/main.c:617:6:icm20948_sleep	24	static
../Core/Src/main.c:626:6:icm20948_spi_slave_enable	24	static
../Core/Src/main.c:634:6:icm20948_i2c_master_reset	24	static
../Core/Src/main.c:642:6:icm20948_i2c_master_enable	24	static
../Core/Src/main.c:651:6:icm20948_i2c_master_clk_frq	32	static
../Core/Src/main.c:659:6:icm20948_clock_source	32	static
../Core/Src/main.c:667:6:icm20948_odr_align_enable	8	static
../Core/Src/main.c:672:6:icm20948_gyro_low_pass_filter	32	static
../Core/Src/main.c:680:6:icm20948_accel_low_pass_filter	32	static
../Core/Src/main.c:688:6:icm20948_gyro_sample_rate_divider	16	static
../Core/Src/main.c:693:6:icm20948_accel_sample_rate_divider	32	static
../Core/Src/main.c:702:6:ak09916_operation_mode_setting	16	static
../Core/Src/main.c:708:6:icm20948_gyro_calibration	56	static
../Core/Src/main.c:740:6:icm20948_accel_calibration	80	static
../Core/Src/main.c:798:6:icm20948_gyro_full_scale_select	32	static
../Core/Src/main.c:825:6:icm20948_accel_full_scale_select	32	static
../Core/Src/main.c:853:13:cs_high	8	static
../Core/Src/main.c:858:13:cs_low	8	static
../Core/Src/main.c:863:13:select_user_bank	32	static
../Core/Src/main.c:874:16:read_single_icm20948_reg	32	static
../Core/Src/main.c:888:13:write_single_icm20948_reg	32	static
../Core/Src/main.c:901:17:read_multiple_icm20948_reg	32	static
../Core/Src/main.c:915:13:write_multiple_icm20948_reg	32	static
../Core/Src/main.c:926:16:read_single_ak09916_reg	16	static
../Core/Src/main.c:936:13:write_single_ak09916_reg	16	static
../Core/Src/main.c:944:17:read_multiple_ak09916_reg	16	static
../Core/Src/main.c:961:6:Error_Handler	8	static,ignoring_inline_asm
