../Core/Inc/xor_algo.h:8:6:aXor	32	static
../Core/Inc/xor_algo.h:21:6:dXor	32	static
../Core/Src/main.c:152:6:debugPrintln	24	static
../Core/Src/main.c:166:5:main	840	static
../Core/Src/main.c:258:6:SystemClock_Config	104	static
../Core/Src/main.c:301:13:MX_I2C2_Init	8	static
../Core/Src/main.c:349:13:MX_SPI2_Init	8	static
../Core/Src/main.c:389:13:MX_USART1_UART_Init	8	static
../Core/Src/main.c:424:13:MX_GPIO_Init	56	static
../Core/Src/main.c:466:6:Compression	72	static
../Core/Src/main.c:491:6:Decompression	80	static
../Core/Src/main.c:512:6:icm20948_init	8	static
../Core/Src/main.c:545:6:ak09916_init	8	static
../Core/Src/main.c:558:6:icm20948_gyro_read	24	static
../Core/Src/main.c:567:6:icm20948_accel_read	24	static
../Core/Src/main.c:577:6:ak09916_mag_read	32	static
../Core/Src/main.c:599:6:icm20948_gyro_read_dps	16	static
../Core/Src/main.c:608:6:icm20948_accel_read_g	16	static
../Core/Src/main.c:617:6:ak09916_mag_read_uT	40	static
../Core/Src/main.c:632:6:icm20948_who_am_i	24	static
../Core/Src/main.c:642:6:ak09916_who_am_i	24	static
../Core/Src/main.c:652:6:icm20948_device_reset	8	static
../Core/Src/main.c:658:6:ak09916_soft_reset	8	static
../Core/Src/main.c:664:6:icm20948_wakeup	24	static
../Core/Src/main.c:673:6:icm20948_sleep	24	static
../Core/Src/main.c:682:6:icm20948_spi_slave_enable	24	static
../Core/Src/main.c:690:6:icm20948_i2c_master_reset	24	static
../Core/Src/main.c:698:6:icm20948_i2c_master_enable	24	static
../Core/Src/main.c:707:6:icm20948_i2c_master_clk_frq	32	static
../Core/Src/main.c:715:6:icm20948_clock_source	32	static
../Core/Src/main.c:723:6:icm20948_odr_align_enable	8	static
../Core/Src/main.c:728:6:icm20948_gyro_low_pass_filter	32	static
../Core/Src/main.c:736:6:icm20948_accel_low_pass_filter	32	static
../Core/Src/main.c:744:6:icm20948_gyro_sample_rate_divider	16	static
../Core/Src/main.c:749:6:icm20948_accel_sample_rate_divider	32	static
../Core/Src/main.c:758:6:ak09916_operation_mode_setting	16	static
../Core/Src/main.c:764:6:icm20948_gyro_calibration	56	static
../Core/Src/main.c:796:6:icm20948_accel_calibration	80	static
../Core/Src/main.c:854:6:icm20948_gyro_full_scale_select	32	static
../Core/Src/main.c:881:6:icm20948_accel_full_scale_select	32	static
../Core/Src/main.c:909:13:cs_high	8	static
../Core/Src/main.c:914:13:cs_low	8	static
../Core/Src/main.c:919:13:select_user_bank	32	static
../Core/Src/main.c:930:16:read_single_icm20948_reg	32	static
../Core/Src/main.c:944:13:write_single_icm20948_reg	32	static
../Core/Src/main.c:957:17:read_multiple_icm20948_reg	32	static
../Core/Src/main.c:971:13:write_multiple_icm20948_reg	32	static
../Core/Src/main.c:982:16:read_single_ak09916_reg	16	static
../Core/Src/main.c:992:13:write_single_ak09916_reg	16	static
../Core/Src/main.c:1000:17:read_multiple_ak09916_reg	16	static
../Core/Src/main.c:1017:6:Error_Handler	8	static,ignoring_inline_asm
