../Core/Src/main.c:141:6:debugPrintln	24	static
../Core/Src/main.c:156:5:main	1304	static
../Core/Src/main.c:224:6:SystemClock_Config	104	static
../Core/Src/main.c:267:13:MX_I2C2_Init	8	static
../Core/Src/main.c:315:13:MX_SPI2_Init	8	static
../Core/Src/main.c:355:13:MX_USART1_UART_Init	8	static
../Core/Src/main.c:390:13:MX_GPIO_Init	56	static
../Core/Src/main.c:430:6:icm20948_init	8	static
../Core/Src/main.c:455:6:ak09916_init	8	static
../Core/Src/main.c:468:6:icm20948_gyro_read	24	static
../Core/Src/main.c:477:6:icm20948_accel_read	24	static
../Core/Src/main.c:487:6:ak09916_mag_read	32	static
../Core/Src/main.c:509:6:icm20948_gyro_read_dps	16	static
../Core/Src/main.c:518:6:icm20948_accel_read_g	16	static
../Core/Src/main.c:527:6:ak09916_mag_read_uT	40	static
../Core/Src/main.c:542:6:icm20948_who_am_i	24	static
../Core/Src/main.c:552:6:ak09916_who_am_i	24	static
../Core/Src/main.c:562:6:icm20948_device_reset	8	static
../Core/Src/main.c:568:6:ak09916_soft_reset	8	static
../Core/Src/main.c:574:6:icm20948_wakeup	24	static
../Core/Src/main.c:583:6:icm20948_sleep	24	static
../Core/Src/main.c:592:6:icm20948_spi_slave_enable	24	static
../Core/Src/main.c:600:6:icm20948_i2c_master_reset	24	static
../Core/Src/main.c:608:6:icm20948_i2c_master_enable	24	static
../Core/Src/main.c:617:6:icm20948_i2c_master_clk_frq	32	static
../Core/Src/main.c:625:6:icm20948_clock_source	32	static
../Core/Src/main.c:633:6:icm20948_odr_align_enable	8	static
../Core/Src/main.c:638:6:icm20948_gyro_low_pass_filter	32	static
../Core/Src/main.c:646:6:icm20948_accel_low_pass_filter	32	static
../Core/Src/main.c:654:6:icm20948_gyro_sample_rate_divider	16	static
../Core/Src/main.c:659:6:icm20948_accel_sample_rate_divider	32	static
../Core/Src/main.c:668:6:ak09916_operation_mode_setting	16	static
../Core/Src/main.c:674:6:icm20948_gyro_calibration	56	static
../Core/Src/main.c:706:6:icm20948_accel_calibration	80	static
../Core/Src/main.c:764:6:icm20948_gyro_full_scale_select	32	static
../Core/Src/main.c:791:6:icm20948_accel_full_scale_select	32	static
../Core/Src/main.c:819:13:cs_high	8	static
../Core/Src/main.c:824:13:cs_low	8	static
../Core/Src/main.c:829:13:select_user_bank	32	static
../Core/Src/main.c:840:16:read_single_icm20948_reg	32	static
../Core/Src/main.c:854:13:write_single_icm20948_reg	32	static
../Core/Src/main.c:867:17:read_multiple_icm20948_reg	32	static
../Core/Src/main.c:881:13:write_multiple_icm20948_reg	32	static
../Core/Src/main.c:892:16:read_single_ak09916_reg	16	static
../Core/Src/main.c:902:13:write_single_ak09916_reg	16	static
../Core/Src/main.c:910:17:read_multiple_ak09916_reg	16	static
../Core/Src/main.c:927:6:Error_Handler	8	static,ignoring_inline_asm
