../Core/Inc/xor_algo.h:8:6:aXor	32	static
../Core/Inc/xor_algo.h:21:6:dXor	32	static
../Core/Src/main.c:144:6:debugPrintln	24	static
../Core/Src/main.c:159:5:main	816	static
../Core/Src/main.c:227:6:SystemClock_Config	104	static
../Core/Src/main.c:270:13:MX_I2C2_Init	8	static
../Core/Src/main.c:318:13:MX_SPI2_Init	8	static
../Core/Src/main.c:358:13:MX_USART1_UART_Init	8	static
../Core/Src/main.c:393:13:MX_GPIO_Init	56	static
../Core/Src/main.c:434:6:icm20948_init	8	static
../Core/Src/main.c:458:6:Encryption	16	static
../Core/Src/main.c:462:6:Decryption	16	static
../Core/Src/main.c:467:6:ak09916_init	8	static
../Core/Src/main.c:480:6:icm20948_gyro_read	24	static
../Core/Src/main.c:489:6:icm20948_accel_read	24	static
../Core/Src/main.c:499:6:ak09916_mag_read	32	static
../Core/Src/main.c:521:6:icm20948_gyro_read_dps	16	static
../Core/Src/main.c:530:6:icm20948_accel_read_g	16	static
../Core/Src/main.c:539:6:ak09916_mag_read_uT	40	static
../Core/Src/main.c:554:6:icm20948_who_am_i	24	static
../Core/Src/main.c:564:6:ak09916_who_am_i	24	static
../Core/Src/main.c:574:6:icm20948_device_reset	8	static
../Core/Src/main.c:580:6:ak09916_soft_reset	8	static
../Core/Src/main.c:586:6:icm20948_wakeup	24	static
../Core/Src/main.c:595:6:icm20948_sleep	24	static
../Core/Src/main.c:604:6:icm20948_spi_slave_enable	24	static
../Core/Src/main.c:612:6:icm20948_i2c_master_reset	24	static
../Core/Src/main.c:620:6:icm20948_i2c_master_enable	24	static
../Core/Src/main.c:629:6:icm20948_i2c_master_clk_frq	32	static
../Core/Src/main.c:637:6:icm20948_clock_source	32	static
../Core/Src/main.c:645:6:icm20948_odr_align_enable	8	static
../Core/Src/main.c:650:6:icm20948_gyro_low_pass_filter	32	static
../Core/Src/main.c:658:6:icm20948_accel_low_pass_filter	32	static
../Core/Src/main.c:666:6:icm20948_gyro_sample_rate_divider	16	static
../Core/Src/main.c:671:6:icm20948_accel_sample_rate_divider	32	static
../Core/Src/main.c:680:6:ak09916_operation_mode_setting	16	static
../Core/Src/main.c:686:6:icm20948_gyro_calibration	56	static
../Core/Src/main.c:718:6:icm20948_accel_calibration	80	static
../Core/Src/main.c:776:6:icm20948_gyro_full_scale_select	32	static
../Core/Src/main.c:803:6:icm20948_accel_full_scale_select	32	static
../Core/Src/main.c:831:13:cs_high	8	static
../Core/Src/main.c:836:13:cs_low	8	static
../Core/Src/main.c:841:13:select_user_bank	32	static
../Core/Src/main.c:852:16:read_single_icm20948_reg	32	static
../Core/Src/main.c:866:13:write_single_icm20948_reg	32	static
../Core/Src/main.c:879:17:read_multiple_icm20948_reg	32	static
../Core/Src/main.c:893:13:write_multiple_icm20948_reg	32	static
../Core/Src/main.c:904:16:read_single_ak09916_reg	16	static
../Core/Src/main.c:914:13:write_single_ak09916_reg	16	static
../Core/Src/main.c:922:17:read_multiple_ak09916_reg	16	static
../Core/Src/main.c:939:6:Error_Handler	8	static,ignoring_inline_asm
