../Core/Src/main.c:138:6:debugPrintln	24	static
../Core/Src/main.c:153:5:main	1304	static
../Core/Src/main.c:218:6:SystemClock_Config	104	static
../Core/Src/main.c:261:13:MX_SPI2_Init	8	static
../Core/Src/main.c:301:13:MX_USART1_UART_Init	8	static
../Core/Src/main.c:336:13:MX_GPIO_Init	48	static
../Core/Src/main.c:375:6:icm20948_init	8	static
../Core/Src/main.c:400:6:ak09916_init	8	static
../Core/Src/main.c:413:6:icm20948_gyro_read	24	static
../Core/Src/main.c:422:6:icm20948_accel_read	24	static
../Core/Src/main.c:432:6:ak09916_mag_read	32	static
../Core/Src/main.c:454:6:icm20948_gyro_read_dps	16	static
../Core/Src/main.c:463:6:icm20948_accel_read_g	16	static
../Core/Src/main.c:472:6:ak09916_mag_read_uT	40	static
../Core/Src/main.c:487:6:icm20948_who_am_i	24	static
../Core/Src/main.c:497:6:ak09916_who_am_i	24	static
../Core/Src/main.c:507:6:icm20948_device_reset	8	static
../Core/Src/main.c:513:6:ak09916_soft_reset	8	static
../Core/Src/main.c:519:6:icm20948_wakeup	24	static
../Core/Src/main.c:528:6:icm20948_sleep	24	static
../Core/Src/main.c:537:6:icm20948_spi_slave_enable	24	static
../Core/Src/main.c:545:6:icm20948_i2c_master_reset	24	static
../Core/Src/main.c:553:6:icm20948_i2c_master_enable	24	static
../Core/Src/main.c:562:6:icm20948_i2c_master_clk_frq	32	static
../Core/Src/main.c:570:6:icm20948_clock_source	32	static
../Core/Src/main.c:578:6:icm20948_odr_align_enable	8	static
../Core/Src/main.c:583:6:icm20948_gyro_low_pass_filter	32	static
../Core/Src/main.c:591:6:icm20948_accel_low_pass_filter	32	static
../Core/Src/main.c:599:6:icm20948_gyro_sample_rate_divider	16	static
../Core/Src/main.c:604:6:icm20948_accel_sample_rate_divider	32	static
../Core/Src/main.c:613:6:ak09916_operation_mode_setting	16	static
../Core/Src/main.c:619:6:icm20948_gyro_calibration	56	static
../Core/Src/main.c:651:6:icm20948_accel_calibration	80	static
../Core/Src/main.c:709:6:icm20948_gyro_full_scale_select	32	static
../Core/Src/main.c:736:6:icm20948_accel_full_scale_select	32	static
../Core/Src/main.c:764:13:cs_high	8	static
../Core/Src/main.c:769:13:cs_low	8	static
../Core/Src/main.c:774:13:select_user_bank	32	static
../Core/Src/main.c:785:16:read_single_icm20948_reg	32	static
../Core/Src/main.c:799:13:write_single_icm20948_reg	32	static
../Core/Src/main.c:812:17:read_multiple_icm20948_reg	32	static
../Core/Src/main.c:826:13:write_multiple_icm20948_reg	32	static
../Core/Src/main.c:837:16:read_single_ak09916_reg	16	static
../Core/Src/main.c:847:13:write_single_ak09916_reg	16	static
../Core/Src/main.c:855:17:read_multiple_ak09916_reg	16	static
../Core/Src/main.c:872:6:Error_Handler	8	static,ignoring_inline_asm
