14:43:40 **** Build of configuration Debug for project IMUData ****
make -j16 all 
arm-none-eabi-gcc "../Drivers/STM32F0xx_HAL_Driver/Src/stm32f0xx_hal.c" -mcpu=cortex-m0 -std=gnu11 -g3 -DDEBUG -DUSE_HAL_DRIVER -DSTM32F051x8 -c -I../Core/Inc -I../Drivers/STM32F0xx_HAL_Driver/Inc -I../Drivers/STM32F0xx_HAL_Driver/Inc/Legacy -I../Drivers/CMSIS/Device/ST/STM32F0xx/Include -I../Drivers/CMSIS/Include -O0 -ffunction-sections -fdata-sections -Wall -fstack-usage -MMD -MP -MF"Drivers/STM32F0xx_HAL_Driver/Src/stm32f0xx_hal.d" -MT"Drivers/STM32F0xx_HAL_Driver/Src/stm32f0xx_hal.o" --specs=nano.specs -mfloat-abi=soft -mthumb -o "Drivers/STM32F0xx_HAL_Driver/Src/stm32f0xx_hal.o"
arm-none-eabi-gcc "../Drivers/STM32F0xx_HAL_Driver/Src/stm32f0xx_hal_cortex.c" -mcpu=cortex-m0 -std=gnu11 -g3 -DDEBUG -DUSE_HAL_DRIVER -DSTM32F051x8 -c -I../Core/Inc -I../Drivers/STM32F0xx_HAL_Driver/Inc -I../Drivers/STM32F0xx_HAL_Driver/Inc/Legacy -I../Drivers/CMSIS/Device/ST/STM32F0xx/Include -I../Drivers/CMSIS/Include -O0 -ffunction-sections -fdata-sections -Wall -fstack-usage -MMD -MP -MF"Drivers/STM32F0xx_HAL_Driver/Src/stm32f0xx_hal_cortex.d" -MT"Drivers/STM32F0xx_HAL_Driver/Src/stm32f0xx_hal_cortex.o" --specs=nano.specs -mfloat-abi=soft -mthumb -o "Drivers/STM32F0xx_HAL_Driver/Src/stm32f0xx_hal_cortex.o"
arm-none-eabi-gcc "../Drivers/STM32F0xx_HAL_Driver/Src/stm32f0xx_hal_dma.c" -mcpu=cortex-m0 -std=gnu11 -g3 -DDEBUG -DUSE_HAL_DRIVER -DSTM32F051x8 -c -I../Core/Inc -I../Drivers/STM32F0xx_HAL_Driver/Inc -I../Drivers/STM32F0xx_HAL_Driver/Inc/Legacy -I../Drivers/CMSIS/Device/ST/STM32F0xx/Include -I../Drivers/CMSIS/Include -O0 -ffunction-sections -fdata-sections -Wall -fstack-usage -MMD -MP -MF"Drivers/STM32F0xx_HAL_Driver/Src/stm32f0xx_hal_dma.d" -MT"Drivers/STM32F0xx_HAL_Driver/Src/stm32f0xx_hal_dma.o" --specs=nano.specs -mfloat-abi=soft -mthumb -o "Drivers/STM32F0xx_HAL_Driver/Src/stm32f0xx_hal_dma.o"
arm-none-eabi-gcc "../Drivers/STM32F0xx_HAL_Driver/Src/stm32f0xx_hal_exti.c" -mcpu=cortex-m0 -std=gnu11 -g3 -DDEBUG -DUSE_HAL_DRIVER -DSTM32F051x8 -c -I../Core/Inc -I../Drivers/STM32F0xx_HAL_Driver/Inc -I../Drivers/STM32F0xx_HAL_Driver/Inc/Legacy -I../Drivers/CMSIS/Device/ST/STM32F0xx/Include -I../Drivers/CMSIS/Include -O0 -ffunction-sections -fdata-sections -Wall -fstack-usage -MMD -MP -MF"Drivers/STM32F0xx_HAL_Driver/Src/stm32f0xx_hal_exti.d" -MT"Drivers/STM32F0xx_HAL_Driver/Src/stm32f0xx_hal_exti.o" --specs=nano.specs -mfloat-abi=soft -mthumb -o "Drivers/STM32F0xx_HAL_Driver/Src/stm32f0xx_hal_exti.o"
arm-none-eabi-gcc "../Drivers/STM32F0xx_HAL_Driver/Src/stm32f0xx_hal_flash.c" -mcpu=cortex-m0 -std=gnu11 -g3 -DDEBUG -DUSE_HAL_DRIVER -DSTM32F051x8 -c -I../Core/Inc -I../Drivers/STM32F0xx_HAL_Driver/Inc -I../Drivers/STM32F0xx_HAL_Driver/Inc/Legacy -I../Drivers/CMSIS/Device/ST/STM32F0xx/Include -I../Drivers/CMSIS/Include -O0 -ffunction-sections -fdata-sections -Wall -fstack-usage -MMD -MP -MF"Drivers/STM32F0xx_HAL_Driver/Src/stm32f0xx_hal_flash.d" -MT"Drivers/STM32F0xx_HAL_Driver/Src/stm32f0xx_hal_flash.o" --specs=nano.specs -mfloat-abi=soft -mthumb -o "Drivers/STM32F0xx_HAL_Driver/Src/stm32f0xx_hal_flash.o"
arm-none-eabi-gcc "../Drivers/STM32F0xx_HAL_Driver/Src/stm32f0xx_hal_flash_ex.c" -mcpu=cortex-m0 -std=gnu11 -g3 -DDEBUG -DUSE_HAL_DRIVER -DSTM32F051x8 -c -I../Core/Inc -I../Drivers/STM32F0xx_HAL_Driver/Inc -I../Drivers/STM32F0xx_HAL_Driver/Inc/Legacy -I../Drivers/CMSIS/Device/ST/STM32F0xx/Include -I../Drivers/CMSIS/Include -O0 -ffunction-sections -fdata-sections -Wall -fstack-usage -MMD -MP -MF"Drivers/STM32F0xx_HAL_Driver/Src/stm32f0xx_hal_flash_ex.d" -MT"Drivers/STM32F0xx_HAL_Driver/Src/stm32f0xx_hal_flash_ex.o" --specs=nano.specs -mfloat-abi=soft -mthumb -o "Drivers/STM32F0xx_HAL_Driver/Src/stm32f0xx_hal_flash_ex.o"
arm-none-eabi-gcc "../Drivers/STM32F0xx_HAL_Driver/Src/stm32f0xx_hal_gpio.c" -mcpu=cortex-m0 -std=gnu11 -g3 -DDEBUG -DUSE_HAL_DRIVER -DSTM32F051x8 -c -I../Core/Inc -I../Drivers/STM32F0xx_HAL_Driver/Inc -I../Drivers/STM32F0xx_HAL_Driver/Inc/Legacy -I../Drivers/CMSIS/Device/ST/STM32F0xx/Include -I../Drivers/CMSIS/Include -O0 -ffunction-sections -fdata-sections -Wall -fstack-usage -MMD -MP -MF"Drivers/STM32F0xx_HAL_Driver/Src/stm32f0xx_hal_gpio.d" -MT"Drivers/STM32F0xx_HAL_Driver/Src/stm32f0xx_hal_gpio.o" --specs=nano.specs -mfloat-abi=soft -mthumb -o "Drivers/STM32F0xx_HAL_Driver/Src/stm32f0xx_hal_gpio.o"
arm-none-eabi-gcc "../Drivers/STM32F0xx_HAL_Driver/Src/stm32f0xx_hal_i2c.c" -mcpu=cortex-m0 -std=gnu11 -g3 -DDEBUG -DUSE_HAL_DRIVER -DSTM32F051x8 -c -I../Core/Inc -I../Drivers/STM32F0xx_HAL_Driver/Inc -I../Drivers/STM32F0xx_HAL_Driver/Inc/Legacy -I../Drivers/CMSIS/Device/ST/STM32F0xx/Include -I../Drivers/CMSIS/Include -O0 -ffunction-sections -fdata-sections -Wall -fstack-usage -MMD -MP -MF"Drivers/STM32F0xx_HAL_Driver/Src/stm32f0xx_hal_i2c.d" -MT"Drivers/STM32F0xx_HAL_Driver/Src/stm32f0xx_hal_i2c.o" --specs=nano.specs -mfloat-abi=soft -mthumb -o "Drivers/STM32F0xx_HAL_Driver/Src/stm32f0xx_hal_i2c.o"
arm-none-eabi-gcc "../Drivers/STM32F0xx_HAL_Driver/Src/stm32f0xx_hal_i2c_ex.c" -mcpu=cortex-m0 -std=gnu11 -g3 -DDEBUG -DUSE_HAL_DRIVER -DSTM32F051x8 -c -I../Core/Inc -I../Drivers/STM32F0xx_HAL_Driver/Inc -I../Drivers/STM32F0xx_HAL_Driver/Inc/Legacy -I../Drivers/CMSIS/Device/ST/STM32F0xx/Include -I../Drivers/CMSIS/Include -O0 -ffunction-sections -fdata-sections -Wall -fstack-usage -MMD -MP -MF"Drivers/STM32F0xx_HAL_Driver/Src/stm32f0xx_hal_i2c_ex.d" -MT"Drivers/STM32F0xx_HAL_Driver/Src/stm32f0xx_hal_i2c_ex.o" --specs=nano.specs -mfloat-abi=soft -mthumb -o "Drivers/STM32F0xx_HAL_Driver/Src/stm32f0xx_hal_i2c_ex.o"
arm-none-eabi-gcc "../Drivers/STM32F0xx_HAL_Driver/Src/stm32f0xx_hal_pwr.c" -mcpu=cortex-m0 -std=gnu11 -g3 -DDEBUG -DUSE_HAL_DRIVER -DSTM32F051x8 -c -I../Core/Inc -I../Drivers/STM32F0xx_HAL_Driver/Inc -I../Drivers/STM32F0xx_HAL_Driver/Inc/Legacy -I../Drivers/CMSIS/Device/ST/STM32F0xx/Include -I../Drivers/CMSIS/Include -O0 -ffunction-sections -fdata-sections -Wall -fstack-usage -MMD -MP -MF"Drivers/STM32F0xx_HAL_Driver/Src/stm32f0xx_hal_pwr.d" -MT"Drivers/STM32F0xx_HAL_Driver/Src/stm32f0xx_hal_pwr.o" --specs=nano.specs -mfloat-abi=soft -mthumb -o "Drivers/STM32F0xx_HAL_Driver/Src/stm32f0xx_hal_pwr.o"
arm-none-eabi-gcc "../Drivers/STM32F0xx_HAL_Driver/Src/stm32f0xx_hal_pwr_ex.c" -mcpu=cortex-m0 -std=gnu11 -g3 -DDEBUG -DUSE_HAL_DRIVER -DSTM32F051x8 -c -I../Core/Inc -I../Drivers/STM32F0xx_HAL_Driver/Inc -I../Drivers/STM32F0xx_HAL_Driver/Inc/Legacy -I../Drivers/CMSIS/Device/ST/STM32F0xx/Include -I../Drivers/CMSIS/Include -O0 -ffunction-sections -fdata-sections -Wall -fstack-usage -MMD -MP -MF"Drivers/STM32F0xx_HAL_Driver/Src/stm32f0xx_hal_pwr_ex.d" -MT"Drivers/STM32F0xx_HAL_Driver/Src/stm32f0xx_hal_pwr_ex.o" --specs=nano.specs -mfloat-abi=soft -mthumb -o "Drivers/STM32F0xx_HAL_Driver/Src/stm32f0xx_hal_pwr_ex.o"
arm-none-eabi-gcc "../Drivers/STM32F0xx_HAL_Driver/Src/stm32f0xx_hal_rcc.c" -mcpu=cortex-m0 -std=gnu11 -g3 -DDEBUG -DUSE_HAL_DRIVER -DSTM32F051x8 -c -I../Core/Inc -I../Drivers/STM32F0xx_HAL_Driver/Inc -I../Drivers/STM32F0xx_HAL_Driver/Inc/Legacy -I../Drivers/CMSIS/Device/ST/STM32F0xx/Include -I../Drivers/CMSIS/Include -O0 -ffunction-sections -fdata-sections -Wall -fstack-usage -MMD -MP -MF"Drivers/STM32F0xx_HAL_Driver/Src/stm32f0xx_hal_rcc.d" -MT"Drivers/STM32F0xx_HAL_Driver/Src/stm32f0xx_hal_rcc.o" --specs=nano.specs -mfloat-abi=soft -mthumb -o "Drivers/STM32F0xx_HAL_Driver/Src/stm32f0xx_hal_rcc.o"
arm-none-eabi-gcc "../Drivers/STM32F0xx_HAL_Driver/Src/stm32f0xx_hal_rcc_ex.c" -mcpu=cortex-m0 -std=gnu11 -g3 -DDEBUG -DUSE_HAL_DRIVER -DSTM32F051x8 -c -I../Core/Inc -I../Drivers/STM32F0xx_HAL_Driver/Inc -I../Drivers/STM32F0xx_HAL_Driver/Inc/Legacy -I../Drivers/CMSIS/Device/ST/STM32F0xx/Include -I../Drivers/CMSIS/Include -O0 -ffunction-sections -fdata-sections -Wall -fstack-usage -MMD -MP -MF"Drivers/STM32F0xx_HAL_Driver/Src/stm32f0xx_hal_rcc_ex.d" -MT"Drivers/STM32F0xx_HAL_Driver/Src/stm32f0xx_hal_rcc_ex.o" --specs=nano.specs -mfloat-abi=soft -mthumb -o "Drivers/STM32F0xx_HAL_Driver/Src/stm32f0xx_hal_rcc_ex.o"
arm-none-eabi-gcc "../Drivers/STM32F0xx_HAL_Driver/Src/stm32f0xx_hal_spi.c" -mcpu=cortex-m0 -std=gnu11 -g3 -DDEBUG -DUSE_HAL_DRIVER -DSTM32F051x8 -c -I../Core/Inc -I../Drivers/STM32F0xx_HAL_Driver/Inc -I../Drivers/STM32F0xx_HAL_Driver/Inc/Legacy -I../Drivers/CMSIS/Device/ST/STM32F0xx/Include -I../Drivers/CMSIS/Include -O0 -ffunction-sections -fdata-sections -Wall -fstack-usage -MMD -MP -MF"Drivers/STM32F0xx_HAL_Driver/Src/stm32f0xx_hal_spi.d" -MT"Drivers/STM32F0xx_HAL_Driver/Src/stm32f0xx_hal_spi.o" --specs=nano.specs -mfloat-abi=soft -mthumb -o "Drivers/STM32F0xx_HAL_Driver/Src/stm32f0xx_hal_spi.o"
arm-none-eabi-gcc "../Drivers/STM32F0xx_HAL_Driver/Src/stm32f0xx_hal_spi_ex.c" -mcpu=cortex-m0 -std=gnu11 -g3 -DDEBUG -DUSE_HAL_DRIVER -DSTM32F051x8 -c -I../Core/Inc -I../Drivers/STM32F0xx_HAL_Driver/Inc -I../Drivers/STM32F0xx_HAL_Driver/Inc/Legacy -I../Drivers/CMSIS/Device/ST/STM32F0xx/Include -I../Drivers/CMSIS/Include -O0 -ffunction-sections -fdata-sections -Wall -fstack-usage -MMD -MP -MF"Drivers/STM32F0xx_HAL_Driver/Src/stm32f0xx_hal_spi_ex.d" -MT"Drivers/STM32F0xx_HAL_Driver/Src/stm32f0xx_hal_spi_ex.o" --specs=nano.specs -mfloat-abi=soft -mthumb -o "Drivers/STM32F0xx_HAL_Driver/Src/stm32f0xx_hal_spi_ex.o"
arm-none-eabi-gcc "../Drivers/STM32F0xx_HAL_Driver/Src/stm32f0xx_hal_tim.c" -mcpu=cortex-m0 -std=gnu11 -g3 -DDEBUG -DUSE_HAL_DRIVER -DSTM32F051x8 -c -I../Core/Inc -I../Drivers/STM32F0xx_HAL_Driver/Inc -I../Drivers/STM32F0xx_HAL_Driver/Inc/Legacy -I../Drivers/CMSIS/Device/ST/STM32F0xx/Include -I../Drivers/CMSIS/Include -O0 -ffunction-sections -fdata-sections -Wall -fstack-usage -MMD -MP -MF"Drivers/STM32F0xx_HAL_Driver/Src/stm32f0xx_hal_tim.d" -MT"Drivers/STM32F0xx_HAL_Driver/Src/stm32f0xx_hal_tim.o" --specs=nano.specs -mfloat-abi=soft -mthumb -o "Drivers/STM32F0xx_HAL_Driver/Src/stm32f0xx_hal_tim.o"
arm-none-eabi-gcc "../Drivers/STM32F0xx_HAL_Driver/Src/stm32f0xx_hal_tim_ex.c" -mcpu=cortex-m0 -std=gnu11 -g3 -DDEBUG -DUSE_HAL_DRIVER -DSTM32F051x8 -c -I../Core/Inc -I../Drivers/STM32F0xx_HAL_Driver/Inc -I../Drivers/STM32F0xx_HAL_Driver/Inc/Legacy -I../Drivers/CMSIS/Device/ST/STM32F0xx/Include -I../Drivers/CMSIS/Include -O0 -ffunction-sections -fdata-sections -Wall -fstack-usage -MMD -MP -MF"Drivers/STM32F0xx_HAL_Driver/Src/stm32f0xx_hal_tim_ex.d" -MT"Drivers/STM32F0xx_HAL_Driver/Src/stm32f0xx_hal_tim_ex.o" --specs=nano.specs -mfloat-abi=soft -mthumb -o "Drivers/STM32F0xx_HAL_Driver/Src/stm32f0xx_hal_tim_ex.o"
arm-none-eabi-gcc "../Drivers/STM32F0xx_HAL_Driver/Src/stm32f0xx_hal_uart.c" -mcpu=cortex-m0 -std=gnu11 -g3 -DDEBUG -DUSE_HAL_DRIVER -DSTM32F051x8 -c -I../Core/Inc -I../Drivers/STM32F0xx_HAL_Driver/Inc -I../Drivers/STM32F0xx_HAL_Driver/Inc/Legacy -I../Drivers/CMSIS/Device/ST/STM32F0xx/Include -I../Drivers/CMSIS/Include -O0 -ffunction-sections -fdata-sections -Wall -fstack-usage -MMD -MP -MF"Drivers/STM32F0xx_HAL_Driver/Src/stm32f0xx_hal_uart.d" -MT"Drivers/STM32F0xx_HAL_Driver/Src/stm32f0xx_hal_uart.o" --specs=nano.specs -mfloat-abi=soft -mthumb -o "Drivers/STM32F0xx_HAL_Driver/Src/stm32f0xx_hal_uart.o"
arm-none-eabi-gcc "../Drivers/STM32F0xx_HAL_Driver/Src/stm32f0xx_hal_uart_ex.c" -mcpu=cortex-m0 -std=gnu11 -g3 -DDEBUG -DUSE_HAL_DRIVER -DSTM32F051x8 -c -I../Core/Inc -I../Drivers/STM32F0xx_HAL_Driver/Inc -I../Drivers/STM32F0xx_HAL_Driver/Inc/Legacy -I../Drivers/CMSIS/Device/ST/STM32F0xx/Include -I../Drivers/CMSIS/Include -O0 -ffunction-sections -fdata-sections -Wall -fstack-usage -MMD -MP -MF"Drivers/STM32F0xx_HAL_Driver/Src/stm32f0xx_hal_uart_ex.d" -MT"Drivers/STM32F0xx_HAL_Driver/Src/stm32f0xx_hal_uart_ex.o" --specs=nano.specs -mfloat-abi=soft -mthumb -o "Drivers/STM32F0xx_HAL_Driver/Src/stm32f0xx_hal_uart_ex.o"
arm-none-eabi-gcc -mcpu=cortex-m0 -g3 -DDEBUG -c -x assembler-with-cpp -MMD -MP -MF"Core/Startup/startup_stm32f051r8tx.d" -MT"Core/Startup/startup_stm32f051r8tx.o" --specs=nano.specs -mfloat-abi=soft -mthumb -o "Core/Startup/startup_stm32f051r8tx.o" "../Core/Startup/startup_stm32f051r8tx.s"
arm-none-eabi-gcc "../Core/Src/main.c" -mcpu=cortex-m0 -std=gnu11 -g3 -DDEBUG -DUSE_HAL_DRIVER -DSTM32F051x8 -c -I../Core/Inc -I../Drivers/STM32F0xx_HAL_Driver/Inc -I../Drivers/STM32F0xx_HAL_Driver/Inc/Legacy -I../Drivers/CMSIS/Device/ST/STM32F0xx/Include -I../Drivers/CMSIS/Include -O0 -ffunction-sections -fdata-sections -Wall -fstack-usage -MMD -MP -MF"Core/Src/main.d" -MT"Core/Src/main.o" --specs=nano.specs -mfloat-abi=soft -mthumb -o "Core/Src/main.o"
arm-none-eabi-gcc "../Core/Src/stm32f0xx_hal_msp.c" -mcpu=cortex-m0 -std=gnu11 -g3 -DDEBUG -DUSE_HAL_DRIVER -DSTM32F051x8 -c -I../Core/Inc -I../Drivers/STM32F0xx_HAL_Driver/Inc -I../Drivers/STM32F0xx_HAL_Driver/Inc/Legacy -I../Drivers/CMSIS/Device/ST/STM32F0xx/Include -I../Drivers/CMSIS/Include -O0 -ffunction-sections -fdata-sections -Wall -fstack-usage -MMD -MP -MF"Core/Src/stm32f0xx_hal_msp.d" -MT"Core/Src/stm32f0xx_hal_msp.o" --specs=nano.specs -mfloat-abi=soft -mthumb -o "Core/Src/stm32f0xx_hal_msp.o"
arm-none-eabi-gcc "../Core/Src/stm32f0xx_it.c" -mcpu=cortex-m0 -std=gnu11 -g3 -DDEBUG -DUSE_HAL_DRIVER -DSTM32F051x8 -c -I../Core/Inc -I../Drivers/STM32F0xx_HAL_Driver/Inc -I../Drivers/STM32F0xx_HAL_Driver/Inc/Legacy -I../Drivers/CMSIS/Device/ST/STM32F0xx/Include -I../Drivers/CMSIS/Include -O0 -ffunction-sections -fdata-sections -Wall -fstack-usage -MMD -MP -MF"Core/Src/stm32f0xx_it.d" -MT"Core/Src/stm32f0xx_it.o" --specs=nano.specs -mfloat-abi=soft -mthumb -o "Core/Src/stm32f0xx_it.o"
arm-none-eabi-gcc "../Core/Src/syscalls.c" -mcpu=cortex-m0 -std=gnu11 -g3 -DDEBUG -DUSE_HAL_DRIVER -DSTM32F051x8 -c -I../Core/Inc -I../Drivers/STM32F0xx_HAL_Driver/Inc -I../Drivers/STM32F0xx_HAL_Driver/Inc/Legacy -I../Drivers/CMSIS/Device/ST/STM32F0xx/Include -I../Drivers/CMSIS/Include -O0 -ffunction-sections -fdata-sections -Wall -fstack-usage -MMD -MP -MF"Core/Src/syscalls.d" -MT"Core/Src/syscalls.o" --specs=nano.specs -mfloat-abi=soft -mthumb -o "Core/Src/syscalls.o"
arm-none-eabi-gcc "../Core/Src/sysmem.c" -mcpu=cortex-m0 -std=gnu11 -g3 -DDEBUG -DUSE_HAL_DRIVER -DSTM32F051x8 -c -I../Core/Inc -I../Drivers/STM32F0xx_HAL_Driver/Inc -I../Drivers/STM32F0xx_HAL_Driver/Inc/Legacy -I../Drivers/CMSIS/Device/ST/STM32F0xx/Include -I../Drivers/CMSIS/Include -O0 -ffunction-sections -fdata-sections -Wall -fstack-usage -MMD -MP -MF"Core/Src/sysmem.d" -MT"Core/Src/sysmem.o" --specs=nano.specs -mfloat-abi=soft -mthumb -o "Core/Src/sysmem.o"
arm-none-eabi-gcc "../Core/Src/system_stm32f0xx.c" -mcpu=cortex-m0 -std=gnu11 -g3 -DDEBUG -DUSE_HAL_DRIVER -DSTM32F051x8 -c -I../Core/Inc -I../Drivers/STM32F0xx_HAL_Driver/Inc -I../Drivers/STM32F0xx_HAL_Driver/Inc/Legacy -I../Drivers/CMSIS/Device/ST/STM32F0xx/Include -I../Drivers/CMSIS/Include -O0 -ffunction-sections -fdata-sections -Wall -fstack-usage -MMD -MP -MF"Core/Src/system_stm32f0xx.d" -MT"Core/Src/system_stm32f0xx.o" --specs=nano.specs -mfloat-abi=soft -mthumb -o "Core/Src/system_stm32f0xx.o"
In file included from ../Core/Src/main.c:27:
../Core/Inc/icm20948.h:13:10: fatal error: spi.h: No such file or directory
   13 | #include "spi.h"   // header from stm32cubemx code generate
      |          ^~~~~~~
compilation terminated.
make: *** [Core/Src/subdir.mk:34: Core/Src/main.o] Error 1
make: *** Waiting for unfinished jobs....
"make -j16 all" terminated with exit code 2. Build might be incomplete.
14:44:29 **** Incremental Build of configuration Debug for project IMUData ****
make -j16 all 
arm-none-eabi-gcc "../Core/Src/main.c" -mcpu=cortex-m0 -std=gnu11 -g3 -DDEBUG -DUSE_HAL_DRIVER -DSTM32F051x8 -c -I../Core/Inc -I../Drivers/STM32F0xx_HAL_Driver/Inc -I../Drivers/STM32F0xx_HAL_Driver/Inc/Legacy -I../Drivers/CMSIS/Device/ST/STM32F0xx/Include -I../Drivers/CMSIS/Include -O0 -ffunction-sections -fdata-sections -Wall -fstack-usage -MMD -MP -MF"Core/Src/main.d" -MT"Core/Src/main.o" --specs=nano.specs -mfloat-abi=soft -mthumb -o "Core/Src/main.o"
../Core/Src/main.c: In function 'main':
../Core/Src/main.c:194:8: warning: unused variable 'buf102' [-Wunused-variable]
  194 |   char buf102[256];
      |        ^~~~~~
../Core/Src/main.c:192:8: warning: unused variable 'buf' [-Wunused-variable]
  192 |   char buf[1000];
      |        ^~~
arm-none-eabi-gcc -o "IMUData.elf" @"objects.list"   -mcpu=cortex-m0 -T"C:\Users\sthab\Documents\EEE3097S\eee3097s-project-2022\IMU\IMUData\STM32F051R8TX_FLASH.ld" --specs=nosys.specs -Wl,-Map="IMUData.map" -Wl,--gc-sections -static --specs=nano.specs -mfloat-abi=soft -mthumb -u _printf_float -u _scanf_float -Wl,--start-group -lc -lm -Wl,--end-group
Finished building target: IMUData.elf
 
arm-none-eabi-size   IMUData.elf 
arm-none-eabi-objdump -h -S  IMUData.elf  > "IMUData.list"
   text	   data	    bss	    dec	    hex	filename
  46400	    488	   1864	  48752	   be70	IMUData.elf
Finished building: default.size.stdout
 
Finished building: IMUData.list
 
14:45:52 **** Incremental Build of configuration Debug for project IMUData ****
make -j16 all 
arm-none-eabi-size   IMUData.elf 
   text	   data	    bss	    dec	    hex	filename
  46400	    488	   1864	  48752	   be70	IMUData.elf
Finished building: default.size.stdout
 
14:45:53 **** Incremental Build of configuration Debug for project IMUData ****
make -j16 all 
arm-none-eabi-size   IMUData.elf 
   text	   data	    bss	    dec	    hex	filename
  46400	    488	   1864	  48752	   be70	IMUData.elf
Finished building: default.size.stdout
 
14:55:26 **** Incremental Build of configuration Debug for project IMUData ****
make -j16 all 
arm-none-eabi-gcc "../Core/Src/main.c" -mcpu=cortex-m0 -std=gnu11 -g3 -DDEBUG -DUSE_HAL_DRIVER -DSTM32F051x8 -c -I../Core/Inc -I../Drivers/STM32F0xx_HAL_Driver/Inc -I../Drivers/STM32F0xx_HAL_Driver/Inc/Legacy -I../Drivers/CMSIS/Device/ST/STM32F0xx/Include -I../Drivers/CMSIS/Include -O0 -ffunction-sections -fdata-sections -Wall -fstack-usage -MMD -MP -MF"Core/Src/main.d" -MT"Core/Src/main.o" --specs=nano.specs -mfloat-abi=soft -mthumb -o "Core/Src/main.o"
../Core/Src/main.c: In function 'main':
../Core/Src/main.c:194:8: warning: unused variable 'buf102' [-Wunused-variable]
  194 |   char buf102[256];
      |        ^~~~~~
../Core/Src/main.c:192:8: warning: unused variable 'buf' [-Wunused-variable]
  192 |   char buf[1000];
      |        ^~~
arm-none-eabi-gcc -o "IMUData.elf" @"objects.list"   -mcpu=cortex-m0 -T"C:\Users\sthab\Documents\EEE3097S\eee3097s-project-2022\IMU\IMUData\STM32F051R8TX_FLASH.ld" --specs=nosys.specs -Wl,-Map="IMUData.map" -Wl,--gc-sections -static --specs=nano.specs -mfloat-abi=soft -mthumb -u _printf_float -u _scanf_float -Wl,--start-group -lc -lm -Wl,--end-group
Finished building target: IMUData.elf
 
arm-none-eabi-size   IMUData.elf 
arm-none-eabi-objdump -h -S  IMUData.elf  > "IMUData.list"
   text	   data	    bss	    dec	    hex	filename
  46484	    488	   1864	  48836	   bec4	IMUData.elf
Finished building: default.size.stdout
 
Finished building: IMUData.list
 
14:55:32 **** Incremental Build of configuration Debug for project IMUData ****
make -j16 all 
arm-none-eabi-size   IMUData.elf 
   text	   data	    bss	    dec	    hex	filename
  46484	    488	   1864	  48836	   bec4	IMUData.elf
Finished building: default.size.stdout
 
14:56:50 **** Incremental Build of configuration Debug for project IMUData ****
make -j16 all 
arm-none-eabi-gcc "../Core/Src/main.c" -mcpu=cortex-m0 -std=gnu11 -g3 -DDEBUG -DUSE_HAL_DRIVER -DSTM32F051x8 -c -I../Core/Inc -I../Drivers/STM32F0xx_HAL_Driver/Inc -I../Drivers/STM32F0xx_HAL_Driver/Inc/Legacy -I../Drivers/CMSIS/Device/ST/STM32F0xx/Include -I../Drivers/CMSIS/Include -O0 -ffunction-sections -fdata-sections -Wall -fstack-usage -MMD -MP -MF"Core/Src/main.d" -MT"Core/Src/main.o" --specs=nano.specs -mfloat-abi=soft -mthumb -o "Core/Src/main.o"
../Core/Src/main.c: In function 'main':
../Core/Src/main.c:194:8: warning: unused variable 'buf102' [-Wunused-variable]
  194 |   char buf102[256];
      |        ^~~~~~
../Core/Src/main.c:192:8: warning: unused variable 'buf' [-Wunused-variable]
  192 |   char buf[1000];
      |        ^~~
arm-none-eabi-gcc -o "IMUData.elf" @"objects.list"   -mcpu=cortex-m0 -T"C:\Users\sthab\Documents\EEE3097S\eee3097s-project-2022\IMU\IMUData\STM32F051R8TX_FLASH.ld" --specs=nosys.specs -Wl,-Map="IMUData.map" -Wl,--gc-sections -static --specs=nano.specs -mfloat-abi=soft -mthumb -u _printf_float -u _scanf_float -Wl,--start-group -lc -lm -Wl,--end-group
Finished building target: IMUData.elf
 
arm-none-eabi-size   IMUData.elf 
arm-none-eabi-objdump -h -S  IMUData.elf  > "IMUData.list"
   text	   data	    bss	    dec	    hex	filename
  46544	    488	   1864	  48896	   bf00	IMUData.elf
Finished building: default.size.stdout
 
Finished building: IMUData.list
 
14:56:56 **** Incremental Build of configuration Debug for project IMUData ****
make -j16 all 
arm-none-eabi-size   IMUData.elf 
   text	   data	    bss	    dec	    hex	filename
  46544	    488	   1864	  48896	   bf00	IMUData.elf
Finished building: default.size.stdout
 
14:57:37 **** Incremental Build of configuration Debug for project IMUData ****
make -j16 all 
arm-none-eabi-gcc "../Core/Src/main.c" -mcpu=cortex-m0 -std=gnu11 -g3 -DDEBUG -DUSE_HAL_DRIVER -DSTM32F051x8 -c -I../Core/Inc -I../Drivers/STM32F0xx_HAL_Driver/Inc -I../Drivers/STM32F0xx_HAL_Driver/Inc/Legacy -I../Drivers/CMSIS/Device/ST/STM32F0xx/Include -I../Drivers/CMSIS/Include -O0 -ffunction-sections -fdata-sections -Wall -fstack-usage -MMD -MP -MF"Core/Src/main.d" -MT"Core/Src/main.o" --specs=nano.specs -mfloat-abi=soft -mthumb -o "Core/Src/main.o"
../Core/Src/main.c: In function 'main':
../Core/Src/main.c:194:8: warning: unused variable 'buf102' [-Wunused-variable]
  194 |   char buf102[256];
      |        ^~~~~~
../Core/Src/main.c:192:8: warning: unused variable 'buf' [-Wunused-variable]
  192 |   char buf[1000];
      |        ^~~
arm-none-eabi-gcc -o "IMUData.elf" @"objects.list"   -mcpu=cortex-m0 -T"C:\Users\sthab\Documents\EEE3097S\eee3097s-project-2022\IMU\IMUData\STM32F051R8TX_FLASH.ld" --specs=nosys.specs -Wl,-Map="IMUData.map" -Wl,--gc-sections -static --specs=nano.specs -mfloat-abi=soft -mthumb -u _printf_float -u _scanf_float -Wl,--start-group -lc -lm -Wl,--end-group
Finished building target: IMUData.elf
 
arm-none-eabi-size   IMUData.elf 
arm-none-eabi-objdump -h -S  IMUData.elf  > "IMUData.list"
   text	   data	    bss	    dec	    hex	filename
  46544	    488	   1864	  48896	   bf00	IMUData.elf
Finished building: default.size.stdout
 
Finished building: IMUData.list
 
14:57:42 **** Incremental Build of configuration Debug for project IMUData ****
make -j16 all 
arm-none-eabi-size   IMUData.elf 
   text	   data	    bss	    dec	    hex	filename
  46544	    488	   1864	  48896	   bf00	IMUData.elf
Finished building: default.size.stdout
 
14:57:53 **** Incremental Build of configuration Debug for project IMUData ****
make -j16 all 
arm-none-eabi-size   IMUData.elf 
   text	   data	    bss	    dec	    hex	filename
  46544	    488	   1864	  48896	   bf00	IMUData.elf
Finished building: default.size.stdout
 
14:58:50 **** Incremental Build of configuration Debug for project IMUData ****
make -j16 all 
arm-none-eabi-gcc "../Core/Src/main.c" -mcpu=cortex-m0 -std=gnu11 -g3 -DDEBUG -DUSE_HAL_DRIVER -DSTM32F051x8 -c -I../Core/Inc -I../Drivers/STM32F0xx_HAL_Driver/Inc -I../Drivers/STM32F0xx_HAL_Driver/Inc/Legacy -I../Drivers/CMSIS/Device/ST/STM32F0xx/Include -I../Drivers/CMSIS/Include -O0 -ffunction-sections -fdata-sections -Wall -fstack-usage -MMD -MP -MF"Core/Src/main.d" -MT"Core/Src/main.o" --specs=nano.specs -mfloat-abi=soft -mthumb -o "Core/Src/main.o"
../Core/Src/main.c: In function 'main':
../Core/Src/main.c:194:8: warning: unused variable 'buf102' [-Wunused-variable]
  194 |   char buf102[256];
      |        ^~~~~~
../Core/Src/main.c:192:8: warning: unused variable 'buf' [-Wunused-variable]
  192 |   char buf[1000];
      |        ^~~
arm-none-eabi-gcc -o "IMUData.elf" @"objects.list"   -mcpu=cortex-m0 -T"C:\Users\sthab\Documents\EEE3097S\eee3097s-project-2022\IMU\IMUData\STM32F051R8TX_FLASH.ld" --specs=nosys.specs -Wl,-Map="IMUData.map" -Wl,--gc-sections -static --specs=nano.specs -mfloat-abi=soft -mthumb -u _printf_float -u _scanf_float -Wl,--start-group -lc -lm -Wl,--end-group
Finished building target: IMUData.elf
 
arm-none-eabi-size   IMUData.elf 
arm-none-eabi-objdump -h -S  IMUData.elf  > "IMUData.list"
   text	   data	    bss	    dec	    hex	filename
  46548	    488	   1864	  48900	   bf04	IMUData.elf
Finished building: default.size.stdout
 
Finished building: IMUData.list
 
14:58:55 **** Incremental Build of configuration Debug for project IMUData ****
make -j16 all 
arm-none-eabi-size   IMUData.elf 
   text	   data	    bss	    dec	    hex	filename
  46548	    488	   1864	  48900	   bf04	IMUData.elf
Finished building: default.size.stdout
 
15:00:15 **** Incremental Build of configuration Debug for project IMUData ****
make -j16 all 
arm-none-eabi-gcc "../Core/Src/main.c" -mcpu=cortex-m0 -std=gnu11 -g3 -DDEBUG -DUSE_HAL_DRIVER -DSTM32F051x8 -c -I../Core/Inc -I../Drivers/STM32F0xx_HAL_Driver/Inc -I../Drivers/STM32F0xx_HAL_Driver/Inc/Legacy -I../Drivers/CMSIS/Device/ST/STM32F0xx/Include -I../Drivers/CMSIS/Include -O0 -ffunction-sections -fdata-sections -Wall -fstack-usage -MMD -MP -MF"Core/Src/main.d" -MT"Core/Src/main.o" --specs=nano.specs -mfloat-abi=soft -mthumb -o "Core/Src/main.o"
../Core/Src/main.c: In function 'main':
../Core/Src/main.c:194:8: warning: unused variable 'buf102' [-Wunused-variable]
  194 |   char buf102[256];
      |        ^~~~~~
../Core/Src/main.c:192:8: warning: unused variable 'buf' [-Wunused-variable]
  192 |   char buf[1000];
      |        ^~~
arm-none-eabi-gcc -o "IMUData.elf" @"objects.list"   -mcpu=cortex-m0 -T"C:\Users\sthab\Documents\EEE3097S\eee3097s-project-2022\IMU\IMUData\STM32F051R8TX_FLASH.ld" --specs=nosys.specs -Wl,-Map="IMUData.map" -Wl,--gc-sections -static --specs=nano.specs -mfloat-abi=soft -mthumb -u _printf_float -u _scanf_float -Wl,--start-group -lc -lm -Wl,--end-group
Finished building target: IMUData.elf
 
arm-none-eabi-size   IMUData.elf 
arm-none-eabi-objdump -h -S  IMUData.elf  > "IMUData.list"
   text	   data	    bss	    dec	    hex	filename
  46580	    488	   1864	  48932	   bf24	IMUData.elf
Finished building: default.size.stdout
 
Finished building: IMUData.list
 
15:00:56 **** Incremental Build of configuration Debug for project IMUData ****
make -j16 all 
arm-none-eabi-gcc "../Core/Src/main.c" -mcpu=cortex-m0 -std=gnu11 -g3 -DDEBUG -DUSE_HAL_DRIVER -DSTM32F051x8 -c -I../Core/Inc -I../Drivers/STM32F0xx_HAL_Driver/Inc -I../Drivers/STM32F0xx_HAL_Driver/Inc/Legacy -I../Drivers/CMSIS/Device/ST/STM32F0xx/Include -I../Drivers/CMSIS/Include -O0 -ffunction-sections -fdata-sections -Wall -fstack-usage -MMD -MP -MF"Core/Src/main.d" -MT"Core/Src/main.o" --specs=nano.specs -mfloat-abi=soft -mthumb -o "Core/Src/main.o"
../Core/Src/main.c: In function 'main':
../Core/Src/main.c:194:8: warning: unused variable 'buf102' [-Wunused-variable]
  194 |   char buf102[256];
      |        ^~~~~~
../Core/Src/main.c:192:8: warning: unused variable 'buf' [-Wunused-variable]
  192 |   char buf[1000];
      |        ^~~
arm-none-eabi-gcc -o "IMUData.elf" @"objects.list"   -mcpu=cortex-m0 -T"C:\Users\sthab\Documents\EEE3097S\eee3097s-project-2022\IMU\IMUData\STM32F051R8TX_FLASH.ld" --specs=nosys.specs -Wl,-Map="IMUData.map" -Wl,--gc-sections -static --specs=nano.specs -mfloat-abi=soft -mthumb -u _printf_float -u _scanf_float -Wl,--start-group -lc -lm -Wl,--end-group
Finished building target: IMUData.elf
 
arm-none-eabi-size   IMUData.elf 
arm-none-eabi-objdump -h -S  IMUData.elf  > "IMUData.list"
   text	   data	    bss	    dec	    hex	filename
  46588	    488	   1864	  48940	   bf2c	IMUData.elf
Finished building: default.size.stdout
 
Finished building: IMUData.list
 
15:01:03 **** Incremental Build of configuration Debug for project IMUData ****
make -j16 all 
arm-none-eabi-size   IMUData.elf 
   text	   data	    bss	    dec	    hex	filename
  46588	    488	   1864	  48940	   bf2c	IMUData.elf
Finished building: default.size.stdout
 
15:01:56 **** Incremental Build of configuration Debug for project IMUData ****
make -j16 all 
arm-none-eabi-gcc "../Core/Src/main.c" -mcpu=cortex-m0 -std=gnu11 -g3 -DDEBUG -DUSE_HAL_DRIVER -DSTM32F051x8 -c -I../Core/Inc -I../Drivers/STM32F0xx_HAL_Driver/Inc -I../Drivers/STM32F0xx_HAL_Driver/Inc/Legacy -I../Drivers/CMSIS/Device/ST/STM32F0xx/Include -I../Drivers/CMSIS/Include -O0 -ffunction-sections -fdata-sections -Wall -fstack-usage -MMD -MP -MF"Core/Src/main.d" -MT"Core/Src/main.o" --specs=nano.specs -mfloat-abi=soft -mthumb -o "Core/Src/main.o"
../Core/Src/main.c: In function 'main':
../Core/Src/main.c:194:8: warning: unused variable 'buf102' [-Wunused-variable]
  194 |   char buf102[256];
      |        ^~~~~~
../Core/Src/main.c:192:8: warning: unused variable 'buf' [-Wunused-variable]
  192 |   char buf[1000];
      |        ^~~
arm-none-eabi-gcc -o "IMUData.elf" @"objects.list"   -mcpu=cortex-m0 -T"C:\Users\sthab\Documents\EEE3097S\eee3097s-project-2022\IMU\IMUData\STM32F051R8TX_FLASH.ld" --specs=nosys.specs -Wl,-Map="IMUData.map" -Wl,--gc-sections -static --specs=nano.specs -mfloat-abi=soft -mthumb -u _printf_float -u _scanf_float -Wl,--start-group -lc -lm -Wl,--end-group
Finished building target: IMUData.elf
 
arm-none-eabi-size   IMUData.elf 
arm-none-eabi-objdump -h -S  IMUData.elf  > "IMUData.list"
   text	   data	    bss	    dec	    hex	filename
  46588	    488	   1864	  48940	   bf2c	IMUData.elf
Finished building: default.size.stdout
 
Finished building: IMUData.list
 
15:02:02 **** Incremental Build of configuration Debug for project IMUData ****
make -j16 all 
arm-none-eabi-size   IMUData.elf 
   text	   data	    bss	    dec	    hex	filename
  46588	    488	   1864	  48940	   bf2c	IMUData.elf
Finished building: default.size.stdout
 
15:02:23 **** Incremental Build of configuration Debug for project IMUData ****
make -j16 all 
arm-none-eabi-gcc "../Core/Src/main.c" -mcpu=cortex-m0 -std=gnu11 -g3 -DDEBUG -DUSE_HAL_DRIVER -DSTM32F051x8 -c -I../Core/Inc -I../Drivers/STM32F0xx_HAL_Driver/Inc -I../Drivers/STM32F0xx_HAL_Driver/Inc/Legacy -I../Drivers/CMSIS/Device/ST/STM32F0xx/Include -I../Drivers/CMSIS/Include -O0 -ffunction-sections -fdata-sections -Wall -fstack-usage -MMD -MP -MF"Core/Src/main.d" -MT"Core/Src/main.o" --specs=nano.specs -mfloat-abi=soft -mthumb -o "Core/Src/main.o"
../Core/Src/main.c: In function 'main':
../Core/Src/main.c:194:8: warning: unused variable 'buf102' [-Wunused-variable]
  194 |   char buf102[256];
      |        ^~~~~~
../Core/Src/main.c:192:8: warning: unused variable 'buf' [-Wunused-variable]
  192 |   char buf[1000];
      |        ^~~
arm-none-eabi-gcc -o "IMUData.elf" @"objects.list"   -mcpu=cortex-m0 -T"C:\Users\sthab\Documents\EEE3097S\eee3097s-project-2022\IMU\IMUData\STM32F051R8TX_FLASH.ld" --specs=nosys.specs -Wl,-Map="IMUData.map" -Wl,--gc-sections -static --specs=nano.specs -mfloat-abi=soft -mthumb -u _printf_float -u _scanf_float -Wl,--start-group -lc -lm -Wl,--end-group
Finished building target: IMUData.elf
 
arm-none-eabi-size   IMUData.elf 
arm-none-eabi-objdump -h -S  IMUData.elf  > "IMUData.list"
   text	   data	    bss	    dec	    hex	filename
  46584	    488	   1864	  48936	   bf28	IMUData.elf
Finished building: default.size.stdout
 
Finished building: IMUData.list
 
15:02:30 **** Incremental Build of configuration Debug for project IMUData ****
make -j16 all 
arm-none-eabi-size   IMUData.elf 
   text	   data	    bss	    dec	    hex	filename
  46584	    488	   1864	  48936	   bf28	IMUData.elf
Finished building: default.size.stdout
 
15:03:11 **** Incremental Build of configuration Debug for project IMUData ****
make -j16 all 
arm-none-eabi-gcc "../Core/Src/main.c" -mcpu=cortex-m0 -std=gnu11 -g3 -DDEBUG -DUSE_HAL_DRIVER -DSTM32F051x8 -c -I../Core/Inc -I../Drivers/STM32F0xx_HAL_Driver/Inc -I../Drivers/STM32F0xx_HAL_Driver/Inc/Legacy -I../Drivers/CMSIS/Device/ST/STM32F0xx/Include -I../Drivers/CMSIS/Include -O0 -ffunction-sections -fdata-sections -Wall -fstack-usage -MMD -MP -MF"Core/Src/main.d" -MT"Core/Src/main.o" --specs=nano.specs -mfloat-abi=soft -mthumb -o "Core/Src/main.o"
../Core/Src/main.c: In function 'main':
../Core/Src/main.c:194:8: warning: unused variable 'buf102' [-Wunused-variable]
  194 |   char buf102[256];
      |        ^~~~~~
../Core/Src/main.c:192:8: warning: unused variable 'buf' [-Wunused-variable]
  192 |   char buf[1000];
      |        ^~~
arm-none-eabi-gcc -o "IMUData.elf" @"objects.list"   -mcpu=cortex-m0 -T"C:\Users\sthab\Documents\EEE3097S\eee3097s-project-2022\IMU\IMUData\STM32F051R8TX_FLASH.ld" --specs=nosys.specs -Wl,-Map="IMUData.map" -Wl,--gc-sections -static --specs=nano.specs -mfloat-abi=soft -mthumb -u _printf_float -u _scanf_float -Wl,--start-group -lc -lm -Wl,--end-group
Finished building target: IMUData.elf
 
arm-none-eabi-size   IMUData.elf 
arm-none-eabi-objdump -h -S  IMUData.elf  > "IMUData.list"
   text	   data	    bss	    dec	    hex	filename
  46592	    488	   1864	  48944	   bf30	IMUData.elf
Finished building: default.size.stdout
 
Finished building: IMUData.list
 
15:03:16 **** Incremental Build of configuration Debug for project IMUData ****
make -j16 all 
arm-none-eabi-size   IMUData.elf 
   text	   data	    bss	    dec	    hex	filename
  46592	    488	   1864	  48944	   bf30	IMUData.elf
Finished building: default.size.stdout
 
15:03:54 **** Incremental Build of configuration Debug for project IMUData ****
make -j16 all 
arm-none-eabi-gcc "../Core/Src/main.c" -mcpu=cortex-m0 -std=gnu11 -g3 -DDEBUG -DUSE_HAL_DRIVER -DSTM32F051x8 -c -I../Core/Inc -I../Drivers/STM32F0xx_HAL_Driver/Inc -I../Drivers/STM32F0xx_HAL_Driver/Inc/Legacy -I../Drivers/CMSIS/Device/ST/STM32F0xx/Include -I../Drivers/CMSIS/Include -O0 -ffunction-sections -fdata-sections -Wall -fstack-usage -MMD -MP -MF"Core/Src/main.d" -MT"Core/Src/main.o" --specs=nano.specs -mfloat-abi=soft -mthumb -o "Core/Src/main.o"
../Core/Src/main.c: In function 'main':
../Core/Src/main.c:194:8: warning: unused variable 'buf102' [-Wunused-variable]
  194 |   char buf102[256];
      |        ^~~~~~
../Core/Src/main.c:192:8: warning: unused variable 'buf' [-Wunused-variable]
  192 |   char buf[1000];
      |        ^~~
arm-none-eabi-gcc -o "IMUData.elf" @"objects.list"   -mcpu=cortex-m0 -T"C:\Users\sthab\Documents\EEE3097S\eee3097s-project-2022\IMU\IMUData\STM32F051R8TX_FLASH.ld" --specs=nosys.specs -Wl,-Map="IMUData.map" -Wl,--gc-sections -static --specs=nano.specs -mfloat-abi=soft -mthumb -u _printf_float -u _scanf_float -Wl,--start-group -lc -lm -Wl,--end-group
Finished building target: IMUData.elf
 
arm-none-eabi-size   IMUData.elf 
arm-none-eabi-objdump -h -S  IMUData.elf  > "IMUData.list"
   text	   data	    bss	    dec	    hex	filename
  46592	    488	   1864	  48944	   bf30	IMUData.elf
Finished building: default.size.stdout
 
Finished building: IMUData.list
 
15:03:59 **** Incremental Build of configuration Debug for project IMUData ****
make -j16 all 
arm-none-eabi-size   IMUData.elf 
   text	   data	    bss	    dec	    hex	filename
  46592	    488	   1864	  48944	   bf30	IMUData.elf
Finished building: default.size.stdout
 
10:56:20 **** Incremental Build of configuration Debug for project IMUData ****
make -j16 all 
arm-none-eabi-gcc "../Drivers/STM32F0xx_HAL_Driver/Src/stm32f0xx_hal.c" -mcpu=cortex-m0 -std=gnu11 -g3 -DDEBUG -DUSE_HAL_DRIVER -DSTM32F051x8 -c -I../Core/Inc -I../Drivers/STM32F0xx_HAL_Driver/Inc -I../Drivers/STM32F0xx_HAL_Driver/Inc/Legacy -I../Drivers/CMSIS/Device/ST/STM32F0xx/Include -I../Drivers/CMSIS/Include -O0 -ffunction-sections -fdata-sections -Wall -fstack-usage -MMD -MP -MF"Drivers/STM32F0xx_HAL_Driver/Src/stm32f0xx_hal.d" -MT"Drivers/STM32F0xx_HAL_Driver/Src/stm32f0xx_hal.o" --specs=nano.specs -mfloat-abi=soft -mthumb -o "Drivers/STM32F0xx_HAL_Driver/Src/stm32f0xx_hal.o"
arm-none-eabi-gcc "../Drivers/STM32F0xx_HAL_Driver/Src/stm32f0xx_hal_cortex.c" -mcpu=cortex-m0 -std=gnu11 -g3 -DDEBUG -DUSE_HAL_DRIVER -DSTM32F051x8 -c -I../Core/Inc -I../Drivers/STM32F0xx_HAL_Driver/Inc -I../Drivers/STM32F0xx_HAL_Driver/Inc/Legacy -I../Drivers/CMSIS/Device/ST/STM32F0xx/Include -I../Drivers/CMSIS/Include -O0 -ffunction-sections -fdata-sections -Wall -fstack-usage -MMD -MP -MF"Drivers/STM32F0xx_HAL_Driver/Src/stm32f0xx_hal_cortex.d" -MT"Drivers/STM32F0xx_HAL_Driver/Src/stm32f0xx_hal_cortex.o" --specs=nano.specs -mfloat-abi=soft -mthumb -o "Drivers/STM32F0xx_HAL_Driver/Src/stm32f0xx_hal_cortex.o"
arm-none-eabi-gcc "../Drivers/STM32F0xx_HAL_Driver/Src/stm32f0xx_hal_dma.c" -mcpu=cortex-m0 -std=gnu11 -g3 -DDEBUG -DUSE_HAL_DRIVER -DSTM32F051x8 -c -I../Core/Inc -I../Drivers/STM32F0xx_HAL_Driver/Inc -I../Drivers/STM32F0xx_HAL_Driver/Inc/Legacy -I../Drivers/CMSIS/Device/ST/STM32F0xx/Include -I../Drivers/CMSIS/Include -O0 -ffunction-sections -fdata-sections -Wall -fstack-usage -MMD -MP -MF"Drivers/STM32F0xx_HAL_Driver/Src/stm32f0xx_hal_dma.d" -MT"Drivers/STM32F0xx_HAL_Driver/Src/stm32f0xx_hal_dma.o" --specs=nano.specs -mfloat-abi=soft -mthumb -o "Drivers/STM32F0xx_HAL_Driver/Src/stm32f0xx_hal_dma.o"
arm-none-eabi-gcc "../Drivers/STM32F0xx_HAL_Driver/Src/stm32f0xx_hal_exti.c" -mcpu=cortex-m0 -std=gnu11 -g3 -DDEBUG -DUSE_HAL_DRIVER -DSTM32F051x8 -c -I../Core/Inc -I../Drivers/STM32F0xx_HAL_Driver/Inc -I../Drivers/STM32F0xx_HAL_Driver/Inc/Legacy -I../Drivers/CMSIS/Device/ST/STM32F0xx/Include -I../Drivers/CMSIS/Include -O0 -ffunction-sections -fdata-sections -Wall -fstack-usage -MMD -MP -MF"Drivers/STM32F0xx_HAL_Driver/Src/stm32f0xx_hal_exti.d" -MT"Drivers/STM32F0xx_HAL_Driver/Src/stm32f0xx_hal_exti.o" --specs=nano.specs -mfloat-abi=soft -mthumb -o "Drivers/STM32F0xx_HAL_Driver/Src/stm32f0xx_hal_exti.o"
arm-none-eabi-gcc "../Drivers/STM32F0xx_HAL_Driver/Src/stm32f0xx_hal_flash.c" -mcpu=cortex-m0 -std=gnu11 -g3 -DDEBUG -DUSE_HAL_DRIVER -DSTM32F051x8 -c -I../Core/Inc -I../Drivers/STM32F0xx_HAL_Driver/Inc -I../Drivers/STM32F0xx_HAL_Driver/Inc/Legacy -I../Drivers/CMSIS/Device/ST/STM32F0xx/Include -I../Drivers/CMSIS/Include -O0 -ffunction-sections -fdata-sections -Wall -fstack-usage -MMD -MP -MF"Drivers/STM32F0xx_HAL_Driver/Src/stm32f0xx_hal_flash.d" -MT"Drivers/STM32F0xx_HAL_Driver/Src/stm32f0xx_hal_flash.o" --specs=nano.specs -mfloat-abi=soft -mthumb -o "Drivers/STM32F0xx_HAL_Driver/Src/stm32f0xx_hal_flash.o"
arm-none-eabi-gcc "../Drivers/STM32F0xx_HAL_Driver/Src/stm32f0xx_hal_flash_ex.c" -mcpu=cortex-m0 -std=gnu11 -g3 -DDEBUG -DUSE_HAL_DRIVER -DSTM32F051x8 -c -I../Core/Inc -I../Drivers/STM32F0xx_HAL_Driver/Inc -I../Drivers/STM32F0xx_HAL_Driver/Inc/Legacy -I../Drivers/CMSIS/Device/ST/STM32F0xx/Include -I../Drivers/CMSIS/Include -O0 -ffunction-sections -fdata-sections -Wall -fstack-usage -MMD -MP -MF"Drivers/STM32F0xx_HAL_Driver/Src/stm32f0xx_hal_flash_ex.d" -MT"Drivers/STM32F0xx_HAL_Driver/Src/stm32f0xx_hal_flash_ex.o" --specs=nano.specs -mfloat-abi=soft -mthumb -o "Drivers/STM32F0xx_HAL_Driver/Src/stm32f0xx_hal_flash_ex.o"
arm-none-eabi-gcc "../Drivers/STM32F0xx_HAL_Driver/Src/stm32f0xx_hal_gpio.c" -mcpu=cortex-m0 -std=gnu11 -g3 -DDEBUG -DUSE_HAL_DRIVER -DSTM32F051x8 -c -I../Core/Inc -I../Drivers/STM32F0xx_HAL_Driver/Inc -I../Drivers/STM32F0xx_HAL_Driver/Inc/Legacy -I../Drivers/CMSIS/Device/ST/STM32F0xx/Include -I../Drivers/CMSIS/Include -O0 -ffunction-sections -fdata-sections -Wall -fstack-usage -MMD -MP -MF"Drivers/STM32F0xx_HAL_Driver/Src/stm32f0xx_hal_gpio.d" -MT"Drivers/STM32F0xx_HAL_Driver/Src/stm32f0xx_hal_gpio.o" --specs=nano.specs -mfloat-abi=soft -mthumb -o "Drivers/STM32F0xx_HAL_Driver/Src/stm32f0xx_hal_gpio.o"
arm-none-eabi-gcc "../Drivers/STM32F0xx_HAL_Driver/Src/stm32f0xx_hal_i2c.c" -mcpu=cortex-m0 -std=gnu11 -g3 -DDEBUG -DUSE_HAL_DRIVER -DSTM32F051x8 -c -I../Core/Inc -I../Drivers/STM32F0xx_HAL_Driver/Inc -I../Drivers/STM32F0xx_HAL_Driver/Inc/Legacy -I../Drivers/CMSIS/Device/ST/STM32F0xx/Include -I../Drivers/CMSIS/Include -O0 -ffunction-sections -fdata-sections -Wall -fstack-usage -MMD -MP -MF"Drivers/STM32F0xx_HAL_Driver/Src/stm32f0xx_hal_i2c.d" -MT"Drivers/STM32F0xx_HAL_Driver/Src/stm32f0xx_hal_i2c.o" --specs=nano.specs -mfloat-abi=soft -mthumb -o "Drivers/STM32F0xx_HAL_Driver/Src/stm32f0xx_hal_i2c.o"
arm-none-eabi-gcc "../Drivers/STM32F0xx_HAL_Driver/Src/stm32f0xx_hal_i2c_ex.c" -mcpu=cortex-m0 -std=gnu11 -g3 -DDEBUG -DUSE_HAL_DRIVER -DSTM32F051x8 -c -I../Core/Inc -I../Drivers/STM32F0xx_HAL_Driver/Inc -I../Drivers/STM32F0xx_HAL_Driver/Inc/Legacy -I../Drivers/CMSIS/Device/ST/STM32F0xx/Include -I../Drivers/CMSIS/Include -O0 -ffunction-sections -fdata-sections -Wall -fstack-usage -MMD -MP -MF"Drivers/STM32F0xx_HAL_Driver/Src/stm32f0xx_hal_i2c_ex.d" -MT"Drivers/STM32F0xx_HAL_Driver/Src/stm32f0xx_hal_i2c_ex.o" --specs=nano.specs -mfloat-abi=soft -mthumb -o "Drivers/STM32F0xx_HAL_Driver/Src/stm32f0xx_hal_i2c_ex.o"
arm-none-eabi-gcc "../Drivers/STM32F0xx_HAL_Driver/Src/stm32f0xx_hal_pwr.c" -mcpu=cortex-m0 -std=gnu11 -g3 -DDEBUG -DUSE_HAL_DRIVER -DSTM32F051x8 -c -I../Core/Inc -I../Drivers/STM32F0xx_HAL_Driver/Inc -I../Drivers/STM32F0xx_HAL_Driver/Inc/Legacy -I../Drivers/CMSIS/Device/ST/STM32F0xx/Include -I../Drivers/CMSIS/Include -O0 -ffunction-sections -fdata-sections -Wall -fstack-usage -MMD -MP -MF"Drivers/STM32F0xx_HAL_Driver/Src/stm32f0xx_hal_pwr.d" -MT"Drivers/STM32F0xx_HAL_Driver/Src/stm32f0xx_hal_pwr.o" --specs=nano.specs -mfloat-abi=soft -mthumb -o "Drivers/STM32F0xx_HAL_Driver/Src/stm32f0xx_hal_pwr.o"
arm-none-eabi-gcc "../Drivers/STM32F0xx_HAL_Driver/Src/stm32f0xx_hal_pwr_ex.c" -mcpu=cortex-m0 -std=gnu11 -g3 -DDEBUG -DUSE_HAL_DRIVER -DSTM32F051x8 -c -I../Core/Inc -I../Drivers/STM32F0xx_HAL_Driver/Inc -I../Drivers/STM32F0xx_HAL_Driver/Inc/Legacy -I../Drivers/CMSIS/Device/ST/STM32F0xx/Include -I../Drivers/CMSIS/Include -O0 -ffunction-sections -fdata-sections -Wall -fstack-usage -MMD -MP -MF"Drivers/STM32F0xx_HAL_Driver/Src/stm32f0xx_hal_pwr_ex.d" -MT"Drivers/STM32F0xx_HAL_Driver/Src/stm32f0xx_hal_pwr_ex.o" --specs=nano.specs -mfloat-abi=soft -mthumb -o "Drivers/STM32F0xx_HAL_Driver/Src/stm32f0xx_hal_pwr_ex.o"
arm-none-eabi-gcc "../Drivers/STM32F0xx_HAL_Driver/Src/stm32f0xx_hal_rcc.c" -mcpu=cortex-m0 -std=gnu11 -g3 -DDEBUG -DUSE_HAL_DRIVER -DSTM32F051x8 -c -I../Core/Inc -I../Drivers/STM32F0xx_HAL_Driver/Inc -I../Drivers/STM32F0xx_HAL_Driver/Inc/Legacy -I../Drivers/CMSIS/Device/ST/STM32F0xx/Include -I../Drivers/CMSIS/Include -O0 -ffunction-sections -fdata-sections -Wall -fstack-usage -MMD -MP -MF"Drivers/STM32F0xx_HAL_Driver/Src/stm32f0xx_hal_rcc.d" -MT"Drivers/STM32F0xx_HAL_Driver/Src/stm32f0xx_hal_rcc.o" --specs=nano.specs -mfloat-abi=soft -mthumb -o "Drivers/STM32F0xx_HAL_Driver/Src/stm32f0xx_hal_rcc.o"
arm-none-eabi-gcc "../Drivers/STM32F0xx_HAL_Driver/Src/stm32f0xx_hal_rcc_ex.c" -mcpu=cortex-m0 -std=gnu11 -g3 -DDEBUG -DUSE_HAL_DRIVER -DSTM32F051x8 -c -I../Core/Inc -I../Drivers/STM32F0xx_HAL_Driver/Inc -I../Drivers/STM32F0xx_HAL_Driver/Inc/Legacy -I../Drivers/CMSIS/Device/ST/STM32F0xx/Include -I../Drivers/CMSIS/Include -O0 -ffunction-sections -fdata-sections -Wall -fstack-usage -MMD -MP -MF"Drivers/STM32F0xx_HAL_Driver/Src/stm32f0xx_hal_rcc_ex.d" -MT"Drivers/STM32F0xx_HAL_Driver/Src/stm32f0xx_hal_rcc_ex.o" --specs=nano.specs -mfloat-abi=soft -mthumb -o "Drivers/STM32F0xx_HAL_Driver/Src/stm32f0xx_hal_rcc_ex.o"
arm-none-eabi-gcc "../Drivers/STM32F0xx_HAL_Driver/Src/stm32f0xx_hal_spi.c" -mcpu=cortex-m0 -std=gnu11 -g3 -DDEBUG -DUSE_HAL_DRIVER -DSTM32F051x8 -c -I../Core/Inc -I../Drivers/STM32F0xx_HAL_Driver/Inc -I../Drivers/STM32F0xx_HAL_Driver/Inc/Legacy -I../Drivers/CMSIS/Device/ST/STM32F0xx/Include -I../Drivers/CMSIS/Include -O0 -ffunction-sections -fdata-sections -Wall -fstack-usage -MMD -MP -MF"Drivers/STM32F0xx_HAL_Driver/Src/stm32f0xx_hal_spi.d" -MT"Drivers/STM32F0xx_HAL_Driver/Src/stm32f0xx_hal_spi.o" --specs=nano.specs -mfloat-abi=soft -mthumb -o "Drivers/STM32F0xx_HAL_Driver/Src/stm32f0xx_hal_spi.o"
arm-none-eabi-gcc "../Drivers/STM32F0xx_HAL_Driver/Src/stm32f0xx_hal_spi_ex.c" -mcpu=cortex-m0 -std=gnu11 -g3 -DDEBUG -DUSE_HAL_DRIVER -DSTM32F051x8 -c -I../Core/Inc -I../Drivers/STM32F0xx_HAL_Driver/Inc -I../Drivers/STM32F0xx_HAL_Driver/Inc/Legacy -I../Drivers/CMSIS/Device/ST/STM32F0xx/Include -I../Drivers/CMSIS/Include -O0 -ffunction-sections -fdata-sections -Wall -fstack-usage -MMD -MP -MF"Drivers/STM32F0xx_HAL_Driver/Src/stm32f0xx_hal_spi_ex.d" -MT"Drivers/STM32F0xx_HAL_Driver/Src/stm32f0xx_hal_spi_ex.o" --specs=nano.specs -mfloat-abi=soft -mthumb -o "Drivers/STM32F0xx_HAL_Driver/Src/stm32f0xx_hal_spi_ex.o"
arm-none-eabi-gcc "../Drivers/STM32F0xx_HAL_Driver/Src/stm32f0xx_hal_tim.c" -mcpu=cortex-m0 -std=gnu11 -g3 -DDEBUG -DUSE_HAL_DRIVER -DSTM32F051x8 -c -I../Core/Inc -I../Drivers/STM32F0xx_HAL_Driver/Inc -I../Drivers/STM32F0xx_HAL_Driver/Inc/Legacy -I../Drivers/CMSIS/Device/ST/STM32F0xx/Include -I../Drivers/CMSIS/Include -O0 -ffunction-sections -fdata-sections -Wall -fstack-usage -MMD -MP -MF"Drivers/STM32F0xx_HAL_Driver/Src/stm32f0xx_hal_tim.d" -MT"Drivers/STM32F0xx_HAL_Driver/Src/stm32f0xx_hal_tim.o" --specs=nano.specs -mfloat-abi=soft -mthumb -o "Drivers/STM32F0xx_HAL_Driver/Src/stm32f0xx_hal_tim.o"
arm-none-eabi-gcc "../Drivers/STM32F0xx_HAL_Driver/Src/stm32f0xx_hal_tim_ex.c" -mcpu=cortex-m0 -std=gnu11 -g3 -DDEBUG -DUSE_HAL_DRIVER -DSTM32F051x8 -c -I../Core/Inc -I../Drivers/STM32F0xx_HAL_Driver/Inc -I../Drivers/STM32F0xx_HAL_Driver/Inc/Legacy -I../Drivers/CMSIS/Device/ST/STM32F0xx/Include -I../Drivers/CMSIS/Include -O0 -ffunction-sections -fdata-sections -Wall -fstack-usage -MMD -MP -MF"Drivers/STM32F0xx_HAL_Driver/Src/stm32f0xx_hal_tim_ex.d" -MT"Drivers/STM32F0xx_HAL_Driver/Src/stm32f0xx_hal_tim_ex.o" --specs=nano.specs -mfloat-abi=soft -mthumb -o "Drivers/STM32F0xx_HAL_Driver/Src/stm32f0xx_hal_tim_ex.o"
arm-none-eabi-gcc "../Drivers/STM32F0xx_HAL_Driver/Src/stm32f0xx_hal_uart.c" -mcpu=cortex-m0 -std=gnu11 -g3 -DDEBUG -DUSE_HAL_DRIVER -DSTM32F051x8 -c -I../Core/Inc -I../Drivers/STM32F0xx_HAL_Driver/Inc -I../Drivers/STM32F0xx_HAL_Driver/Inc/Legacy -I../Drivers/CMSIS/Device/ST/STM32F0xx/Include -I../Drivers/CMSIS/Include -O0 -ffunction-sections -fdata-sections -Wall -fstack-usage -MMD -MP -MF"Drivers/STM32F0xx_HAL_Driver/Src/stm32f0xx_hal_uart.d" -MT"Drivers/STM32F0xx_HAL_Driver/Src/stm32f0xx_hal_uart.o" --specs=nano.specs -mfloat-abi=soft -mthumb -o "Drivers/STM32F0xx_HAL_Driver/Src/stm32f0xx_hal_uart.o"
arm-none-eabi-gcc "../Drivers/STM32F0xx_HAL_Driver/Src/stm32f0xx_hal_uart_ex.c" -mcpu=cortex-m0 -std=gnu11 -g3 -DDEBUG -DUSE_HAL_DRIVER -DSTM32F051x8 -c -I../Core/Inc -I../Drivers/STM32F0xx_HAL_Driver/Inc -I../Drivers/STM32F0xx_HAL_Driver/Inc/Legacy -I../Drivers/CMSIS/Device/ST/STM32F0xx/Include -I../Drivers/CMSIS/Include -O0 -ffunction-sections -fdata-sections -Wall -fstack-usage -MMD -MP -MF"Drivers/STM32F0xx_HAL_Driver/Src/stm32f0xx_hal_uart_ex.d" -MT"Drivers/STM32F0xx_HAL_Driver/Src/stm32f0xx_hal_uart_ex.o" --specs=nano.specs -mfloat-abi=soft -mthumb -o "Drivers/STM32F0xx_HAL_Driver/Src/stm32f0xx_hal_uart_ex.o"
arm-none-eabi-gcc "../Core/Src/main.c" -mcpu=cortex-m0 -std=gnu11 -g3 -DDEBUG -DUSE_HAL_DRIVER -DSTM32F051x8 -c -I../Core/Inc -I../Drivers/STM32F0xx_HAL_Driver/Inc -I../Drivers/STM32F0xx_HAL_Driver/Inc/Legacy -I../Drivers/CMSIS/Device/ST/STM32F0xx/Include -I../Drivers/CMSIS/Include -O0 -ffunction-sections -fdata-sections -Wall -fstack-usage -MMD -MP -MF"Core/Src/main.d" -MT"Core/Src/main.o" --specs=nano.specs -mfloat-abi=soft -mthumb -o "Core/Src/main.o"
arm-none-eabi-gcc "../Core/Src/stm32f0xx_hal_msp.c" -mcpu=cortex-m0 -std=gnu11 -g3 -DDEBUG -DUSE_HAL_DRIVER -DSTM32F051x8 -c -I../Core/Inc -I../Drivers/STM32F0xx_HAL_Driver/Inc -I../Drivers/STM32F0xx_HAL_Driver/Inc/Legacy -I../Drivers/CMSIS/Device/ST/STM32F0xx/Include -I../Drivers/CMSIS/Include -O0 -ffunction-sections -fdata-sections -Wall -fstack-usage -MMD -MP -MF"Core/Src/stm32f0xx_hal_msp.d" -MT"Core/Src/stm32f0xx_hal_msp.o" --specs=nano.specs -mfloat-abi=soft -mthumb -o "Core/Src/stm32f0xx_hal_msp.o"
arm-none-eabi-gcc "../Core/Src/stm32f0xx_it.c" -mcpu=cortex-m0 -std=gnu11 -g3 -DDEBUG -DUSE_HAL_DRIVER -DSTM32F051x8 -c -I../Core/Inc -I../Drivers/STM32F0xx_HAL_Driver/Inc -I../Drivers/STM32F0xx_HAL_Driver/Inc/Legacy -I../Drivers/CMSIS/Device/ST/STM32F0xx/Include -I../Drivers/CMSIS/Include -O0 -ffunction-sections -fdata-sections -Wall -fstack-usage -MMD -MP -MF"Core/Src/stm32f0xx_it.d" -MT"Core/Src/stm32f0xx_it.o" --specs=nano.specs -mfloat-abi=soft -mthumb -o "Core/Src/stm32f0xx_it.o"
arm-none-eabi-gcc "../Core/Src/system_stm32f0xx.c" -mcpu=cortex-m0 -std=gnu11 -g3 -DDEBUG -DUSE_HAL_DRIVER -DSTM32F051x8 -c -I../Core/Inc -I../Drivers/STM32F0xx_HAL_Driver/Inc -I../Drivers/STM32F0xx_HAL_Driver/Inc/Legacy -I../Drivers/CMSIS/Device/ST/STM32F0xx/Include -I../Drivers/CMSIS/Include -O0 -ffunction-sections -fdata-sections -Wall -fstack-usage -MMD -MP -MF"Core/Src/system_stm32f0xx.d" -MT"Core/Src/system_stm32f0xx.o" --specs=nano.specs -mfloat-abi=soft -mthumb -o "Core/Src/system_stm32f0xx.o"
../Core/Src/main.c: In function 'main':
../Core/Src/main.c:198:8: warning: unused variable 'buf102' [-Wunused-variable]
  198 |   char buf102[256];
      |        ^~~~~~
../Core/Src/main.c:196:8: warning: unused variable 'buf' [-Wunused-variable]
  196 |   char buf[1000];
      |        ^~~
arm-none-eabi-gcc -o "IMUData.elf" @"objects.list"   -mcpu=cortex-m0 -T"C:\Users\sthab\Documents\EEE3097S\eee3097s-project-2022\IMU\IMUData\STM32F051R8TX_FLASH.ld" --specs=nosys.specs -Wl,-Map="IMUData.map" -Wl,--gc-sections -static --specs=nano.specs -mfloat-abi=soft -mthumb -u _printf_float -u _scanf_float -Wl,--start-group -lc -lm -Wl,--end-group
Finished building target: IMUData.elf
 
arm-none-eabi-size   IMUData.elf 
arm-none-eabi-objdump -h -S  IMUData.elf  > "IMUData.list"
   text	   data	    bss	    dec	    hex	filename
  47504	    488	   1936	  49928	   c308	IMUData.elf
Finished building: default.size.stdout
 
Finished building: IMUData.list
 
10:56:31 **** Incremental Build of configuration Debug for project IMUData ****
make -j16 all 
arm-none-eabi-size   IMUData.elf 
   text	   data	    bss	    dec	    hex	filename
  47504	    488	   1936	  49928	   c308	IMUData.elf
Finished building: default.size.stdout
 
10:57:45 **** Incremental Build of configuration Debug for project IMUData ****
make -j16 all 
arm-none-eabi-size   IMUData.elf 
   text	   data	    bss	    dec	    hex	filename
  47504	    488	   1936	  49928	   c308	IMUData.elf
Finished building: default.size.stdout
 
10:58:00 **** Incremental Build of configuration Debug for project IMUData ****
make -j16 all 
arm-none-eabi-size   IMUData.elf 
   text	   data	    bss	    dec	    hex	filename
  47504	    488	   1936	  49928	   c308	IMUData.elf
Finished building: default.size.stdout
 
11:19:26 **** Incremental Build of configuration Debug for project IMUData ****
make -j16 all 
arm-none-eabi-size   IMUData.elf 
   text	   data	    bss	    dec	    hex	filename
  47504	    488	   1936	  49928	   c308	IMUData.elf
Finished building: default.size.stdout
 
11:51:32 **** Incremental Build of configuration Debug for project IMUData ****
make -j16 all 
arm-none-eabi-gcc "../Core/Src/main.c" -mcpu=cortex-m0 -std=gnu11 -g3 -DDEBUG -DUSE_HAL_DRIVER -DSTM32F051x8 -c -I../Core/Inc -I../Drivers/STM32F0xx_HAL_Driver/Inc -I../Drivers/STM32F0xx_HAL_Driver/Inc/Legacy -I../Drivers/CMSIS/Device/ST/STM32F0xx/Include -I../Drivers/CMSIS/Include -O0 -ffunction-sections -fdata-sections -Wall -fstack-usage -MMD -MP -MF"Core/Src/main.d" -MT"Core/Src/main.o" --specs=nano.specs -mfloat-abi=soft -mthumb -o "Core/Src/main.o"
../Core/Src/main.c: In function 'main':
../Core/Src/main.c:198:8: warning: unused variable 'buf102' [-Wunused-variable]
  198 |   char buf102[256];
      |        ^~~~~~
../Core/Src/main.c:196:8: warning: unused variable 'buf' [-Wunused-variable]
  196 |   char buf[1000];
      |        ^~~
arm-none-eabi-gcc -o "IMUData.elf" @"objects.list"   -mcpu=cortex-m0 -T"C:\Users\sthab\Documents\EEE3097S\eee3097s-project-2022\IMU\IMUData\STM32F051R8TX_FLASH.ld" --specs=nosys.specs -Wl,-Map="IMUData.map" -Wl,--gc-sections -static --specs=nano.specs -mfloat-abi=soft -mthumb -u _printf_float -u _scanf_float -Wl,--start-group -lc -lm -Wl,--end-group
Finished building target: IMUData.elf
 
arm-none-eabi-size   IMUData.elf 
arm-none-eabi-objdump -h -S  IMUData.elf  > "IMUData.list"
   text	   data	    bss	    dec	    hex	filename
  47500	    488	   1936	  49924	   c304	IMUData.elf
Finished building: default.size.stdout
 
Finished building: IMUData.list
 
11:51:42 **** Incremental Build of configuration Debug for project IMUData ****
make -j16 all 
arm-none-eabi-gcc "../Core/Src/main.c" -mcpu=cortex-m0 -std=gnu11 -g3 -DDEBUG -DUSE_HAL_DRIVER -DSTM32F051x8 -c -I../Core/Inc -I../Drivers/STM32F0xx_HAL_Driver/Inc -I../Drivers/STM32F0xx_HAL_Driver/Inc/Legacy -I../Drivers/CMSIS/Device/ST/STM32F0xx/Include -I../Drivers/CMSIS/Include -O0 -ffunction-sections -fdata-sections -Wall -fstack-usage -MMD -MP -MF"Core/Src/main.d" -MT"Core/Src/main.o" --specs=nano.specs -mfloat-abi=soft -mthumb -o "Core/Src/main.o"
../Core/Src/main.c: In function 'main':
../Core/Src/main.c:198:8: warning: unused variable 'buf102' [-Wunused-variable]
  198 |   char buf102[256];
      |        ^~~~~~
../Core/Src/main.c:196:8: warning: unused variable 'buf' [-Wunused-variable]
  196 |   char buf[1000];
      |        ^~~
arm-none-eabi-gcc -o "IMUData.elf" @"objects.list"   -mcpu=cortex-m0 -T"C:\Users\sthab\Documents\EEE3097S\eee3097s-project-2022\IMU\IMUData\STM32F051R8TX_FLASH.ld" --specs=nosys.specs -Wl,-Map="IMUData.map" -Wl,--gc-sections -static --specs=nano.specs -mfloat-abi=soft -mthumb -u _printf_float -u _scanf_float -Wl,--start-group -lc -lm -Wl,--end-group
Finished building target: IMUData.elf
 
arm-none-eabi-size   IMUData.elf 
arm-none-eabi-objdump -h -S  IMUData.elf  > "IMUData.list"
   text	   data	    bss	    dec	    hex	filename
  47504	    488	   1936	  49928	   c308	IMUData.elf
Finished building: default.size.stdout
 
Finished building: IMUData.list
 
11:51:48 **** Incremental Build of configuration Debug for project IMUData ****
make -j16 all 
arm-none-eabi-size   IMUData.elf 
   text	   data	    bss	    dec	    hex	filename
  47504	    488	   1936	  49928	   c308	IMUData.elf
Finished building: default.size.stdout
 
12:17:32 **** Incremental Build of configuration Debug for project IMUData ****
make -j16 all 
arm-none-eabi-gcc "../Core/Src/main.c" -mcpu=cortex-m0 -std=gnu11 -g3 -DDEBUG -DUSE_HAL_DRIVER -DSTM32F051x8 -c -I../Core/Inc -I../Drivers/STM32F0xx_HAL_Driver/Inc -I../Drivers/STM32F0xx_HAL_Driver/Inc/Legacy -I../Drivers/CMSIS/Device/ST/STM32F0xx/Include -I../Drivers/CMSIS/Include -O0 -ffunction-sections -fdata-sections -Wall -fstack-usage -MMD -MP -MF"Core/Src/main.d" -MT"Core/Src/main.o" --specs=nano.specs -mfloat-abi=soft -mthumb -o "Core/Src/main.o"
../Core/Src/main.c: In function 'main':
../Core/Src/main.c:198:8: warning: unused variable 'buf102' [-Wunused-variable]
  198 |   char buf102[256];
      |        ^~~~~~
../Core/Src/main.c:196:8: warning: unused variable 'buf' [-Wunused-variable]
  196 |   char buf[1000];
      |        ^~~
arm-none-eabi-gcc -o "IMUData.elf" @"objects.list"   -mcpu=cortex-m0 -T"C:\Users\sthab\Documents\EEE3097S\eee3097s-project-2022\IMU\IMUData\STM32F051R8TX_FLASH.ld" --specs=nosys.specs -Wl,-Map="IMUData.map" -Wl,--gc-sections -static --specs=nano.specs -mfloat-abi=soft -mthumb -u _printf_float -u _scanf_float -Wl,--start-group -lc -lm -Wl,--end-group
Finished building target: IMUData.elf
 
arm-none-eabi-size   IMUData.elf 
arm-none-eabi-objdump -h -S  IMUData.elf  > "IMUData.list"
   text	   data	    bss	    dec	    hex	filename
  47504	    488	   1936	  49928	   c308	IMUData.elf
Finished building: default.size.stdout
 
Finished building: IMUData.list
 
12:17:44 **** Incremental Build of configuration Debug for project IMUData ****
make -j16 all 
arm-none-eabi-size   IMUData.elf 
   text	   data	    bss	    dec	    hex	filename
  47504	    488	   1936	  49928	   c308	IMUData.elf
Finished building: default.size.stdout
 
12:21:58 **** Incremental Build of configuration Debug for project IMUData ****
make -j16 all 
arm-none-eabi-gcc "../Core/Src/main.c" -mcpu=cortex-m0 -std=gnu11 -g3 -DDEBUG -DUSE_HAL_DRIVER -DSTM32F051x8 -c -I../Core/Inc -I../Drivers/STM32F0xx_HAL_Driver/Inc -I../Drivers/STM32F0xx_HAL_Driver/Inc/Legacy -I../Drivers/CMSIS/Device/ST/STM32F0xx/Include -I../Drivers/CMSIS/Include -O0 -ffunction-sections -fdata-sections -Wall -fstack-usage -MMD -MP -MF"Core/Src/main.d" -MT"Core/Src/main.o" --specs=nano.specs -mfloat-abi=soft -mthumb -o "Core/Src/main.o"
../Core/Src/main.c: In function 'main':
../Core/Src/main.c:199:8: warning: unused variable 'buf102' [-Wunused-variable]
  199 |   char buf102[256];
      |        ^~~~~~
../Core/Src/main.c:197:8: warning: unused variable 'buf' [-Wunused-variable]
  197 |   char buf[1000];
      |        ^~~
arm-none-eabi-gcc -o "IMUData.elf" @"objects.list"   -mcpu=cortex-m0 -T"C:\Users\sthab\Documents\EEE3097S\eee3097s-project-2022\IMU\IMUData\STM32F051R8TX_FLASH.ld" --specs=nosys.specs -Wl,-Map="IMUData.map" -Wl,--gc-sections -static --specs=nano.specs -mfloat-abi=soft -mthumb -u _printf_float -u _scanf_float -Wl,--start-group -lc -lm -Wl,--end-group
Finished building target: IMUData.elf
 
arm-none-eabi-size   IMUData.elf 
arm-none-eabi-objdump -h -S  IMUData.elf  > "IMUData.list"
   text	   data	    bss	    dec	    hex	filename
  47504	    488	   1936	  49928	   c308	IMUData.elf
Finished building: default.size.stdout
 
Finished building: IMUData.list
 
12:22:21 **** Incremental Build of configuration Debug for project IMUData ****
make -j16 all 
arm-none-eabi-gcc "../Core/Src/main.c" -mcpu=cortex-m0 -std=gnu11 -g3 -DDEBUG -DUSE_HAL_DRIVER -DSTM32F051x8 -c -I../Core/Inc -I../Drivers/STM32F0xx_HAL_Driver/Inc -I../Drivers/STM32F0xx_HAL_Driver/Inc/Legacy -I../Drivers/CMSIS/Device/ST/STM32F0xx/Include -I../Drivers/CMSIS/Include -O0 -ffunction-sections -fdata-sections -Wall -fstack-usage -MMD -MP -MF"Core/Src/main.d" -MT"Core/Src/main.o" --specs=nano.specs -mfloat-abi=soft -mthumb -o "Core/Src/main.o"
../Core/Src/main.c: In function 'main':
../Core/Src/main.c:200:8: warning: unused variable 'buf102' [-Wunused-variable]
  200 |   char buf102[256];
      |        ^~~~~~
../Core/Src/main.c:198:8: warning: unused variable 'buf' [-Wunused-variable]
  198 |   char buf[1000];
      |        ^~~
arm-none-eabi-gcc -o "IMUData.elf" @"objects.list"   -mcpu=cortex-m0 -T"C:\Users\sthab\Documents\EEE3097S\eee3097s-project-2022\IMU\IMUData\STM32F051R8TX_FLASH.ld" --specs=nosys.specs -Wl,-Map="IMUData.map" -Wl,--gc-sections -static --specs=nano.specs -mfloat-abi=soft -mthumb -u _printf_float -u _scanf_float -Wl,--start-group -lc -lm -Wl,--end-group
Finished building target: IMUData.elf
 
arm-none-eabi-size   IMUData.elf 
arm-none-eabi-objdump -h -S  IMUData.elf  > "IMUData.list"
   text	   data	    bss	    dec	    hex	filename
  47504	    488	   1936	  49928	   c308	IMUData.elf
Finished building: default.size.stdout
 
Finished building: IMUData.list
 
12:22:26 **** Incremental Build of configuration Debug for project IMUData ****
make -j16 all 
arm-none-eabi-size   IMUData.elf 
   text	   data	    bss	    dec	    hex	filename
  47504	    488	   1936	  49928	   c308	IMUData.elf
Finished building: default.size.stdout
 
12:22:30 **** Incremental Build of configuration Debug for project IMUData ****
make -j16 all 
arm-none-eabi-size   IMUData.elf 
   text	   data	    bss	    dec	    hex	filename
  47504	    488	   1936	  49928	   c308	IMUData.elf
Finished building: default.size.stdout
 
12:26:56 **** Incremental Build of configuration Debug for project IMUData ****
make -j16 all 
arm-none-eabi-gcc "../Core/Src/main.c" -mcpu=cortex-m0 -std=gnu11 -g3 -DDEBUG -DUSE_HAL_DRIVER -DSTM32F051x8 -c -I../Core/Inc -I../Drivers/STM32F0xx_HAL_Driver/Inc -I../Drivers/STM32F0xx_HAL_Driver/Inc/Legacy -I../Drivers/CMSIS/Device/ST/STM32F0xx/Include -I../Drivers/CMSIS/Include -O0 -ffunction-sections -fdata-sections -Wall -fstack-usage -MMD -MP -MF"Core/Src/main.d" -MT"Core/Src/main.o" --specs=nano.specs -mfloat-abi=soft -mthumb -o "Core/Src/main.o"
../Core/Src/main.c: In function 'main':
../Core/Src/main.c:201:8: warning: unused variable 'buf102' [-Wunused-variable]
  201 |   char buf102[256];
      |        ^~~~~~
../Core/Src/main.c:199:8: warning: unused variable 'buf' [-Wunused-variable]
  199 |   char buf[1000];
      |        ^~~
arm-none-eabi-gcc -o "IMUData.elf" @"objects.list"   -mcpu=cortex-m0 -T"C:\Users\sthab\Documents\EEE3097S\eee3097s-project-2022\IMU\IMUData\STM32F051R8TX_FLASH.ld" --specs=nosys.specs -Wl,-Map="IMUData.map" -Wl,--gc-sections -static --specs=nano.specs -mfloat-abi=soft -mthumb -u _printf_float -u _scanf_float -Wl,--start-group -lc -lm -Wl,--end-group
Finished building target: IMUData.elf
 
arm-none-eabi-size   IMUData.elf 
arm-none-eabi-objdump -h -S  IMUData.elf  > "IMUData.list"
   text	   data	    bss	    dec	    hex	filename
  47504	    488	   1936	  49928	   c308	IMUData.elf
Finished building: default.size.stdout
 
Finished building: IMUData.list
 
12:30:44 **** Incremental Build of configuration Debug for project IMUData ****
make -j16 all 
arm-none-eabi-gcc "../Core/Src/main.c" -mcpu=cortex-m0 -std=gnu11 -g3 -DDEBUG -DUSE_HAL_DRIVER -DSTM32F051x8 -c -I../Core/Inc -I../Drivers/STM32F0xx_HAL_Driver/Inc -I../Drivers/STM32F0xx_HAL_Driver/Inc/Legacy -I../Drivers/CMSIS/Device/ST/STM32F0xx/Include -I../Drivers/CMSIS/Include -O0 -ffunction-sections -fdata-sections -Wall -fstack-usage -MMD -MP -MF"Core/Src/main.d" -MT"Core/Src/main.o" --specs=nano.specs -mfloat-abi=soft -mthumb -o "Core/Src/main.o"
../Core/Src/main.c: In function 'main':
../Core/Src/main.c:201:8: warning: unused variable 'buf102' [-Wunused-variable]
  201 |   char buf102[256];
      |        ^~~~~~
arm-none-eabi-gcc -o "IMUData.elf" @"objects.list"   -mcpu=cortex-m0 -T"C:\Users\sthab\Documents\EEE3097S\eee3097s-project-2022\IMU\IMUData\STM32F051R8TX_FLASH.ld" --specs=nosys.specs -Wl,-Map="IMUData.map" -Wl,--gc-sections -static --specs=nano.specs -mfloat-abi=soft -mthumb -u _printf_float -u _scanf_float -Wl,--start-group -lc -lm -Wl,--end-group
Finished building target: IMUData.elf
 
arm-none-eabi-size   IMUData.elf 
arm-none-eabi-objdump -h -S  IMUData.elf  > "IMUData.list"
   text	   data	    bss	    dec	    hex	filename
  47708	    488	   1936	  50132	   c3d4	IMUData.elf
Finished building: default.size.stdout
 
Finished building: IMUData.list
 
12:31:03 **** Incremental Build of configuration Debug for project IMUData ****
make -j16 all 
arm-none-eabi-gcc "../Core/Src/main.c" -mcpu=cortex-m0 -std=gnu11 -g3 -DDEBUG -DUSE_HAL_DRIVER -DSTM32F051x8 -c -I../Core/Inc -I../Drivers/STM32F0xx_HAL_Driver/Inc -I../Drivers/STM32F0xx_HAL_Driver/Inc/Legacy -I../Drivers/CMSIS/Device/ST/STM32F0xx/Include -I../Drivers/CMSIS/Include -O0 -ffunction-sections -fdata-sections -Wall -fstack-usage -MMD -MP -MF"Core/Src/main.d" -MT"Core/Src/main.o" --specs=nano.specs -mfloat-abi=soft -mthumb -o "Core/Src/main.o"
../Core/Src/main.c: In function 'main':
../Core/Src/main.c:201:8: warning: unused variable 'buf102' [-Wunused-variable]
  201 |   char buf102[256];
      |        ^~~~~~
arm-none-eabi-gcc -o "IMUData.elf" @"objects.list"   -mcpu=cortex-m0 -T"C:\Users\sthab\Documents\EEE3097S\eee3097s-project-2022\IMU\IMUData\STM32F051R8TX_FLASH.ld" --specs=nosys.specs -Wl,-Map="IMUData.map" -Wl,--gc-sections -static --specs=nano.specs -mfloat-abi=soft -mthumb -u _printf_float -u _scanf_float -Wl,--start-group -lc -lm -Wl,--end-group
Finished building target: IMUData.elf
 
arm-none-eabi-size   IMUData.elf 
arm-none-eabi-objdump -h -S  IMUData.elf  > "IMUData.list"
   text	   data	    bss	    dec	    hex	filename
  47796	    488	   1936	  50220	   c42c	IMUData.elf
Finished building: default.size.stdout
 
Finished building: IMUData.list
 
12:31:08 **** Incremental Build of configuration Debug for project IMUData ****
make -j16 all 
arm-none-eabi-size   IMUData.elf 
   text	   data	    bss	    dec	    hex	filename
  47796	    488	   1936	  50220	   c42c	IMUData.elf
Finished building: default.size.stdout
 
12:32:22 **** Incremental Build of configuration Debug for project IMUData ****
make -j16 all 
arm-none-eabi-gcc "../Core/Src/main.c" -mcpu=cortex-m0 -std=gnu11 -g3 -DDEBUG -DUSE_HAL_DRIVER -DSTM32F051x8 -c -I../Core/Inc -I../Drivers/STM32F0xx_HAL_Driver/Inc -I../Drivers/STM32F0xx_HAL_Driver/Inc/Legacy -I../Drivers/CMSIS/Device/ST/STM32F0xx/Include -I../Drivers/CMSIS/Include -O0 -ffunction-sections -fdata-sections -Wall -fstack-usage -MMD -MP -MF"Core/Src/main.d" -MT"Core/Src/main.o" --specs=nano.specs -mfloat-abi=soft -mthumb -o "Core/Src/main.o"
../Core/Src/main.c: In function 'main':
../Core/Src/main.c:201:8: warning: unused variable 'buf102' [-Wunused-variable]
  201 |   char buf102[256];
      |        ^~~~~~
arm-none-eabi-gcc -o "IMUData.elf" @"objects.list"   -mcpu=cortex-m0 -T"C:\Users\sthab\Documents\EEE3097S\eee3097s-project-2022\IMU\IMUData\STM32F051R8TX_FLASH.ld" --specs=nosys.specs -Wl,-Map="IMUData.map" -Wl,--gc-sections -static --specs=nano.specs -mfloat-abi=soft -mthumb -u _printf_float -u _scanf_float -Wl,--start-group -lc -lm -Wl,--end-group
Finished building target: IMUData.elf
 
arm-none-eabi-size   IMUData.elf 
arm-none-eabi-objdump -h -S  IMUData.elf  > "IMUData.list"
   text	   data	    bss	    dec	    hex	filename
  47808	    488	   1936	  50232	   c438	IMUData.elf
Finished building: default.size.stdout
 
Finished building: IMUData.list
 
12:33:07 **** Incremental Build of configuration Debug for project IMUData ****
make -j16 all 
arm-none-eabi-gcc "../Core/Src/main.c" -mcpu=cortex-m0 -std=gnu11 -g3 -DDEBUG -DUSE_HAL_DRIVER -DSTM32F051x8 -c -I../Core/Inc -I../Drivers/STM32F0xx_HAL_Driver/Inc -I../Drivers/STM32F0xx_HAL_Driver/Inc/Legacy -I../Drivers/CMSIS/Device/ST/STM32F0xx/Include -I../Drivers/CMSIS/Include -O0 -ffunction-sections -fdata-sections -Wall -fstack-usage -MMD -MP -MF"Core/Src/main.d" -MT"Core/Src/main.o" --specs=nano.specs -mfloat-abi=soft -mthumb -o "Core/Src/main.o"
../Core/Src/main.c: In function 'main':
../Core/Src/main.c:201:8: warning: unused variable 'buf102' [-Wunused-variable]
  201 |   char buf102[256];
      |        ^~~~~~
arm-none-eabi-gcc -o "IMUData.elf" @"objects.list"   -mcpu=cortex-m0 -T"C:\Users\sthab\Documents\EEE3097S\eee3097s-project-2022\IMU\IMUData\STM32F051R8TX_FLASH.ld" --specs=nosys.specs -Wl,-Map="IMUData.map" -Wl,--gc-sections -static --specs=nano.specs -mfloat-abi=soft -mthumb -u _printf_float -u _scanf_float -Wl,--start-group -lc -lm -Wl,--end-group
Finished building target: IMUData.elf
 
arm-none-eabi-size   IMUData.elf 
arm-none-eabi-objdump -h -S  IMUData.elf  > "IMUData.list"
   text	   data	    bss	    dec	    hex	filename
  47916	    488	   1936	  50340	   c4a4	IMUData.elf
Finished building: default.size.stdout
 
Finished building: IMUData.list
 
12:33:13 **** Incremental Build of configuration Debug for project IMUData ****
make -j16 all 
arm-none-eabi-size   IMUData.elf 
   text	   data	    bss	    dec	    hex	filename
  47916	    488	   1936	  50340	   c4a4	IMUData.elf
Finished building: default.size.stdout
 
12:34:10 **** Incremental Build of configuration Debug for project IMUData ****
make -j16 all 
arm-none-eabi-gcc "../Core/Src/main.c" -mcpu=cortex-m0 -std=gnu11 -g3 -DDEBUG -DUSE_HAL_DRIVER -DSTM32F051x8 -c -I../Core/Inc -I../Drivers/STM32F0xx_HAL_Driver/Inc -I../Drivers/STM32F0xx_HAL_Driver/Inc/Legacy -I../Drivers/CMSIS/Device/ST/STM32F0xx/Include -I../Drivers/CMSIS/Include -O0 -ffunction-sections -fdata-sections -Wall -fstack-usage -MMD -MP -MF"Core/Src/main.d" -MT"Core/Src/main.o" --specs=nano.specs -mfloat-abi=soft -mthumb -o "Core/Src/main.o"
../Core/Src/main.c: In function 'main':
../Core/Src/main.c:201:8: warning: unused variable 'buf102' [-Wunused-variable]
  201 |   char buf102[256];
      |        ^~~~~~
arm-none-eabi-gcc -o "IMUData.elf" @"objects.list"   -mcpu=cortex-m0 -T"C:\Users\sthab\Documents\EEE3097S\eee3097s-project-2022\IMU\IMUData\STM32F051R8TX_FLASH.ld" --specs=nosys.specs -Wl,-Map="IMUData.map" -Wl,--gc-sections -static --specs=nano.specs -mfloat-abi=soft -mthumb -u _printf_float -u _scanf_float -Wl,--start-group -lc -lm -Wl,--end-group
Finished building target: IMUData.elf
 
arm-none-eabi-size   IMUData.elf 
arm-none-eabi-objdump -h -S  IMUData.elf  > "IMUData.list"
   text	   data	    bss	    dec	    hex	filename
  47916	    488	   1936	  50340	   c4a4	IMUData.elf
Finished building: default.size.stdout
 
Finished building: IMUData.list
 
12:34:16 **** Incremental Build of configuration Debug for project IMUData ****
make -j16 all 
arm-none-eabi-size   IMUData.elf 
   text	   data	    bss	    dec	    hex	filename
  47916	    488	   1936	  50340	   c4a4	IMUData.elf
Finished building: default.size.stdout
 
12:36:01 **** Incremental Build of configuration Debug for project IMUData ****
make -j16 all 
arm-none-eabi-gcc "../Core/Src/main.c" -mcpu=cortex-m0 -std=gnu11 -g3 -DDEBUG -DUSE_HAL_DRIVER -DSTM32F051x8 -c -I../Core/Inc -I../Drivers/STM32F0xx_HAL_Driver/Inc -I../Drivers/STM32F0xx_HAL_Driver/Inc/Legacy -I../Drivers/CMSIS/Device/ST/STM32F0xx/Include -I../Drivers/CMSIS/Include -O0 -ffunction-sections -fdata-sections -Wall -fstack-usage -MMD -MP -MF"Core/Src/main.d" -MT"Core/Src/main.o" --specs=nano.specs -mfloat-abi=soft -mthumb -o "Core/Src/main.o"
../Core/Src/main.c: In function 'main':
../Core/Src/main.c:201:8: warning: unused variable 'buf102' [-Wunused-variable]
  201 |   char buf102[256];
      |        ^~~~~~
../Core/Src/main.c:199:8: warning: unused variable 'buf' [-Wunused-variable]
  199 |   char buf[1000];
      |        ^~~
arm-none-eabi-gcc -o "IMUData.elf" @"objects.list"   -mcpu=cortex-m0 -T"C:\Users\sthab\Documents\EEE3097S\eee3097s-project-2022\IMU\IMUData\STM32F051R8TX_FLASH.ld" --specs=nosys.specs -Wl,-Map="IMUData.map" -Wl,--gc-sections -static --specs=nano.specs -mfloat-abi=soft -mthumb -u _printf_float -u _scanf_float -Wl,--start-group -lc -lm -Wl,--end-group
Finished building target: IMUData.elf
 
arm-none-eabi-size   IMUData.elf 
arm-none-eabi-objdump -h -S  IMUData.elf  > "IMUData.list"
   text	   data	    bss	    dec	    hex	filename
  47504	    488	   1936	  49928	   c308	IMUData.elf
Finished building: default.size.stdout
 
Finished building: IMUData.list
 
12:36:06 **** Incremental Build of configuration Debug for project IMUData ****
make -j16 all 
arm-none-eabi-size   IMUData.elf 
   text	   data	    bss	    dec	    hex	filename
  47504	    488	   1936	  49928	   c308	IMUData.elf
Finished building: default.size.stdout
 
12:38:55 **** Incremental Build of configuration Debug for project IMUData ****
make -j16 all 
arm-none-eabi-gcc "../Core/Src/main.c" -mcpu=cortex-m0 -std=gnu11 -g3 -DDEBUG -DUSE_HAL_DRIVER -DSTM32F051x8 -c -I../Core/Inc -I../Drivers/STM32F0xx_HAL_Driver/Inc -I../Drivers/STM32F0xx_HAL_Driver/Inc/Legacy -I../Drivers/CMSIS/Device/ST/STM32F0xx/Include -I../Drivers/CMSIS/Include -O0 -ffunction-sections -fdata-sections -Wall -fstack-usage -MMD -MP -MF"Core/Src/main.d" -MT"Core/Src/main.o" --specs=nano.specs -mfloat-abi=soft -mthumb -o "Core/Src/main.o"
../Core/Src/main.c: In function 'main':
../Core/Src/main.c:201:8: warning: unused variable 'buf102' [-Wunused-variable]
  201 |   char buf102[256];
      |        ^~~~~~
../Core/Src/main.c:199:8: warning: unused variable 'message' [-Wunused-variable]
  199 |   char message[] = "Vuyisa";
      |        ^~~~~~~
arm-none-eabi-gcc -o "IMUData.elf" @"objects.list"   -mcpu=cortex-m0 -T"C:\Users\sthab\Documents\EEE3097S\eee3097s-project-2022\IMU\IMUData\STM32F051R8TX_FLASH.ld" --specs=nosys.specs -Wl,-Map="IMUData.map" -Wl,--gc-sections -static --specs=nano.specs -mfloat-abi=soft -mthumb -u _printf_float -u _scanf_float -Wl,--start-group -lc -lm -Wl,--end-group
Finished building target: IMUData.elf
 
arm-none-eabi-size   IMUData.elf 
arm-none-eabi-objdump -h -S  IMUData.elf  > "IMUData.list"
   text	   data	    bss	    dec	    hex	filename
  47540	    488	   1936	  49964	   c32c	IMUData.elf
Finished building: default.size.stdout
 
Finished building: IMUData.list
 
12:39:30 **** Incremental Build of configuration Debug for project IMUData ****
make -j16 all 
arm-none-eabi-gcc "../Core/Src/main.c" -mcpu=cortex-m0 -std=gnu11 -g3 -DDEBUG -DUSE_HAL_DRIVER -DSTM32F051x8 -c -I../Core/Inc -I../Drivers/STM32F0xx_HAL_Driver/Inc -I../Drivers/STM32F0xx_HAL_Driver/Inc/Legacy -I../Drivers/CMSIS/Device/ST/STM32F0xx/Include -I../Drivers/CMSIS/Include -O0 -ffunction-sections -fdata-sections -Wall -fstack-usage -MMD -MP -MF"Core/Src/main.d" -MT"Core/Src/main.o" --specs=nano.specs -mfloat-abi=soft -mthumb -o "Core/Src/main.o"
../Core/Src/main.c: In function 'main':
../Core/Src/main.c:201:8: warning: unused variable 'buf102' [-Wunused-variable]
  201 |   char buf102[256];
      |        ^~~~~~
../Core/Src/main.c:199:8: warning: unused variable 'message' [-Wunused-variable]
  199 |   char message[] = "Vuyisa";
      |        ^~~~~~~
arm-none-eabi-gcc -o "IMUData.elf" @"objects.list"   -mcpu=cortex-m0 -T"C:\Users\sthab\Documents\EEE3097S\eee3097s-project-2022\IMU\IMUData\STM32F051R8TX_FLASH.ld" --specs=nosys.specs -Wl,-Map="IMUData.map" -Wl,--gc-sections -static --specs=nano.specs -mfloat-abi=soft -mthumb -u _printf_float -u _scanf_float -Wl,--start-group -lc -lm -Wl,--end-group
Finished building target: IMUData.elf
 
arm-none-eabi-size   IMUData.elf 
arm-none-eabi-objdump -h -S  IMUData.elf  > "IMUData.list"
   text	   data	    bss	    dec	    hex	filename
  47540	    488	   1936	  49964	   c32c	IMUData.elf
Finished building: default.size.stdout
 
Finished building: IMUData.list
 
12:39:42 **** Incremental Build of configuration Debug for project IMUData ****
make -j16 all 
arm-none-eabi-gcc "../Core/Src/main.c" -mcpu=cortex-m0 -std=gnu11 -g3 -DDEBUG -DUSE_HAL_DRIVER -DSTM32F051x8 -c -I../Core/Inc -I../Drivers/STM32F0xx_HAL_Driver/Inc -I../Drivers/STM32F0xx_HAL_Driver/Inc/Legacy -I../Drivers/CMSIS/Device/ST/STM32F0xx/Include -I../Drivers/CMSIS/Include -O0 -ffunction-sections -fdata-sections -Wall -fstack-usage -MMD -MP -MF"Core/Src/main.d" -MT"Core/Src/main.o" --specs=nano.specs -mfloat-abi=soft -mthumb -o "Core/Src/main.o"
../Core/Src/main.c: In function 'main':
../Core/Src/main.c:201:8: warning: unused variable 'buf102' [-Wunused-variable]
  201 |   char buf102[256];
      |        ^~~~~~
arm-none-eabi-gcc -o "IMUData.elf" @"objects.list"   -mcpu=cortex-m0 -T"C:\Users\sthab\Documents\EEE3097S\eee3097s-project-2022\IMU\IMUData\STM32F051R8TX_FLASH.ld" --specs=nosys.specs -Wl,-Map="IMUData.map" -Wl,--gc-sections -static --specs=nano.specs -mfloat-abi=soft -mthumb -u _printf_float -u _scanf_float -Wl,--start-group -lc -lm -Wl,--end-group
Finished building target: IMUData.elf
 
arm-none-eabi-size   IMUData.elf 
arm-none-eabi-objdump -h -S  IMUData.elf  > "IMUData.list"
   text	   data	    bss	    dec	    hex	filename
  47560	    488	   1936	  49984	   c340	IMUData.elf
Finished building: default.size.stdout
 
Finished building: IMUData.list
 
12:39:48 **** Incremental Build of configuration Debug for project IMUData ****
make -j16 all 
arm-none-eabi-size   IMUData.elf 
   text	   data	    bss	    dec	    hex	filename
  47560	    488	   1936	  49984	   c340	IMUData.elf
Finished building: default.size.stdout
 
12:40:53 **** Incremental Build of configuration Debug for project IMUData ****
make -j16 all 
arm-none-eabi-gcc "../Core/Src/main.c" -mcpu=cortex-m0 -std=gnu11 -g3 -DDEBUG -DUSE_HAL_DRIVER -DSTM32F051x8 -c -I../Core/Inc -I../Drivers/STM32F0xx_HAL_Driver/Inc -I../Drivers/STM32F0xx_HAL_Driver/Inc/Legacy -I../Drivers/CMSIS/Device/ST/STM32F0xx/Include -I../Drivers/CMSIS/Include -O0 -ffunction-sections -fdata-sections -Wall -fstack-usage -MMD -MP -MF"Core/Src/main.d" -MT"Core/Src/main.o" --specs=nano.specs -mfloat-abi=soft -mthumb -o "Core/Src/main.o"
../Core/Src/main.c: In function 'main':
../Core/Src/main.c:215:9: error: 'buffer' undeclared (first use in this function); did you mean 'buff2'?
  215 |    aXor(buffer, message);
      |         ^~~~~~
      |         buff2
../Core/Src/main.c:215:9: note: each undeclared identifier is reported only once for each function it appears in
../Core/Src/main.c:201:8: warning: unused variable 'buf102' [-Wunused-variable]
  201 |   char buf102[256];
      |        ^~~~~~
make: *** [Core/Src/subdir.mk:34: Core/Src/main.o] Error 1
"make -j16 all" terminated with exit code 2. Build might be incomplete.
12:41:19 **** Incremental Build of configuration Debug for project IMUData ****
make -j16 all 
arm-none-eabi-gcc "../Core/Src/main.c" -mcpu=cortex-m0 -std=gnu11 -g3 -DDEBUG -DUSE_HAL_DRIVER -DSTM32F051x8 -c -I../Core/Inc -I../Drivers/STM32F0xx_HAL_Driver/Inc -I../Drivers/STM32F0xx_HAL_Driver/Inc/Legacy -I../Drivers/CMSIS/Device/ST/STM32F0xx/Include -I../Drivers/CMSIS/Include -O0 -ffunction-sections -fdata-sections -Wall -fstack-usage -MMD -MP -MF"Core/Src/main.d" -MT"Core/Src/main.o" --specs=nano.specs -mfloat-abi=soft -mthumb -o "Core/Src/main.o"
../Core/Src/main.c: In function 'main':
../Core/Src/main.c:202:8: warning: unused variable 'buf102' [-Wunused-variable]
  202 |   char buf102[256];
      |        ^~~~~~
arm-none-eabi-gcc -o "IMUData.elf" @"objects.list"   -mcpu=cortex-m0 -T"C:\Users\sthab\Documents\EEE3097S\eee3097s-project-2022\IMU\IMUData\STM32F051R8TX_FLASH.ld" --specs=nosys.specs -Wl,-Map="IMUData.map" -Wl,--gc-sections -static --specs=nano.specs -mfloat-abi=soft -mthumb -u _printf_float -u _scanf_float -Wl,--start-group -lc -lm -Wl,--end-group
Finished building target: IMUData.elf
 
arm-none-eabi-size   IMUData.elf 
arm-none-eabi-objdump -h -S  IMUData.elf  > "IMUData.list"
   text	   data	    bss	    dec	    hex	filename
  47664	    488	   2936	  51088	   c790	IMUData.elf
Finished building: default.size.stdout
 
Finished building: IMUData.list
 
12:41:49 **** Incremental Build of configuration Debug for project IMUData ****
make -j16 all 
arm-none-eabi-gcc "../Core/Src/main.c" -mcpu=cortex-m0 -std=gnu11 -g3 -DDEBUG -DUSE_HAL_DRIVER -DSTM32F051x8 -c -I../Core/Inc -I../Drivers/STM32F0xx_HAL_Driver/Inc -I../Drivers/STM32F0xx_HAL_Driver/Inc/Legacy -I../Drivers/CMSIS/Device/ST/STM32F0xx/Include -I../Drivers/CMSIS/Include -O0 -ffunction-sections -fdata-sections -Wall -fstack-usage -MMD -MP -MF"Core/Src/main.d" -MT"Core/Src/main.o" --specs=nano.specs -mfloat-abi=soft -mthumb -o "Core/Src/main.o"
../Core/Src/main.c: In function 'main':
../Core/Src/main.c:202:8: warning: unused variable 'buf102' [-Wunused-variable]
  202 |   char buf102[256];
      |        ^~~~~~
arm-none-eabi-gcc -o "IMUData.elf" @"objects.list"   -mcpu=cortex-m0 -T"C:\Users\sthab\Documents\EEE3097S\eee3097s-project-2022\IMU\IMUData\STM32F051R8TX_FLASH.ld" --specs=nosys.specs -Wl,-Map="IMUData.map" -Wl,--gc-sections -static --specs=nano.specs -mfloat-abi=soft -mthumb -u _printf_float -u _scanf_float -Wl,--start-group -lc -lm -Wl,--end-group
Finished building target: IMUData.elf
 
arm-none-eabi-size   IMUData.elf 
arm-none-eabi-objdump -h -S  IMUData.elf  > "IMUData.list"
   text	   data	    bss	    dec	    hex	filename
  47676	    488	   2936	  51100	   c79c	IMUData.elf
Finished building: default.size.stdout
 
Finished building: IMUData.list
 
12:41:55 **** Incremental Build of configuration Debug for project IMUData ****
make -j16 all 
arm-none-eabi-size   IMUData.elf 
   text	   data	    bss	    dec	    hex	filename
  47676	    488	   2936	  51100	   c79c	IMUData.elf
Finished building: default.size.stdout
 
12:44:12 **** Incremental Build of configuration Debug for project IMUData ****
make -j16 all 
[...]
../Core/Src/main.c: In function 'main':
../Core/Src/main.c:202:8: warning: variable 'buffer' set but not used [-Wunused-but-set-variable]
  202 |   char buffer[512];
      |        ^~~~~~
../Core/Src/main.c:200:8: warning: unused variable 'buf102' [-Wunused-variable]
  200 |   char buf102[256];
      |        ^~~~~~
../Core/Src/main.c:282:13: error: invalid storage class for function 'MX_I2C2_Init'
  282 | static void MX_I2C2_Init(void)
      |             ^~~~~~~~~~~~
../Core/Src/main.c:330:13: error: invalid storage class for function 'MX_SPI2_Init'
  330 | static void MX_SPI2_Init(void)
      |             ^~~~~~~~~~~~
../Core/Src/main.c:370:13: error: invalid storage class for function 'MX_USART1_UART_Init'
  370 | static void MX_USART1_UART_Init(void)
      |             ^~~~~~~~~~~~~~~~~~~
../Core/Src/main.c:405:13: error: invalid storage class for function 'MX_GPIO_Init'
  405 | static void MX_GPIO_Init(void)
      |             ^~~~~~~~~~~~
../Core/Src/main.c: In function 'Encryption':
../Core/Src/main.c:472:7: error: 'buffer' undeclared (first use in this function); did you mean 'setbuffer'?
  472 |  aXor(buffer,compressedData);
      |       ^~~~~~
      |       setbuffer
../Core/Src/main.c:472:7: note: each undeclared identifier is reported only once for each function it appears in
../Core/Src/main.c:472:14: warning: passing argument 2 of 'aXor' makes pointer from integer without a cast [-Wint-conversion]
  472 |  aXor(buffer,compressedData);
      |              ^~~~~~~~~~~~~~
      |              |
      |              char
In file included from ../Core/Src/main.c:29:
../Core/Inc/xor_algo.h:8:31: note: expected 'char *' but argument is of type 'char'
    8 | void aXor(char buffer[], char compressed[]){
      |                          ~~~~~^~~~~~~~~~~~
../Core/Src/main.c: In function 'Decryption':
../Core/Src/main.c:476:7: error: 'buffer' undeclared (first use in this function); did you mean 'setbuffer'?
  476 |  aXor(buffer,compressedData);
      |       ^~~~~~
      |       setbuffer
../Core/Src/main.c:476:14: warning: passing argument 2 of 'aXor' makes pointer from integer without a cast [-Wint-conversion]
  476 |  aXor(buffer,compressedData);
      |              ^~~~~~~~~~~~~~
      |              |
      |              char
In file included from ../Core/Src/main.c:29:
../Core/Inc/xor_algo.h:8:31: note: expected 'char *' but argument is of type 'char'
    8 | void aXor(char buffer[], char compressed[]){
      |                          ~~~~~^~~~~~~~~~~~
../Core/Src/main.c: In function 'main':
../Core/Src/main.c:843:13: error: invalid storage class for function 'cs_high'
  843 | static void cs_high()
      |             ^~~~~~~
../Core/Src/main.c:848:13: error: invalid storage class for function 'cs_low'
  848 | static void cs_low()
      |             ^~~~~~
../Core/Src/main.c:853:13: error: invalid storage class for function 'select_user_bank'
  853 | static void select_user_bank(userbank ub)
      |             ^~~~~~~~~~~~~~~~
../Core/Src/main.c:864:16: error: invalid storage class for function 'read_single_icm20948_reg'
  864 | static uint8_t read_single_icm20948_reg(userbank ub, uint8_t reg)
      |                ^~~~~~~~~~~~~~~~~~~~~~~~
../Core/Src/main.c:878:13: error: invalid storage class for function 'write_single_icm20948_reg'
  878 | static void write_single_icm20948_reg(userbank ub, uint8_t reg, uint8_t val)
      |             ^~~~~~~~~~~~~~~~~~~~~~~~~
../Core/Src/main.c:891:17: error: invalid storage class for function 'read_multiple_icm20948_reg'
  891 | static uint8_t *read_multiple_icm20948_reg(userbank ub, uint8_t reg, uint8_t len)
      |                 ^~~~~~~~~~~~~~~~~~~~~~~~~~
../Core/Src/main.c:905:13: error: invalid storage class for function 'write_multiple_icm20948_reg'
  905 | static void write_multiple_icm20948_reg(userbank ub, uint8_t reg, uint8_t *val, uint8_t len)
      |             ^~~~~~~~~~~~~~~~~~~~~~~~~~~
../Core/Src/main.c:916:16: error: invalid storage class for function 'read_single_ak09916_reg'
  916 | static uint8_t read_single_ak09916_reg(uint8_t reg)
      |                ^~~~~~~~~~~~~~~~~~~~~~~
../Core/Src/main.c:926:13: error: invalid storage class for function 'write_single_ak09916_reg'
  926 | static void write_single_ak09916_reg(uint8_t reg, uint8_t val)
      |             ^~~~~~~~~~~~~~~~~~~~~~~~
../Core/Src/main.c:934:17: error: invalid storage class for function 'read_multiple_ak09916_reg'
  934 | static uint8_t *read_multiple_ak09916_reg(uint8_t reg, uint8_t len)
      |                 ^~~~~~~~~~~~~~~~~~~~~~~~~
../Core/Src/main.c:960:1: error: expected declaration or statement at end of input
  960 | }
      | ^
../Core/Src/main.c: At top level:
../Core/Src/main.c:66:13: warning: 'MX_GPIO_Init' used but never defined
   66 | static void MX_GPIO_Init(void);
      |             ^~~~~~~~~~~~
../Core/Src/main.c:67:13: warning: 'MX_I2C2_Init' used but never defined
   67 | static void MX_I2C2_Init(void);
      |             ^~~~~~~~~~~~
../Core/Src/main.c:68:13: warning: 'MX_SPI2_Init' used but never defined
   68 | static void MX_SPI2_Init(void);
      |             ^~~~~~~~~~~~
../Core/Src/main.c:69:13: warning: 'MX_USART1_UART_Init' used but never defined
   69 | static void MX_USART1_UART_Init(void);
      |             ^~~~~~~~~~~~~~~~~~~
../Core/Src/main.c:72:13: warning: 'cs_high' declared 'static' but never defined [-Wunused-function]
   72 | static void cs_high();
      |             ^~~~~~~
../Core/Src/main.c:73:13: warning: 'cs_low' declared 'static' but never defined [-Wunused-function]
   73 | static void cs_low();
      |             ^~~~~~
../Core/Src/main.c:74:13: warning: 'select_user_bank' declared 'static' but never defined [-Wunused-function]
   74 | static void select_user_bank(userbank ub);
      |             ^~~~~~~~~~~~~~~~
../Core/Src/main.c:75:16: warning: 'read_single_icm20948_reg' used but never defined
   75 | static uint8_t read_single_icm20948_reg(userbank ub, uint8_t reg);
      |                ^~~~~~~~~~~~~~~~~~~~~~~~
../Core/Src/main.c:76:13: warning: 'write_single_icm20948_reg' used but never defined
   76 | static void write_single_icm20948_reg(userbank ub, uint8_t reg, uint8_t val);
      |             ^~~~~~~~~~~~~~~~~~~~~~~~~
../Core/Src/main.c:77:17: warning: 'read_multiple_icm20948_reg' used but never defined
   77 | static uint8_t *read_multiple_icm20948_reg(userbank ub, uint8_t reg, uint8_t len);
      |                 ^~~~~~~~~~~~~~~~~~~~~~~~~~
../Core/Src/main.c:78:13: warning: 'write_multiple_icm20948_reg' used but never defined
   78 | static void write_multiple_icm20948_reg(userbank ub, uint8_t reg, uint8_t *val, uint8_t len);
      |             ^~~~~~~~~~~~~~~~~~~~~~~~~~~
../Core/Src/main.c:79:16: warning: 'read_single_ak09916_reg' used but never defined
   79 | static uint8_t read_single_ak09916_reg(uint8_t reg);
      |                ^~~~~~~~~~~~~~~~~~~~~~~
../Core/Src/main.c:80:13: warning: 'write_single_ak09916_reg' used but never defined
   80 | static void write_single_ak09916_reg(uint8_t reg, uint8_t val);
      |             ^~~~~~~~~~~~~~~~~~~~~~~~
../Core/Src/main.c:81:17: warning: 'read_multiple_ak09916_reg' used but never defined
   81 | static uint8_t *read_multiple_ak09916_reg(uint8_t reg, uint8_t len);
      |                 ^~~~~~~~~~~~~~~~~~~~~~~~~
../Core/Src/main.c:951:6: warning: 'Error_Handler' defined but not used [-Wunused-function]
  951 | void Error_Handler(void)
      |      ^~~~~~~~~~~~~
../Core/Src/main.c:934:17: warning: 'read_multiple_ak09916_reg' defined but not used [-Wunused-function]
  934 | static uint8_t *read_multiple_ak09916_reg(uint8_t reg, uint8_t len)
      |                 ^~~~~~~~~~~~~~~~~~~~~~~~~
../Core/Src/main.c:926:13: warning: 'write_single_ak09916_reg' defined but not used [-Wunused-function]
  926 | static void write_single_ak09916_reg(uint8_t reg, uint8_t val)
      |             ^~~~~~~~~~~~~~~~~~~~~~~~
../Core/Src/main.c:916:16: warning: 'read_single_ak09916_reg' defined but not used [-Wunused-function]
  916 | static uint8_t read_single_ak09916_reg(uint8_t reg)
      |                ^~~~~~~~~~~~~~~~~~~~~~~
../Core/Src/main.c:905:13: warning: 'write_multiple_icm20948_reg' defined but not used [-Wunused-function]
  905 | static void write_multiple_icm20948_reg(userbank ub, uint8_t reg, uint8_t *val, uint8_t len)
      |             ^~~~~~~~~~~~~~~~~~~~~~~~~~~
../Core/Src/main.c:815:6: warning: 'icm20948_accel_full_scale_select' defined but not used [-Wunused-function]
  815 | void icm20948_accel_full_scale_select(accel_full_scale full_scale)
      |      ^~~~~~~~~~~~~~~~~~~~~~~~~~~~~~~~
../Core/Src/main.c:788:6: warning: 'icm20948_gyro_full_scale_select' defined but not used [-Wunused-function]
  788 | void icm20948_gyro_full_scale_select(gyro_full_scale full_scale)
      |      ^~~~~~~~~~~~~~~~~~~~~~~~~~~~~~~
../Core/Src/main.c:730:6: warning: 'icm20948_accel_calibration' defined but not used [-Wunused-function]
  730 | void icm20948_accel_calibration()
      |      ^~~~~~~~~~~~~~~~~~~~~~~~~~
../Core/Src/main.c:698:6: warning: 'icm20948_gyro_calibration' defined but not used [-Wunused-function]
  698 | void icm20948_gyro_calibration()
      |      ^~~~~~~~~~~~~~~~~~~~~~~~~
../Core/Src/main.c:692:6: warning: 'ak09916_operation_mode_setting' defined but not used [-Wunused-function]
  692 | void ak09916_operation_mode_setting(operation_mode mode)
      |      ^~~~~~~~~~~~~~~~~~~~~~~~~~~~~~
../Core/Src/main.c:683:6: warning: 'icm20948_accel_sample_rate_divider' defined but not used [-Wunused-function]
  683 | void icm20948_accel_sample_rate_divider(uint16_t divider)
      |      ^~~~~~~~~~~~~~~~~~~~~~~~~~~~~~~~~~
../Core/Src/main.c:678:6: warning: 'icm20948_gyro_sample_rate_divider' defined but not used [-Wunused-function]
  678 | void icm20948_gyro_sample_rate_divider(uint8_t divider)
      |      ^~~~~~~~~~~~~~~~~~~~~~~~~~~~~~~~~
../Core/Src/main.c:670:6: warning: 'icm20948_accel_low_pass_filter' defined but not used [-Wunused-function]
  670 | void icm20948_accel_low_pass_filter(uint8_t config)
      |      ^~~~~~~~~~~~~~~~~~~~~~~~~~~~~~
../Core/Src/main.c:662:6: warning: 'icm20948_gyro_low_pass_filter' defined but not used [-Wunused-function]
  662 | void icm20948_gyro_low_pass_filter(uint8_t config)
      |      ^~~~~~~~~~~~~~~~~~~~~~~~~~~~~
../Core/Src/main.c:657:6: warning: 'icm20948_odr_align_enable' defined but not used [-Wunused-function]
  657 | void icm20948_odr_align_enable()
      |      ^~~~~~~~~~~~~~~~~~~~~~~~~
../Core/Src/main.c:649:6: warning: 'icm20948_clock_source' defined but not used [-Wunused-function]
  649 | void icm20948_clock_source(uint8_t source)
      |      ^~~~~~~~~~~~~~~~~~~~~
../Core/Src/main.c:641:6: warning: 'icm20948_i2c_master_clk_frq' defined but not used [-Wunused-function]
  641 | void icm20948_i2c_master_clk_frq(uint8_t config)
      |      ^~~~~~~~~~~~~~~~~~~~~~~~~~~
../Core/Src/main.c:632:6: warning: 'icm20948_i2c_master_enable' defined but not used [-Wunused-function]
  632 | void icm20948_i2c_master_enable()
      |      ^~~~~~~~~~~~~~~~~~~~~~~~~~
../Core/Src/main.c:624:6: warning: 'icm20948_i2c_master_reset' defined but not used [-Wunused-function]
  624 | void icm20948_i2c_master_reset()
      |      ^~~~~~~~~~~~~~~~~~~~~~~~~
../Core/Src/main.c:616:6: warning: 'icm20948_spi_slave_enable' defined but not used [-Wunused-function]
  616 | void icm20948_spi_slave_enable()
      |      ^~~~~~~~~~~~~~~~~~~~~~~~~
../Core/Src/main.c:607:6: warning: 'icm20948_sleep' defined but not used [-Wunused-function]
  607 | void icm20948_sleep()
      |      ^~~~~~~~~~~~~~
../Core/Src/main.c:598:6: warning: 'icm20948_wakeup' defined but not used [-Wunused-function]
  598 | void icm20948_wakeup()
      |      ^~~~~~~~~~~~~~~
../Core/Src/main.c:592:6: warning: 'ak09916_soft_reset' defined but not used [-Wunused-function]
  592 | void ak09916_soft_reset()
      |      ^~~~~~~~~~~~~~~~~~
../Core/Src/main.c:586:6: warning: 'icm20948_device_reset' defined but not used [-Wunused-function]
  586 | void icm20948_device_reset()
      |      ^~~~~~~~~~~~~~~~~~~~~
../Core/Src/main.c:576:6: warning: 'ak09916_who_am_i' defined but not used [-Wunused-function]
  576 | bool ak09916_who_am_i()
      |      ^~~~~~~~~~~~~~~~
../Core/Src/main.c:566:6: warning: 'icm20948_who_am_i' defined but not used [-Wunused-function]
  566 | bool icm20948_who_am_i()
      |      ^~~~~~~~~~~~~~~~~
../Core/Src/main.c:551:6: warning: 'ak09916_mag_read_uT' defined but not used [-Wunused-function]
  551 | bool ak09916_mag_read_uT(axises *data)
      |      ^~~~~~~~~~~~~~~~~~~
../Core/Src/main.c:542:6: warning: 'icm20948_accel_read_g' defined but not used [-Wunused-function]
  542 | void icm20948_accel_read_g(axises *data)
      |      ^~~~~~~~~~~~~~~~~~~~~
../Core/Src/main.c:533:6: warning: 'icm20948_gyro_read_dps' defined but not used [-Wunused-function]
  533 | void icm20948_gyro_read_dps(axises *data)
      |      ^~~~~~~~~~~~~~~~~~~~~~
../Core/Src/main.c:479:6: warning: 'ak09916_init' defined but not used [-Wunused-function]
  479 | void ak09916_init()
      |      ^~~~~~~~~~~~
../Core/Src/main.c:474:6: warning: 'Decryption' defined but not used [-Wunused-function]
  474 | void Decryption(char compressedData)
      |      ^~~~~~~~~~
../Core/Src/main.c:470:6: warning: 'Encryption' defined but not used [-Wunused-function]
  470 | void Encryption(char compressedData)
      |      ^~~~~~~~~~
../Core/Src/main.c:446:6: warning: 'icm20948_init' defined but not used [-Wunused-function]
  446 | void icm20948_init()
      |      ^~~~~~~~~~~~~
../Core/Src/main.c:405:13: warning: 'MX_GPIO_Init' defined but not used [-Wunused-function]
  405 | static void MX_GPIO_Init(void)
      |             ^~~~~~~~~~~~
../Core/Src/main.c:370:13: warning: 'MX_USART1_UART_Init' defined but not used [-Wunused-function]
  370 | static void MX_USART1_UART_Init(void)
      |             ^~~~~~~~~~~~~~~~~~~
../Core/Src/main.c:330:13: warning: 'MX_SPI2_Init' defined but not used [-Wunused-function]
  330 | static void MX_SPI2_Init(void)
      |             ^~~~~~~~~~~~
../Core/Src/main.c:282:13: warning: 'MX_I2C2_Init' defined but not used [-Wunused-function]
  282 | static void MX_I2C2_Init(void)
      |             ^~~~~~~~~~~~
../Core/Src/main.c:239:6: warning: 'SystemClock_Config' defined but not used [-Wunused-function]
  239 | void SystemClock_Config(void)
      |      ^~~~~~~~~~~~~~~~~~
make: *** [Core/Src/subdir.mk:34: Core/Src/main.o] Error 1
"make -j16 all" terminated with exit code 2. Build might be incomplete.
15:23:43 **** Incremental Build of configuration Debug for project IMUData ****
make -j16 all 
arm-none-eabi-gcc "../Core/Src/main.c" -mcpu=cortex-m0 -std=gnu11 -g3 -DDEBUG -DUSE_HAL_DRIVER -DSTM32F051x8 -c -I../Core/Inc -I../Drivers/STM32F0xx_HAL_Driver/Inc -I../Drivers/STM32F0xx_HAL_Driver/Inc/Legacy -I../Drivers/CMSIS/Device/ST/STM32F0xx/Include -I../Drivers/CMSIS/Include -O0 -ffunction-sections -fdata-sections -Wall -fstack-usage -MMD -MP -MF"Core/Src/main.d" -MT"Core/Src/main.o" --specs=nano.specs -mfloat-abi=soft -mthumb -o "Core/Src/main.o"
../Core/Src/main.c: In function 'main':
../Core/Src/main.c:229:10: error: redefinition of 'len'
  229 |      int len = strlen(buffer);
      |          ^~~
../Core/Src/main.c:218:10: note: previous definition of 'len' was here
  218 |      int len = strlen(buff2);
      |          ^~~
../Core/Src/main.c:200:8: warning: unused variable 'buf102' [-Wunused-variable]
  200 |   char buf102[256];
      |        ^~~~~~
../Core/Src/main.c: In function 'Encryption':
../Core/Src/main.c:481:7: error: 'buffer' undeclared (first use in this function); did you mean 'setbuffer'?
  481 |  aXor(buffer,compressedData);
      |       ^~~~~~
      |       setbuffer
../Core/Src/main.c:481:7: note: each undeclared identifier is reported only once for each function it appears in
../Core/Src/main.c:481:14: warning: passing argument 2 of 'aXor' makes pointer from integer without a cast [-Wint-conversion]
  481 |  aXor(buffer,compressedData);
      |              ^~~~~~~~~~~~~~
      |              |
      |              char
In file included from ../Core/Src/main.c:29:
../Core/Inc/xor_algo.h:8:31: note: expected 'char *' but argument is of type 'char'
    8 | void aXor(char buffer[], char compressed[]){
      |                          ~~~~~^~~~~~~~~~~~
../Core/Src/main.c: In function 'Decryption':
../Core/Src/main.c:485:7: error: 'buffer' undeclared (first use in this function); did you mean 'setbuffer'?
  485 |  aXor(buffer,compressedData);
      |       ^~~~~~
      |       setbuffer
../Core/Src/main.c:485:14: warning: passing argument 2 of 'aXor' makes pointer from integer without a cast [-Wint-conversion]
  485 |  aXor(buffer,compressedData);
      |              ^~~~~~~~~~~~~~
      |              |
      |              char
In file included from ../Core/Src/main.c:29:
../Core/Inc/xor_algo.h:8:31: note: expected 'char *' but argument is of type 'char'
    8 | void aXor(char buffer[], char compressed[]){
      |                          ~~~~~^~~~~~~~~~~~
make: *** [Core/Src/subdir.mk:34: Core/Src/main.o] Error 1
"make -j16 all" terminated with exit code 2. Build might be incomplete.
15:24:03 **** Incremental Build of configuration Debug for project IMUData ****
make -j16 all 
arm-none-eabi-gcc "../Core/Src/main.c" -mcpu=cortex-m0 -std=gnu11 -g3 -DDEBUG -DUSE_HAL_DRIVER -DSTM32F051x8 -c -I../Core/Inc -I../Drivers/STM32F0xx_HAL_Driver/Inc -I../Drivers/STM32F0xx_HAL_Driver/Inc/Legacy -I../Drivers/CMSIS/Device/ST/STM32F0xx/Include -I../Drivers/CMSIS/Include -O0 -ffunction-sections -fdata-sections -Wall -fstack-usage -MMD -MP -MF"Core/Src/main.d" -MT"Core/Src/main.o" --specs=nano.specs -mfloat-abi=soft -mthumb -o "Core/Src/main.o"
../Core/Src/main.c: In function 'main':
../Core/Src/main.c:229:10: error: redefinition of 'len'
  229 |      int len = strlen(buffer);
      |          ^~~
../Core/Src/main.c:218:10: note: previous definition of 'len' was here
  218 |      int len = strlen(buff2);
      |          ^~~
../Core/Src/main.c:200:8: warning: unused variable 'buf102' [-Wunused-variable]
  200 |   char buf102[256];
      |        ^~~~~~
make: *** [Core/Src/subdir.mk:34: Core/Src/main.o] Error 1
"make -j16 all" terminated with exit code 2. Build might be incomplete.
15:24:48 **** Incremental Build of configuration Debug for project IMUData ****
make -j16 all 
arm-none-eabi-gcc "../Core/Src/main.c" -mcpu=cortex-m0 -std=gnu11 -g3 -DDEBUG -DUSE_HAL_DRIVER -DSTM32F051x8 -c -I../Core/Inc -I../Drivers/STM32F0xx_HAL_Driver/Inc -I../Drivers/STM32F0xx_HAL_Driver/Inc/Legacy -I../Drivers/CMSIS/Device/ST/STM32F0xx/Include -I../Drivers/CMSIS/Include -O0 -ffunction-sections -fdata-sections -Wall -fstack-usage -MMD -MP -MF"Core/Src/main.d" -MT"Core/Src/main.o" --specs=nano.specs -mfloat-abi=soft -mthumb -o "Core/Src/main.o"
../Core/Src/main.c: In function 'main':
../Core/Src/main.c:200:8: warning: unused variable 'buf102' [-Wunused-variable]
  200 |   char buf102[256];
      |        ^~~~~~
arm-none-eabi-gcc -o "IMUData.elf" @"objects.list"   -mcpu=cortex-m0 -T"C:\Users\sthab\Documents\EEE3097S\eee3097s-project-2022\IMU\IMUData\STM32F051R8TX_FLASH.ld" --specs=nosys.specs -Wl,-Map="IMUData.map" -Wl,--gc-sections -static --specs=nano.specs -mfloat-abi=soft -mthumb -u _printf_float -u _scanf_float -Wl,--start-group -lc -lm -Wl,--end-group
Finished building target: IMUData.elf
 
arm-none-eabi-size   IMUData.elf 
arm-none-eabi-objdump -h -S  IMUData.elf  > "IMUData.list"
   text	   data	    bss	    dec	    hex	filename
  47984	    488	   1936	  50408	   c4e8	IMUData.elf
Finished building: default.size.stdout
 
Finished building: IMUData.list
 
