16:57:35 **** Incremental Build of configuration Debug for project IMUData ****
make -j16 all 
arm-none-eabi-gcc "../Core/Src/main.c" -mcpu=cortex-m0 -std=gnu11 -g3 -DDEBUG -DUSE_HAL_DRIVER -DSTM32F051x8 -c -I../Core/Inc -I../Drivers/STM32F0xx_HAL_Driver/Inc -I../Drivers/STM32F0xx_HAL_Driver/Inc/Legacy -I../Drivers/CMSIS/Device/ST/STM32F0xx/Include -I../Drivers/CMSIS/Include -O0 -ffunction-sections -fdata-sections -Wall -fstack-usage -MMD -MP -MF"Core/Src/main.d" -MT"Core/Src/main.o" --specs=nano.specs -mfloat-abi=soft -mthumb -o "Core/Src/main.o"
../Core/Src/main.c: In function 'main':
../Core/Src/main.c:227:10: warning: unused variable 'ratio' [-Wunused-variable]
  227 |   double ratio = ((double)sizeof(buff2)/(double)CompressedSize);
      |          ^~~~~
../Core/Src/main.c:226:8: warning: unused variable 'DecompressedSize' [-Wunused-variable]
  226 |   char DecompressedSize[sizeof(buff2)];
      |        ^~~~~~~~~~~~~~~~
../Core/Src/main.c:210:8: warning: unused variable 'buffer' [-Wunused-variable]
  210 |   char buffer[256];
      |        ^~~~~~
../Core/Src/main.c:208:8: warning: unused variable 'buf102' [-Wunused-variable]
  208 |   char buf102[256];
      |        ^~~~~~
arm-none-eabi-gcc -o "IMUData.elf" @"objects.list"   -mcpu=cortex-m0 -T"C:\Users\sthab\Documents\EEE3097S\eee3097s-project-2022\IMU\IMUData\STM32F051R8TX_FLASH.ld" --specs=nosys.specs -Wl,-Map="IMUData.map" -Wl,--gc-sections -static --specs=nano.specs -mfloat-abi=soft -mthumb -u _printf_float -u _scanf_float -Wl,--start-group -lc -lm -Wl,--end-group
Finished building target: IMUData.elf
 
arm-none-eabi-size   IMUData.elf 
arm-none-eabi-objdump -h -S  IMUData.elf  > "IMUData.list"
   text	   data	    bss	    dec	    hex	filename
  48128	    488	   1936	  50552	   c578	IMUData.elf
Finished building: default.size.stdout
 
Finished building: IMUData.list
 
16:57:59 **** Incremental Build of configuration Debug for project IMUData ****
make -j16 all 
arm-none-eabi-size   IMUData.elf 
   text	   data	    bss	    dec	    hex	filename
  48128	    488	   1936	  50552	   c578	IMUData.elf
Finished building: default.size.stdout
 
16:58:02 **** Incremental Build of configuration Debug for project IMUData ****
make -j16 all 
arm-none-eabi-size   IMUData.elf 
   text	   data	    bss	    dec	    hex	filename
  48128	    488	   1936	  50552	   c578	IMUData.elf
Finished building: default.size.stdout
 
16:59:11 **** Incremental Build of configuration Debug for project IMUData ****
make -j16 all 
arm-none-eabi-gcc "../Core/Src/main.c" -mcpu=cortex-m0 -std=gnu11 -g3 -DDEBUG -DUSE_HAL_DRIVER -DSTM32F051x8 -c -I../Core/Inc -I../Drivers/STM32F0xx_HAL_Driver/Inc -I../Drivers/STM32F0xx_HAL_Driver/Inc/Legacy -I../Drivers/CMSIS/Device/ST/STM32F0xx/Include -I../Drivers/CMSIS/Include -O0 -ffunction-sections -fdata-sections -Wall -fstack-usage -MMD -MP -MF"Core/Src/main.d" -MT"Core/Src/main.o" --specs=nano.specs -mfloat-abi=soft -mthumb -o "Core/Src/main.o"
../Core/Src/main.c: In function 'main':
../Core/Src/main.c:227:10: warning: unused variable 'ratio' [-Wunused-variable]
  227 |   double ratio = ((double)sizeof(buff2)/(double)CompressedSize);
      |          ^~~~~
../Core/Src/main.c:226:8: warning: unused variable 'DecompressedSize' [-Wunused-variable]
  226 |   char DecompressedSize[sizeof(buff2)];
      |        ^~~~~~~~~~~~~~~~
../Core/Src/main.c:210:8: warning: unused variable 'buffer' [-Wunused-variable]
  210 |   char buffer[256];
      |        ^~~~~~
../Core/Src/main.c:208:8: warning: unused variable 'buf102' [-Wunused-variable]
  208 |   char buf102[256];
      |        ^~~~~~
arm-none-eabi-gcc -o "IMUData.elf" @"objects.list"   -mcpu=cortex-m0 -T"C:\Users\sthab\Documents\EEE3097S\eee3097s-project-2022\IMU\IMUData\STM32F051R8TX_FLASH.ld" --specs=nosys.specs -Wl,-Map="IMUData.map" -Wl,--gc-sections -static --specs=nano.specs -mfloat-abi=soft -mthumb -u _printf_float -u _scanf_float -Wl,--start-group -lc -lm -Wl,--end-group
Finished building target: IMUData.elf
 
arm-none-eabi-size   IMUData.elf 
arm-none-eabi-objdump -h -S  IMUData.elf  > "IMUData.list"
   text	   data	    bss	    dec	    hex	filename
  48152	    488	   1936	  50576	   c590	IMUData.elf
Finished building: default.size.stdout
 
Finished building: IMUData.list
 
17:00:04 **** Incremental Build of configuration Debug for project IMUData ****
make -j16 all 
arm-none-eabi-gcc "../Core/Src/main.c" -mcpu=cortex-m0 -std=gnu11 -g3 -DDEBUG -DUSE_HAL_DRIVER -DSTM32F051x8 -c -I../Core/Inc -I../Drivers/STM32F0xx_HAL_Driver/Inc -I../Drivers/STM32F0xx_HAL_Driver/Inc/Legacy -I../Drivers/CMSIS/Device/ST/STM32F0xx/Include -I../Drivers/CMSIS/Include -O0 -ffunction-sections -fdata-sections -Wall -fstack-usage -MMD -MP -MF"Core/Src/main.d" -MT"Core/Src/main.o" --specs=nano.specs -mfloat-abi=soft -mthumb -o "Core/Src/main.o"
../Core/Src/main.c: In function 'main':
../Core/Src/main.c:227:10: warning: unused variable 'ratio' [-Wunused-variable]
  227 |   double ratio = ((double)sizeof(buff2)/(double)CompressedSize);
      |          ^~~~~
../Core/Src/main.c:226:8: warning: unused variable 'DecompressedSize' [-Wunused-variable]
  226 |   char DecompressedSize[sizeof(buff2)];
      |        ^~~~~~~~~~~~~~~~
../Core/Src/main.c:210:8: warning: unused variable 'buffer' [-Wunused-variable]
  210 |   char buffer[256];
      |        ^~~~~~
../Core/Src/main.c:208:8: warning: unused variable 'buf102' [-Wunused-variable]
  208 |   char buf102[256];
      |        ^~~~~~
arm-none-eabi-gcc -o "IMUData.elf" @"objects.list"   -mcpu=cortex-m0 -T"C:\Users\sthab\Documents\EEE3097S\eee3097s-project-2022\IMU\IMUData\STM32F051R8TX_FLASH.ld" --specs=nosys.specs -Wl,-Map="IMUData.map" -Wl,--gc-sections -static --specs=nano.specs -mfloat-abi=soft -mthumb -u _printf_float -u _scanf_float -Wl,--start-group -lc -lm -Wl,--end-group
Finished building target: IMUData.elf
 
arm-none-eabi-size   IMUData.elf 
arm-none-eabi-objdump -h -S  IMUData.elf  > "IMUData.list"
   text	   data	    bss	    dec	    hex	filename
  48152	    488	   1936	  50576	   c590	IMUData.elf
Finished building: default.size.stdout
 
Finished building: IMUData.list
 
17:01:43 **** Incremental Build of configuration Debug for project IMUData ****
make -j16 all 
arm-none-eabi-gcc "../Core/Src/main.c" -mcpu=cortex-m0 -std=gnu11 -g3 -DDEBUG -DUSE_HAL_DRIVER -DSTM32F051x8 -c -I../Core/Inc -I../Drivers/STM32F0xx_HAL_Driver/Inc -I../Drivers/STM32F0xx_HAL_Driver/Inc/Legacy -I../Drivers/CMSIS/Device/ST/STM32F0xx/Include -I../Drivers/CMSIS/Include -O0 -ffunction-sections -fdata-sections -Wall -fstack-usage -MMD -MP -MF"Core/Src/main.d" -MT"Core/Src/main.o" --specs=nano.specs -mfloat-abi=soft -mthumb -o "Core/Src/main.o"
../Core/Src/main.c: In function 'main':
../Core/Src/main.c:226:10: warning: unused variable 'ratio' [-Wunused-variable]
  226 |   double ratio = ((double)sizeof(buff2)/(double)CompressedSize);
      |          ^~~~~
../Core/Src/main.c:225:8: warning: unused variable 'DecompressedSize' [-Wunused-variable]
  225 |   char DecompressedSize[sizeof(buff2)];
      |        ^~~~~~~~~~~~~~~~
../Core/Src/main.c:209:8: warning: unused variable 'buffer' [-Wunused-variable]
  209 |   char buffer[256];
      |        ^~~~~~
../Core/Src/main.c:207:8: warning: unused variable 'buf102' [-Wunused-variable]
  207 |   char buf102[256];
      |        ^~~~~~
arm-none-eabi-gcc -o "IMUData.elf" @"objects.list"   -mcpu=cortex-m0 -T"C:\Users\sthab\Documents\EEE3097S\eee3097s-project-2022\IMU\IMUData\STM32F051R8TX_FLASH.ld" --specs=nosys.specs -Wl,-Map="IMUData.map" -Wl,--gc-sections -static --specs=nano.specs -mfloat-abi=soft -mthumb -u _printf_float -u _scanf_float -Wl,--start-group -lc -lm -Wl,--end-group
Finished building target: IMUData.elf
 
arm-none-eabi-size   IMUData.elf 
arm-none-eabi-objdump -h -S  IMUData.elf  > "IMUData.list"
   text	   data	    bss	    dec	    hex	filename
  48152	    488	   1936	  50576	   c590	IMUData.elf
Finished building: default.size.stdout
 
Finished building: IMUData.list
 
17:01:48 **** Incremental Build of configuration Debug for project IMUData ****
make -j16 all 
arm-none-eabi-size   IMUData.elf 
   text	   data	    bss	    dec	    hex	filename
  48152	    488	   1936	  50576	   c590	IMUData.elf
Finished building: default.size.stdout
 
17:02:24 **** Incremental Build of configuration Debug for project IMUData ****
make -j16 all 
arm-none-eabi-gcc "../Core/Src/main.c" -mcpu=cortex-m0 -std=gnu11 -g3 -DDEBUG -DUSE_HAL_DRIVER -DSTM32F051x8 -c -I../Core/Inc -I../Drivers/STM32F0xx_HAL_Driver/Inc -I../Drivers/STM32F0xx_HAL_Driver/Inc/Legacy -I../Drivers/CMSIS/Device/ST/STM32F0xx/Include -I../Drivers/CMSIS/Include -O0 -ffunction-sections -fdata-sections -Wall -fstack-usage -MMD -MP -MF"Core/Src/main.d" -MT"Core/Src/main.o" --specs=nano.specs -mfloat-abi=soft -mthumb -o "Core/Src/main.o"
../Core/Src/main.c: In function 'main':
../Core/Src/main.c:209:8: warning: unused variable 'buffer' [-Wunused-variable]
  209 |   char buffer[256];
      |        ^~~~~~
../Core/Src/main.c:207:8: warning: unused variable 'buf102' [-Wunused-variable]
  207 |   char buf102[256];
      |        ^~~~~~
arm-none-eabi-gcc -o "IMUData.elf" @"objects.list"   -mcpu=cortex-m0 -T"C:\Users\sthab\Documents\EEE3097S\eee3097s-project-2022\IMU\IMUData\STM32F051R8TX_FLASH.ld" --specs=nosys.specs -Wl,-Map="IMUData.map" -Wl,--gc-sections -static --specs=nano.specs -mfloat-abi=soft -mthumb -u _printf_float -u _scanf_float -Wl,--start-group -lc -lm -Wl,--end-group
Finished building target: IMUData.elf
 
arm-none-eabi-size   IMUData.elf 
arm-none-eabi-objdump -h -S  IMUData.elf  > "IMUData.list"
   text	   data	    bss	    dec	    hex	filename
  47580	    488	   1936	  50004	   c354	IMUData.elf
Finished building: default.size.stdout
 
Finished building: IMUData.list
 
17:02:29 **** Incremental Build of configuration Debug for project IMUData ****
make -j16 all 
arm-none-eabi-size   IMUData.elf 
   text	   data	    bss	    dec	    hex	filename
  47580	    488	   1936	  50004	   c354	IMUData.elf
Finished building: default.size.stdout
 
17:05:53 **** Incremental Build of configuration Debug for project IMUData ****
make -j16 all 
arm-none-eabi-gcc "../Core/Src/main.c" -mcpu=cortex-m0 -std=gnu11 -g3 -DDEBUG -DUSE_HAL_DRIVER -DSTM32F051x8 -c -I../Core/Inc -I../Drivers/STM32F0xx_HAL_Driver/Inc -I../Drivers/STM32F0xx_HAL_Driver/Inc/Legacy -I../Drivers/CMSIS/Device/ST/STM32F0xx/Include -I../Drivers/CMSIS/Include -O0 -ffunction-sections -fdata-sections -Wall -fstack-usage -MMD -MP -MF"Core/Src/main.d" -MT"Core/Src/main.o" --specs=nano.specs -mfloat-abi=soft -mthumb -o "Core/Src/main.o"
../Core/Src/main.c: In function 'main':
../Core/Src/main.c:228:15: warning: pointer targets in passing argument 1 of 'Compression' differ in signedness [-Wpointer-sign]
  228 |   Compression(CompressedBytes, (char *)buff2);
      |               ^~~~~~~~~~~~~~~
      |               |
      |               char *
../Core/Src/main.c:77:33: note: expected 'unsigned char *' but argument is of type 'char *'
   77 | void Compression(unsigned char *sizeOut, const char *Message_size);
      |                  ~~~~~~~~~~~~~~~^~~~~~~
../Core/Src/main.c:226:10: warning: unused variable 'ratio' [-Wunused-variable]
  226 |   double ratio = ((double)sizeof(buff2)/(double)CompressedSize);
      |          ^~~~~
../Core/Src/main.c:225:8: warning: unused variable 'DecompressedSize' [-Wunused-variable]
  225 |   char DecompressedSize[sizeof(buff2)];
      |        ^~~~~~~~~~~~~~~~
../Core/Src/main.c:209:8: warning: unused variable 'buffer' [-Wunused-variable]
  209 |   char buffer[256];
      |        ^~~~~~
../Core/Src/main.c:207:8: warning: unused variable 'buf102' [-Wunused-variable]
  207 |   char buf102[256];
      |        ^~~~~~
arm-none-eabi-gcc -o "IMUData.elf" @"objects.list"   -mcpu=cortex-m0 -T"C:\Users\sthab\Documents\EEE3097S\eee3097s-project-2022\IMU\IMUData\STM32F051R8TX_FLASH.ld" --specs=nosys.specs -Wl,-Map="IMUData.map" -Wl,--gc-sections -static --specs=nano.specs -mfloat-abi=soft -mthumb -u _printf_float -u _scanf_float -Wl,--start-group -lc -lm -Wl,--end-group
Finished building target: IMUData.elf
 
arm-none-eabi-size   IMUData.elf 
arm-none-eabi-objdump -h -S  IMUData.elf  > "IMUData.list"
   text	   data	    bss	    dec	    hex	filename
  48128	    488	   1936	  50552	   c578	IMUData.elf
Finished building: default.size.stdout
 
Finished building: IMUData.list
 
17:05:59 **** Incremental Build of configuration Debug for project IMUData ****
make -j16 all 
arm-none-eabi-size   IMUData.elf 
   text	   data	    bss	    dec	    hex	filename
  48128	    488	   1936	  50552	   c578	IMUData.elf
Finished building: default.size.stdout
 
17:12:15 **** Incremental Build of configuration Debug for project IMUData ****
make -j16 all 
arm-none-eabi-gcc "../Core/Src/main.c" -mcpu=cortex-m0 -std=gnu11 -g3 -DDEBUG -DUSE_HAL_DRIVER -DSTM32F051x8 -c -I../Core/Inc -I../Drivers/STM32F0xx_HAL_Driver/Inc -I../Drivers/STM32F0xx_HAL_Driver/Inc/Legacy -I../Drivers/CMSIS/Device/ST/STM32F0xx/Include -I../Drivers/CMSIS/Include -O0 -ffunction-sections -fdata-sections -Wall -fstack-usage -MMD -MP -MF"Core/Src/main.d" -MT"Core/Src/main.o" --specs=nano.specs -mfloat-abi=soft -mthumb -o "Core/Src/main.o"
../Core/Src/main.c: In function 'main':
../Core/Src/main.c:228:15: warning: pointer targets in passing argument 1 of 'Compression' differ in signedness [-Wpointer-sign]
  228 |   Compression(CompressedBytes, (char *)buff2);
      |               ^~~~~~~~~~~~~~~
      |               |
      |               char *
../Core/Src/main.c:77:33: note: expected 'unsigned char *' but argument is of type 'char *'
   77 | void Compression(unsigned char *sizeOut, const char *Message_size);
      |                  ~~~~~~~~~~~~~~~^~~~~~~
../Core/Src/main.c:226:10: warning: unused variable 'ratio' [-Wunused-variable]
  226 |   double ratio = ((double)sizeof(buff2)/(double)CompressedSize);
      |          ^~~~~
../Core/Src/main.c:225:8: warning: unused variable 'DecompressedSize' [-Wunused-variable]
  225 |   char DecompressedSize[sizeof(buff2)];
      |        ^~~~~~~~~~~~~~~~
../Core/Src/main.c:209:8: warning: unused variable 'buffer' [-Wunused-variable]
  209 |   char buffer[256];
      |        ^~~~~~
../Core/Src/main.c:207:8: warning: unused variable 'buf102' [-Wunused-variable]
  207 |   char buf102[256];
      |        ^~~~~~
arm-none-eabi-gcc -o "IMUData.elf" @"objects.list"   -mcpu=cortex-m0 -T"C:\Users\sthab\Documents\EEE3097S\eee3097s-project-2022\IMU\IMUData\STM32F051R8TX_FLASH.ld" --specs=nosys.specs -Wl,-Map="IMUData.map" -Wl,--gc-sections -static --specs=nano.specs -mfloat-abi=soft -mthumb -u _printf_float -u _scanf_float -Wl,--start-group -lc -lm -Wl,--end-group
Finished building target: IMUData.elf
 
arm-none-eabi-size   IMUData.elf 
arm-none-eabi-objdump -h -S  IMUData.elf  > "IMUData.list"
   text	   data	    bss	    dec	    hex	filename
  48500	    488	   1936	  50924	   c6ec	IMUData.elf
Finished building: default.size.stdout
 
Finished building: IMUData.list
 
17:12:23 **** Incremental Build of configuration Debug for project IMUData ****
make -j16 all 
arm-none-eabi-gcc "../Core/Src/main.c" -mcpu=cortex-m0 -std=gnu11 -g3 -DDEBUG -DUSE_HAL_DRIVER -DSTM32F051x8 -c -I../Core/Inc -I../Drivers/STM32F0xx_HAL_Driver/Inc -I../Drivers/STM32F0xx_HAL_Driver/Inc/Legacy -I../Drivers/CMSIS/Device/ST/STM32F0xx/Include -I../Drivers/CMSIS/Include -O0 -ffunction-sections -fdata-sections -Wall -fstack-usage -MMD -MP -MF"Core/Src/main.d" -MT"Core/Src/main.o" --specs=nano.specs -mfloat-abi=soft -mthumb -o "Core/Src/main.o"
../Core/Src/main.c: In function 'main':
../Core/Src/main.c:228:15: warning: pointer targets in passing argument 1 of 'Compression' differ in signedness [-Wpointer-sign]
  228 |   Compression(CompressedBytes, (char *)buff2);
      |               ^~~~~~~~~~~~~~~
      |               |
      |               char *
../Core/Src/main.c:77:33: note: expected 'unsigned char *' but argument is of type 'char *'
   77 | void Compression(unsigned char *sizeOut, const char *Message_size);
      |                  ~~~~~~~~~~~~~~~^~~~~~~
../Core/Src/main.c:226:10: warning: unused variable 'ratio' [-Wunused-variable]
  226 |   double ratio = ((double)sizeof(buff2)/(double)CompressedSize);
      |          ^~~~~
../Core/Src/main.c:225:8: warning: unused variable 'DecompressedSize' [-Wunused-variable]
  225 |   char DecompressedSize[sizeof(buff2)];
      |        ^~~~~~~~~~~~~~~~
../Core/Src/main.c:209:8: warning: unused variable 'buffer' [-Wunused-variable]
  209 |   char buffer[256];
      |        ^~~~~~
../Core/Src/main.c:207:8: warning: unused variable 'buf102' [-Wunused-variable]
  207 |   char buf102[256];
      |        ^~~~~~
arm-none-eabi-gcc -o "IMUData.elf" @"objects.list"   -mcpu=cortex-m0 -T"C:\Users\sthab\Documents\EEE3097S\eee3097s-project-2022\IMU\IMUData\STM32F051R8TX_FLASH.ld" --specs=nosys.specs -Wl,-Map="IMUData.map" -Wl,--gc-sections -static --specs=nano.specs -mfloat-abi=soft -mthumb -u _printf_float -u _scanf_float -Wl,--start-group -lc -lm -Wl,--end-group
Finished building target: IMUData.elf
 
arm-none-eabi-size   IMUData.elf 
arm-none-eabi-objdump -h -S  IMUData.elf  > "IMUData.list"
   text	   data	    bss	    dec	    hex	filename
  48492	    488	   1936	  50916	   c6e4	IMUData.elf
Finished building: default.size.stdout
 
Finished building: IMUData.list
 
17:12:29 **** Incremental Build of configuration Debug for project IMUData ****
make -j16 all 
arm-none-eabi-size   IMUData.elf 
   text	   data	    bss	    dec	    hex	filename
  48492	    488	   1936	  50916	   c6e4	IMUData.elf
Finished building: default.size.stdout
 
17:13:15 **** Incremental Build of configuration Debug for project IMUData ****
make -j16 all 
arm-none-eabi-gcc "../Core/Src/main.c" -mcpu=cortex-m0 -std=gnu11 -g3 -DDEBUG -DUSE_HAL_DRIVER -DSTM32F051x8 -c -I../Core/Inc -I../Drivers/STM32F0xx_HAL_Driver/Inc -I../Drivers/STM32F0xx_HAL_Driver/Inc/Legacy -I../Drivers/CMSIS/Device/ST/STM32F0xx/Include -I../Drivers/CMSIS/Include -O0 -ffunction-sections -fdata-sections -Wall -fstack-usage -MMD -MP -MF"Core/Src/main.d" -MT"Core/Src/main.o" --specs=nano.specs -mfloat-abi=soft -mthumb -o "Core/Src/main.o"
../Core/Src/main.c: In function 'main':
../Core/Src/main.c:227:15: warning: pointer targets in passing argument 1 of 'Compression' differ in signedness [-Wpointer-sign]
  227 |   Compression(CompressedBytes, (char *)buff2);
      |               ^~~~~~~~~~~~~~~
      |               |
      |               char *
../Core/Src/main.c:77:33: note: expected 'unsigned char *' but argument is of type 'char *'
   77 | void Compression(unsigned char *sizeOut, const char *Message_size);
      |                  ~~~~~~~~~~~~~~~^~~~~~~
../Core/Src/main.c:226:10: warning: unused variable 'ratio' [-Wunused-variable]
  226 |   double ratio = ((double)sizeof(buff2)/(double)CompressedSize);
      |          ^~~~~
../Core/Src/main.c:225:8: warning: unused variable 'DecompressedSize' [-Wunused-variable]
  225 |   char DecompressedSize[sizeof(buff2)];
      |        ^~~~~~~~~~~~~~~~
../Core/Src/main.c:209:8: warning: unused variable 'buffer' [-Wunused-variable]
  209 |   char buffer[256];
      |        ^~~~~~
../Core/Src/main.c:207:8: warning: unused variable 'buf102' [-Wunused-variable]
  207 |   char buf102[256];
      |        ^~~~~~
arm-none-eabi-gcc -o "IMUData.elf" @"objects.list"   -mcpu=cortex-m0 -T"C:\Users\sthab\Documents\EEE3097S\eee3097s-project-2022\IMU\IMUData\STM32F051R8TX_FLASH.ld" --specs=nosys.specs -Wl,-Map="IMUData.map" -Wl,--gc-sections -static --specs=nano.specs -mfloat-abi=soft -mthumb -u _printf_float -u _scanf_float -Wl,--start-group -lc -lm -Wl,--end-group
Finished building target: IMUData.elf
 
arm-none-eabi-size   IMUData.elf 
arm-none-eabi-objdump -h -S  IMUData.elf  > "IMUData.list"
   text	   data	    bss	    dec	    hex	filename
  48116	    488	   1936	  50540	   c56c	IMUData.elf
Finished building: default.size.stdout
 
Finished building: IMUData.list
 
17:13:23 **** Incremental Build of configuration Debug for project IMUData ****
make -j16 all 
arm-none-eabi-size   IMUData.elf 
   text	   data	    bss	    dec	    hex	filename
  48116	    488	   1936	  50540	   c56c	IMUData.elf
Finished building: default.size.stdout
 
17:16:37 **** Incremental Build of configuration Debug for project IMUData ****
make -j16 all 
arm-none-eabi-gcc "../Core/Src/main.c" -mcpu=cortex-m0 -std=gnu11 -g3 -DDEBUG -DUSE_HAL_DRIVER -DSTM32F051x8 -c -I../Core/Inc -I../Drivers/STM32F0xx_HAL_Driver/Inc -I../Drivers/STM32F0xx_HAL_Driver/Inc/Legacy -I../Drivers/CMSIS/Device/ST/STM32F0xx/Include -I../Drivers/CMSIS/Include -O0 -ffunction-sections -fdata-sections -Wall -fstack-usage -MMD -MP -MF"Core/Src/main.d" -MT"Core/Src/main.o" --specs=nano.specs -mfloat-abi=soft -mthumb -o "Core/Src/main.o"
../Core/Src/main.c: In function 'main':
../Core/Src/main.c:207:8: warning: unused variable 'buf102' [-Wunused-variable]
  207 |   char buf102[256];
      |        ^~~~~~
arm-none-eabi-gcc -o "IMUData.elf" @"objects.list"   -mcpu=cortex-m0 -T"C:\Users\sthab\Documents\EEE3097S\eee3097s-project-2022\IMU\IMUData\STM32F051R8TX_FLASH.ld" --specs=nosys.specs -Wl,-Map="IMUData.map" -Wl,--gc-sections -static --specs=nano.specs -mfloat-abi=soft -mthumb -u _printf_float -u _scanf_float -Wl,--start-group -lc -lm -Wl,--end-group
Finished building target: IMUData.elf
 
arm-none-eabi-size   IMUData.elf 
arm-none-eabi-objdump -h -S  IMUData.elf  > "IMUData.list"
   text	   data	    bss	    dec	    hex	filename
  47980	    488	   1936	  50404	   c4e4	IMUData.elf
Finished building: default.size.stdout
 
Finished building: IMUData.list
 
17:16:43 **** Incremental Build of configuration Debug for project IMUData ****
make -j16 all 
arm-none-eabi-size   IMUData.elf 
   text	   data	    bss	    dec	    hex	filename
  47980	    488	   1936	  50404	   c4e4	IMUData.elf
Finished building: default.size.stdout
 
17:19:21 **** Incremental Build of configuration Debug for project IMUData ****
make -j16 all 
arm-none-eabi-gcc "../Core/Src/main.c" -mcpu=cortex-m0 -std=gnu11 -g3 -DDEBUG -DUSE_HAL_DRIVER -DSTM32F051x8 -c -I../Core/Inc -I../Drivers/STM32F0xx_HAL_Driver/Inc -I../Drivers/STM32F0xx_HAL_Driver/Inc/Legacy -I../Drivers/CMSIS/Device/ST/STM32F0xx/Include -I../Drivers/CMSIS/Include -O0 -ffunction-sections -fdata-sections -Wall -fstack-usage -MMD -MP -MF"Core/Src/main.d" -MT"Core/Src/main.o" --specs=nano.specs -mfloat-abi=soft -mthumb -o "Core/Src/main.o"
../Core/Src/main.c: In function 'main':
../Core/Src/main.c:207:8: warning: unused variable 'buf102' [-Wunused-variable]
  207 |   char buf102[256];
      |        ^~~~~~
arm-none-eabi-gcc -o "IMUData.elf" @"objects.list"   -mcpu=cortex-m0 -T"C:\Users\sthab\Documents\EEE3097S\eee3097s-project-2022\IMU\IMUData\STM32F051R8TX_FLASH.ld" --specs=nosys.specs -Wl,-Map="IMUData.map" -Wl,--gc-sections -static --specs=nano.specs -mfloat-abi=soft -mthumb -u _printf_float -u _scanf_float -Wl,--start-group -lc -lm -Wl,--end-group
Finished building target: IMUData.elf
 
arm-none-eabi-size   IMUData.elf 
arm-none-eabi-objdump -h -S  IMUData.elf  > "IMUData.list"
   text	   data	    bss	    dec	    hex	filename
  47984	    488	   1936	  50408	   c4e8	IMUData.elf
Finished building: default.size.stdout
 
Finished building: IMUData.list
 
17:19:32 **** Incremental Build of configuration Debug for project IMUData ****
make -j16 all 
arm-none-eabi-gcc "../Core/Src/main.c" -mcpu=cortex-m0 -std=gnu11 -g3 -DDEBUG -DUSE_HAL_DRIVER -DSTM32F051x8 -c -I../Core/Inc -I../Drivers/STM32F0xx_HAL_Driver/Inc -I../Drivers/STM32F0xx_HAL_Driver/Inc/Legacy -I../Drivers/CMSIS/Device/ST/STM32F0xx/Include -I../Drivers/CMSIS/Include -O0 -ffunction-sections -fdata-sections -Wall -fstack-usage -MMD -MP -MF"Core/Src/main.d" -MT"Core/Src/main.o" --specs=nano.specs -mfloat-abi=soft -mthumb -o "Core/Src/main.o"
../Core/Src/main.c: In function 'main':
../Core/Src/main.c:235:11: warning: unused variable 'xorKey' [-Wunused-variable]
  235 |      char xorKey = 'a';
      |           ^~~~~~
../Core/Src/main.c:207:8: warning: unused variable 'buf102' [-Wunused-variable]
  207 |   char buf102[256];
      |        ^~~~~~
arm-none-eabi-gcc -o "IMUData.elf" @"objects.list"   -mcpu=cortex-m0 -T"C:\Users\sthab\Documents\EEE3097S\eee3097s-project-2022\IMU\IMUData\STM32F051R8TX_FLASH.ld" --specs=nosys.specs -Wl,-Map="IMUData.map" -Wl,--gc-sections -static --specs=nano.specs -mfloat-abi=soft -mthumb -u _printf_float -u _scanf_float -Wl,--start-group -lc -lm -Wl,--end-group
Finished building target: IMUData.elf
 
arm-none-eabi-size   IMUData.elf 
arm-none-eabi-objdump -h -S  IMUData.elf  > "IMUData.list"
   text	   data	    bss	    dec	    hex	filename
  47972	    488	   1936	  50396	   c4dc	IMUData.elf
Finished building: default.size.stdout
 
Finished building: IMUData.list
 
17:19:39 **** Incremental Build of configuration Debug for project IMUData ****
make -j16 all 
arm-none-eabi-size   IMUData.elf 
   text	   data	    bss	    dec	    hex	filename
  47972	    488	   1936	  50396	   c4dc	IMUData.elf
Finished building: default.size.stdout
 
17:20:27 **** Incremental Build of configuration Debug for project IMUData ****
make -j16 all 
arm-none-eabi-gcc "../Core/Src/main.c" -mcpu=cortex-m0 -std=gnu11 -g3 -DDEBUG -DUSE_HAL_DRIVER -DSTM32F051x8 -c -I../Core/Inc -I../Drivers/STM32F0xx_HAL_Driver/Inc -I../Drivers/STM32F0xx_HAL_Driver/Inc/Legacy -I../Drivers/CMSIS/Device/ST/STM32F0xx/Include -I../Drivers/CMSIS/Include -O0 -ffunction-sections -fdata-sections -Wall -fstack-usage -MMD -MP -MF"Core/Src/main.d" -MT"Core/Src/main.o" --specs=nano.specs -mfloat-abi=soft -mthumb -o "Core/Src/main.o"
../Core/Src/main.c: In function 'main':
../Core/Src/main.c:235:11: warning: unused variable 'xorKey' [-Wunused-variable]
  235 |      char xorKey = 'a';
      |           ^~~~~~
../Core/Src/main.c:209:8: warning: variable 'buffer' set but not used [-Wunused-but-set-variable]
  209 |   char buffer[256];
      |        ^~~~~~
../Core/Src/main.c:207:8: warning: unused variable 'buf102' [-Wunused-variable]
  207 |   char buf102[256];
      |        ^~~~~~
arm-none-eabi-gcc -o "IMUData.elf" @"objects.list"   -mcpu=cortex-m0 -T"C:\Users\sthab\Documents\EEE3097S\eee3097s-project-2022\IMU\IMUData\STM32F051R8TX_FLASH.ld" --specs=nosys.specs -Wl,-Map="IMUData.map" -Wl,--gc-sections -static --specs=nano.specs -mfloat-abi=soft -mthumb -u _printf_float -u _scanf_float -Wl,--start-group -lc -lm -Wl,--end-group
Finished building target: IMUData.elf
 
arm-none-eabi-size   IMUData.elf 
arm-none-eabi-objdump -h -S  IMUData.elf  > "IMUData.list"
   text	   data	    bss	    dec	    hex	filename
  47816	    488	   1936	  50240	   c440	IMUData.elf
Finished building: default.size.stdout
 
Finished building: IMUData.list
 
17:20:45 **** Incremental Build of configuration Debug for project IMUData ****
make -j16 all 
arm-none-eabi-gcc "../Core/Src/main.c" -mcpu=cortex-m0 -std=gnu11 -g3 -DDEBUG -DUSE_HAL_DRIVER -DSTM32F051x8 -c -I../Core/Inc -I../Drivers/STM32F0xx_HAL_Driver/Inc -I../Drivers/STM32F0xx_HAL_Driver/Inc/Legacy -I../Drivers/CMSIS/Device/ST/STM32F0xx/Include -I../Drivers/CMSIS/Include -O0 -ffunction-sections -fdata-sections -Wall -fstack-usage -MMD -MP -MF"Core/Src/main.d" -MT"Core/Src/main.o" --specs=nano.specs -mfloat-abi=soft -mthumb -o "Core/Src/main.o"
../Core/Src/main.c: In function 'main':
../Core/Src/main.c:235:11: warning: unused variable 'xorKey' [-Wunused-variable]
  235 |      char xorKey = 'a';
      |           ^~~~~~
../Core/Src/main.c:209:8: warning: variable 'buffer' set but not used [-Wunused-but-set-variable]
  209 |   char buffer[256];
      |        ^~~~~~
../Core/Src/main.c:207:8: warning: unused variable 'buf102' [-Wunused-variable]
  207 |   char buf102[256];
      |        ^~~~~~
arm-none-eabi-gcc -o "IMUData.elf" @"objects.list"   -mcpu=cortex-m0 -T"C:\Users\sthab\Documents\EEE3097S\eee3097s-project-2022\IMU\IMUData\STM32F051R8TX_FLASH.ld" --specs=nosys.specs -Wl,-Map="IMUData.map" -Wl,--gc-sections -static --specs=nano.specs -mfloat-abi=soft -mthumb -u _printf_float -u _scanf_float -Wl,--start-group -lc -lm -Wl,--end-group
Finished building target: IMUData.elf
 
arm-none-eabi-size   IMUData.elf 
arm-none-eabi-objdump -h -S  IMUData.elf  > "IMUData.list"
   text	   data	    bss	    dec	    hex	filename
  47736	    488	   1936	  50160	   c3f0	IMUData.elf
Finished building: default.size.stdout
 
Finished building: IMUData.list
 
17:20:47 **** Incremental Build of configuration Debug for project IMUData ****
make -j16 all 
arm-none-eabi-gcc "../Core/Src/main.c" -mcpu=cortex-m0 -std=gnu11 -g3 -DDEBUG -DUSE_HAL_DRIVER -DSTM32F051x8 -c -I../Core/Inc -I../Drivers/STM32F0xx_HAL_Driver/Inc -I../Drivers/STM32F0xx_HAL_Driver/Inc/Legacy -I../Drivers/CMSIS/Device/ST/STM32F0xx/Include -I../Drivers/CMSIS/Include -O0 -ffunction-sections -fdata-sections -Wall -fstack-usage -MMD -MP -MF"Core/Src/main.d" -MT"Core/Src/main.o" --specs=nano.specs -mfloat-abi=soft -mthumb -o "Core/Src/main.o"
../Core/Src/main.c: In function 'main':
../Core/Src/main.c:235:11: warning: unused variable 'xorKey' [-Wunused-variable]
  235 |      char xorKey = 'a';
      |           ^~~~~~
../Core/Src/main.c:207:8: warning: unused variable 'buf102' [-Wunused-variable]
  207 |   char buf102[256];
      |        ^~~~~~
arm-none-eabi-gcc -o "IMUData.elf" @"objects.list"   -mcpu=cortex-m0 -T"C:\Users\sthab\Documents\EEE3097S\eee3097s-project-2022\IMU\IMUData\STM32F051R8TX_FLASH.ld" --specs=nosys.specs -Wl,-Map="IMUData.map" -Wl,--gc-sections -static --specs=nano.specs -mfloat-abi=soft -mthumb -u _printf_float -u _scanf_float -Wl,--start-group -lc -lm -Wl,--end-group
Finished building target: IMUData.elf
 
arm-none-eabi-size   IMUData.elf 
arm-none-eabi-objdump -h -S  IMUData.elf  > "IMUData.list"
   text	   data	    bss	    dec	    hex	filename
  47752	    488	   1936	  50176	   c400	IMUData.elf
Finished building: default.size.stdout
 
Finished building: IMUData.list
 
17:20:52 **** Incremental Build of configuration Debug for project IMUData ****
make -j16 all 
arm-none-eabi-size   IMUData.elf 
   text	   data	    bss	    dec	    hex	filename
  47752	    488	   1936	  50176	   c400	IMUData.elf
Finished building: default.size.stdout
 
17:22:32 **** Incremental Build of configuration Debug for project IMUData ****
make -j16 all 
arm-none-eabi-gcc "../Core/Src/main.c" -mcpu=cortex-m0 -std=gnu11 -g3 -DDEBUG -DUSE_HAL_DRIVER -DSTM32F051x8 -c -I../Core/Inc -I../Drivers/STM32F0xx_HAL_Driver/Inc -I../Drivers/STM32F0xx_HAL_Driver/Inc/Legacy -I../Drivers/CMSIS/Device/ST/STM32F0xx/Include -I../Drivers/CMSIS/Include -O0 -ffunction-sections -fdata-sections -Wall -fstack-usage -MMD -MP -MF"Core/Src/main.d" -MT"Core/Src/main.o" --specs=nano.specs -mfloat-abi=soft -mthumb -o "Core/Src/main.o"
../Core/Src/main.c: In function 'main':
../Core/Src/main.c:207:8: warning: unused variable 'buf102' [-Wunused-variable]
  207 |   char buf102[256];
      |        ^~~~~~
arm-none-eabi-gcc -o "IMUData.elf" @"objects.list"   -mcpu=cortex-m0 -T"C:\Users\sthab\Documents\EEE3097S\eee3097s-project-2022\IMU\IMUData\STM32F051R8TX_FLASH.ld" --specs=nosys.specs -Wl,-Map="IMUData.map" -Wl,--gc-sections -static --specs=nano.specs -mfloat-abi=soft -mthumb -u _printf_float -u _scanf_float -Wl,--start-group -lc -lm -Wl,--end-group
Finished building target: IMUData.elf
 
arm-none-eabi-size   IMUData.elf 
arm-none-eabi-objdump -h -S  IMUData.elf  > "IMUData.list"
   text	   data	    bss	    dec	    hex	filename
  47756	    488	   1936	  50180	   c404	IMUData.elf
Finished building: default.size.stdout
 
Finished building: IMUData.list
 
17:23:25 **** Incremental Build of configuration Debug for project IMUData ****
make -j16 all 
arm-none-eabi-gcc "../Core/Src/main.c" -mcpu=cortex-m0 -std=gnu11 -g3 -DDEBUG -DUSE_HAL_DRIVER -DSTM32F051x8 -c -I../Core/Inc -I../Drivers/STM32F0xx_HAL_Driver/Inc -I../Drivers/STM32F0xx_HAL_Driver/Inc/Legacy -I../Drivers/CMSIS/Device/ST/STM32F0xx/Include -I../Drivers/CMSIS/Include -O0 -ffunction-sections -fdata-sections -Wall -fstack-usage -MMD -MP -MF"Core/Src/main.d" -MT"Core/Src/main.o" --specs=nano.specs -mfloat-abi=soft -mthumb -o "Core/Src/main.o"
../Core/Src/main.c: In function 'main':
../Core/Src/main.c:235:11: warning: unused variable 'xorKey' [-Wunused-variable]
  235 |      char xorKey = 'a';
      |           ^~~~~~
../Core/Src/main.c:207:8: warning: unused variable 'buf102' [-Wunused-variable]
  207 |   char buf102[256];
      |        ^~~~~~
arm-none-eabi-gcc -o "IMUData.elf" @"objects.list"   -mcpu=cortex-m0 -T"C:\Users\sthab\Documents\EEE3097S\eee3097s-project-2022\IMU\IMUData\STM32F051R8TX_FLASH.ld" --specs=nosys.specs -Wl,-Map="IMUData.map" -Wl,--gc-sections -static --specs=nano.specs -mfloat-abi=soft -mthumb -u _printf_float -u _scanf_float -Wl,--start-group -lc -lm -Wl,--end-group
Finished building target: IMUData.elf
 
arm-none-eabi-size   IMUData.elf 
arm-none-eabi-objdump -h -S  IMUData.elf  > "IMUData.list"
   text	   data	    bss	    dec	    hex	filename
  47752	    488	   1936	  50176	   c400	IMUData.elf
Finished building: default.size.stdout
 
Finished building: IMUData.list
 
17:23:31 **** Incremental Build of configuration Debug for project IMUData ****
make -j16 all 
arm-none-eabi-size   IMUData.elf 
   text	   data	    bss	    dec	    hex	filename
  47752	    488	   1936	  50176	   c400	IMUData.elf
Finished building: default.size.stdout
 
17:24:08 **** Incremental Build of configuration Debug for project IMUData ****
make -j16 all 
arm-none-eabi-gcc "../Core/Src/main.c" -mcpu=cortex-m0 -std=gnu11 -g3 -DDEBUG -DUSE_HAL_DRIVER -DSTM32F051x8 -c -I../Core/Inc -I../Drivers/STM32F0xx_HAL_Driver/Inc -I../Drivers/STM32F0xx_HAL_Driver/Inc/Legacy -I../Drivers/CMSIS/Device/ST/STM32F0xx/Include -I../Drivers/CMSIS/Include -O0 -ffunction-sections -fdata-sections -Wall -fstack-usage -MMD -MP -MF"Core/Src/main.d" -MT"Core/Src/main.o" --specs=nano.specs -mfloat-abi=soft -mthumb -o "Core/Src/main.o"
../Core/Src/main.c: In function 'main':
../Core/Src/main.c:235:11: warning: unused variable 'xorKey' [-Wunused-variable]
  235 |      char xorKey = 'a';
      |           ^~~~~~
../Core/Src/main.c:207:8: warning: unused variable 'buf102' [-Wunused-variable]
  207 |   char buf102[256];
      |        ^~~~~~
arm-none-eabi-gcc -o "IMUData.elf" @"objects.list"   -mcpu=cortex-m0 -T"C:\Users\sthab\Documents\EEE3097S\eee3097s-project-2022\IMU\IMUData\STM32F051R8TX_FLASH.ld" --specs=nosys.specs -Wl,-Map="IMUData.map" -Wl,--gc-sections -static --specs=nano.specs -mfloat-abi=soft -mthumb -u _printf_float -u _scanf_float -Wl,--start-group -lc -lm -Wl,--end-group
Finished building target: IMUData.elf
 
arm-none-eabi-size   IMUData.elf 
arm-none-eabi-objdump -h -S  IMUData.elf  > "IMUData.list"
   text	   data	    bss	    dec	    hex	filename
  47752	    488	   1936	  50176	   c400	IMUData.elf
Finished building: default.size.stdout
 
Finished building: IMUData.list
 
17:24:12 **** Incremental Build of configuration Debug for project IMUData ****
make -j16 all 
arm-none-eabi-size   IMUData.elf 
   text	   data	    bss	    dec	    hex	filename
  47752	    488	   1936	  50176	   c400	IMUData.elf
Finished building: default.size.stdout
 
17:26:12 **** Incremental Build of configuration Debug for project IMUData ****
make -j16 all 
arm-none-eabi-gcc "../Core/Src/main.c" -mcpu=cortex-m0 -std=gnu11 -g3 -DDEBUG -DUSE_HAL_DRIVER -DSTM32F051x8 -c -I../Core/Inc -I../Drivers/STM32F0xx_HAL_Driver/Inc -I../Drivers/STM32F0xx_HAL_Driver/Inc/Legacy -I../Drivers/CMSIS/Device/ST/STM32F0xx/Include -I../Drivers/CMSIS/Include -O0 -ffunction-sections -fdata-sections -Wall -fstack-usage -MMD -MP -MF"Core/Src/main.d" -MT"Core/Src/main.o" --specs=nano.specs -mfloat-abi=soft -mthumb -o "Core/Src/main.o"
../Core/Src/main.c: In function 'main':
../Core/Src/main.c:245:4: error: void value not ignored as it ought to be
  245 |   *debugPrintln(&huart1,"-------------------------------Decryption -------------------------");
      |    ^~~~~~~~~~~~~~~~~~~~~~~~~~~~~~~~~~~~~~~~~~~~~~~~~~~~~~~~~~~~~~~~~~~~~~~~~~~~~~~~~~~~~~~~~~~
../Core/Src/main.c:255:23: error: expected expression before '/' token
  255 |      HAL_Delay(1000);*/
      |                       ^
../Core/Src/main.c:235:11: warning: unused variable 'xorKey' [-Wunused-variable]
  235 |      char xorKey = 'a';
      |           ^~~~~~
../Core/Src/main.c:207:8: warning: unused variable 'buf102' [-Wunused-variable]
  207 |   char buf102[256];
      |        ^~~~~~
make: *** [Core/Src/subdir.mk:34: Core/Src/main.o] Error 1
"make -j16 all" terminated with exit code 2. Build might be incomplete.
17:26:15 **** Incremental Build of configuration Debug for project IMUData ****
make -j16 all 
arm-none-eabi-gcc "../Core/Src/main.c" -mcpu=cortex-m0 -std=gnu11 -g3 -DDEBUG -DUSE_HAL_DRIVER -DSTM32F051x8 -c -I../Core/Inc -I../Drivers/STM32F0xx_HAL_Driver/Inc -I../Drivers/STM32F0xx_HAL_Driver/Inc/Legacy -I../Drivers/CMSIS/Device/ST/STM32F0xx/Include -I../Drivers/CMSIS/Include -O0 -ffunction-sections -fdata-sections -Wall -fstack-usage -MMD -MP -MF"Core/Src/main.d" -MT"Core/Src/main.o" --specs=nano.specs -mfloat-abi=soft -mthumb -o "Core/Src/main.o"
../Core/Src/main.c: In function 'main':
../Core/Src/main.c:245:4: error: void value not ignored as it ought to be
  245 |   *debugPrintln(&huart1,"-------------------------------Decryption -------------------------");
      |    ^~~~~~~~~~~~~~~~~~~~~~~~~~~~~~~~~~~~~~~~~~~~~~~~~~~~~~~~~~~~~~~~~~~~~~~~~~~~~~~~~~~~~~~~~~~
../Core/Src/main.c:235:11: warning: unused variable 'xorKey' [-Wunused-variable]
  235 |      char xorKey = 'a';
      |           ^~~~~~
../Core/Src/main.c:207:8: warning: unused variable 'buf102' [-Wunused-variable]
  207 |   char buf102[256];
      |        ^~~~~~
make: *** [Core/Src/subdir.mk:34: Core/Src/main.o] Error 1
"make -j16 all" terminated with exit code 2. Build might be incomplete.
17:26:19 **** Incremental Build of configuration Debug for project IMUData ****
make -j16 all 
arm-none-eabi-gcc "../Core/Src/main.c" -mcpu=cortex-m0 -std=gnu11 -g3 -DDEBUG -DUSE_HAL_DRIVER -DSTM32F051x8 -c -I../Core/Inc -I../Drivers/STM32F0xx_HAL_Driver/Inc -I../Drivers/STM32F0xx_HAL_Driver/Inc/Legacy -I../Drivers/CMSIS/Device/ST/STM32F0xx/Include -I../Drivers/CMSIS/Include -O0 -ffunction-sections -fdata-sections -Wall -fstack-usage -MMD -MP -MF"Core/Src/main.d" -MT"Core/Src/main.o" --specs=nano.specs -mfloat-abi=soft -mthumb -o "Core/Src/main.o"
../Core/Src/main.c: In function 'main':
../Core/Src/main.c:245:4: error: void value not ignored as it ought to be
  245 |   *debugPrintln(&huart1,"-------------------------------Decryption -------------------------");
      |    ^~~~~~~~~~~~~~~~~~~~~~~~~~~~~~~~~~~~~~~~~~~~~~~~~~~~~~~~~~~~~~~~~~~~~~~~~~~~~~~~~~~~~~~~~~~
../Core/Src/main.c:235:11: warning: unused variable 'xorKey' [-Wunused-variable]
  235 |      char xorKey = 'a';
      |           ^~~~~~
../Core/Src/main.c:207:8: warning: unused variable 'buf102' [-Wunused-variable]
  207 |   char buf102[256];
      |        ^~~~~~
make: *** [Core/Src/subdir.mk:34: Core/Src/main.o] Error 1
"make -j16 all" terminated with exit code 2. Build might be incomplete.
17:26:45 **** Incremental Build of configuration Debug for project IMUData ****
make -j16 all 
arm-none-eabi-gcc "../Core/Src/main.c" -mcpu=cortex-m0 -std=gnu11 -g3 -DDEBUG -DUSE_HAL_DRIVER -DSTM32F051x8 -c -I../Core/Inc -I../Drivers/STM32F0xx_HAL_Driver/Inc -I../Drivers/STM32F0xx_HAL_Driver/Inc/Legacy -I../Drivers/CMSIS/Device/ST/STM32F0xx/Include -I../Drivers/CMSIS/Include -O0 -ffunction-sections -fdata-sections -Wall -fstack-usage -MMD -MP -MF"Core/Src/main.d" -MT"Core/Src/main.o" --specs=nano.specs -mfloat-abi=soft -mthumb -o "Core/Src/main.o"
../Core/Src/main.c: In function 'main':
../Core/Src/main.c:235:11: warning: unused variable 'xorKey' [-Wunused-variable]
  235 |      char xorKey = 'a';
      |           ^~~~~~
../Core/Src/main.c:207:8: warning: unused variable 'buf102' [-Wunused-variable]
  207 |   char buf102[256];
      |        ^~~~~~
arm-none-eabi-gcc -o "IMUData.elf" @"objects.list"   -mcpu=cortex-m0 -T"C:\Users\sthab\Documents\EEE3097S\eee3097s-project-2022\IMU\IMUData\STM32F051R8TX_FLASH.ld" --specs=nosys.specs -Wl,-Map="IMUData.map" -Wl,--gc-sections -static --specs=nano.specs -mfloat-abi=soft -mthumb -u _printf_float -u _scanf_float -Wl,--start-group -lc -lm -Wl,--end-group
Finished building target: IMUData.elf
 
arm-none-eabi-size   IMUData.elf 
arm-none-eabi-objdump -h -S  IMUData.elf  > "IMUData.list"
   text	   data	    bss	    dec	    hex	filename
  47984	    488	   1936	  50408	   c4e8	IMUData.elf
Finished building: default.size.stdout
 
Finished building: IMUData.list
 
17:26:52 **** Incremental Build of configuration Debug for project IMUData ****
make -j16 all 
arm-none-eabi-size   IMUData.elf 
   text	   data	    bss	    dec	    hex	filename
  47984	    488	   1936	  50408	   c4e8	IMUData.elf
Finished building: default.size.stdout
 
17:30:00 **** Incremental Build of configuration Debug for project IMUData ****
make -j16 all 
arm-none-eabi-gcc "../Core/Src/main.c" -mcpu=cortex-m0 -std=gnu11 -g3 -DDEBUG -DUSE_HAL_DRIVER -DSTM32F051x8 -c -I../Core/Inc -I../Drivers/STM32F0xx_HAL_Driver/Inc -I../Drivers/STM32F0xx_HAL_Driver/Inc/Legacy -I../Drivers/CMSIS/Device/ST/STM32F0xx/Include -I../Drivers/CMSIS/Include -O0 -ffunction-sections -fdata-sections -Wall -fstack-usage -MMD -MP -MF"Core/Src/main.d" -MT"Core/Src/main.o" --specs=nano.specs -mfloat-abi=soft -mthumb -o "Core/Src/main.o"
../Core/Src/main.c: In function 'main':
../Core/Src/main.c:235:11: warning: unused variable 'xorKey' [-Wunused-variable]
  235 |      char xorKey = 'a';
      |           ^~~~~~
../Core/Src/main.c:207:8: warning: unused variable 'buf102' [-Wunused-variable]
  207 |   char buf102[256];
      |        ^~~~~~
arm-none-eabi-gcc -o "IMUData.elf" @"objects.list"   -mcpu=cortex-m0 -T"C:\Users\sthab\Documents\EEE3097S\eee3097s-project-2022\IMU\IMUData\STM32F051R8TX_FLASH.ld" --specs=nosys.specs -Wl,-Map="IMUData.map" -Wl,--gc-sections -static --specs=nano.specs -mfloat-abi=soft -mthumb -u _printf_float -u _scanf_float -Wl,--start-group -lc -lm -Wl,--end-group
Finished building target: IMUData.elf
 
arm-none-eabi-size   IMUData.elf 
arm-none-eabi-objdump -h -S  IMUData.elf  > "IMUData.list"
   text	   data	    bss	    dec	    hex	filename
  47984	    488	   1936	  50408	   c4e8	IMUData.elf
Finished building: default.size.stdout
 
Finished building: IMUData.list
 
17:30:07 **** Incremental Build of configuration Debug for project IMUData ****
make -j16 all 
arm-none-eabi-size   IMUData.elf 
   text	   data	    bss	    dec	    hex	filename
  47984	    488	   1936	  50408	   c4e8	IMUData.elf
Finished building: default.size.stdout
 
17:30:21 **** Incremental Build of configuration Debug for project IMUData ****
make -j16 all 
arm-none-eabi-size   IMUData.elf 
   text	   data	    bss	    dec	    hex	filename
  47984	    488	   1936	  50408	   c4e8	IMUData.elf
Finished building: default.size.stdout
 
17:32:26 **** Incremental Build of configuration Debug for project IMUData ****
make -j16 all 
arm-none-eabi-gcc "../Core/Src/main.c" -mcpu=cortex-m0 -std=gnu11 -g3 -DDEBUG -DUSE_HAL_DRIVER -DSTM32F051x8 -c -I../Core/Inc -I../Drivers/STM32F0xx_HAL_Driver/Inc -I../Drivers/STM32F0xx_HAL_Driver/Inc/Legacy -I../Drivers/CMSIS/Device/ST/STM32F0xx/Include -I../Drivers/CMSIS/Include -O0 -ffunction-sections -fdata-sections -Wall -fstack-usage -MMD -MP -MF"Core/Src/main.d" -MT"Core/Src/main.o" --specs=nano.specs -mfloat-abi=soft -mthumb -o "Core/Src/main.o"
../Core/Src/main.c: In function 'main':
../Core/Src/main.c:235:11: warning: unused variable 'xorKey' [-Wunused-variable]
  235 |      char xorKey = 'a';
      |           ^~~~~~
../Core/Src/main.c:207:8: warning: unused variable 'buf102' [-Wunused-variable]
  207 |   char buf102[256];
      |        ^~~~~~
arm-none-eabi-gcc -o "IMUData.elf" @"objects.list"   -mcpu=cortex-m0 -T"C:\Users\sthab\Documents\EEE3097S\eee3097s-project-2022\IMU\IMUData\STM32F051R8TX_FLASH.ld" --specs=nosys.specs -Wl,-Map="IMUData.map" -Wl,--gc-sections -static --specs=nano.specs -mfloat-abi=soft -mthumb -u _printf_float -u _scanf_float -Wl,--start-group -lc -lm -Wl,--end-group
Finished building target: IMUData.elf
 
arm-none-eabi-size   IMUData.elf 
arm-none-eabi-objdump -h -S  IMUData.elf  > "IMUData.list"
   text	   data	    bss	    dec	    hex	filename
  47984	    488	   1936	  50408	   c4e8	IMUData.elf
Finished building: default.size.stdout
 
Finished building: IMUData.list
 
17:32:31 **** Incremental Build of configuration Debug for project IMUData ****
make -j16 all 
arm-none-eabi-size   IMUData.elf 
   text	   data	    bss	    dec	    hex	filename
  47984	    488	   1936	  50408	   c4e8	IMUData.elf
Finished building: default.size.stdout
 
17:32:58 **** Incremental Build of configuration Debug for project IMUData ****
make -j16 all 
arm-none-eabi-gcc "../Core/Src/main.c" -mcpu=cortex-m0 -std=gnu11 -g3 -DDEBUG -DUSE_HAL_DRIVER -DSTM32F051x8 -c -I../Core/Inc -I../Drivers/STM32F0xx_HAL_Driver/Inc -I../Drivers/STM32F0xx_HAL_Driver/Inc/Legacy -I../Drivers/CMSIS/Device/ST/STM32F0xx/Include -I../Drivers/CMSIS/Include -O0 -ffunction-sections -fdata-sections -Wall -fstack-usage -MMD -MP -MF"Core/Src/main.d" -MT"Core/Src/main.o" --specs=nano.specs -mfloat-abi=soft -mthumb -o "Core/Src/main.o"
../Core/Src/main.c: In function 'main':
../Core/Src/main.c:235:11: warning: unused variable 'xorKey' [-Wunused-variable]
  235 |      char xorKey = 'a';
      |           ^~~~~~
../Core/Src/main.c:207:8: warning: unused variable 'buf102' [-Wunused-variable]
  207 |   char buf102[256];
      |        ^~~~~~
arm-none-eabi-gcc -o "IMUData.elf" @"objects.list"   -mcpu=cortex-m0 -T"C:\Users\sthab\Documents\EEE3097S\eee3097s-project-2022\IMU\IMUData\STM32F051R8TX_FLASH.ld" --specs=nosys.specs -Wl,-Map="IMUData.map" -Wl,--gc-sections -static --specs=nano.specs -mfloat-abi=soft -mthumb -u _printf_float -u _scanf_float -Wl,--start-group -lc -lm -Wl,--end-group
Finished building target: IMUData.elf
 
arm-none-eabi-size   IMUData.elf 
arm-none-eabi-objdump -h -S  IMUData.elf  > "IMUData.list"
   text	   data	    bss	    dec	    hex	filename
  47984	    488	   1936	  50408	   c4e8	IMUData.elf
Finished building: default.size.stdout
 
Finished building: IMUData.list
 
17:33:01 **** Incremental Build of configuration Debug for project IMUData ****
make -j16 all 
arm-none-eabi-size   IMUData.elf 
   text	   data	    bss	    dec	    hex	filename
  47984	    488	   1936	  50408	   c4e8	IMUData.elf
Finished building: default.size.stdout
 
10:23:24 **** Build of configuration Debug for project IMUData ****
make -j16 all 
arm-none-eabi-size   IMUData.elf 
   text	   data	    bss	    dec	    hex	filename
  47984	    488	   1936	  50408	   c4e8	IMUData.elf
Finished building: default.size.stdout
 
10:23:32 **** Incremental Build of configuration Debug for project IMUData ****
make -j16 all 
arm-none-eabi-size   IMUData.elf 
   text	   data	    bss	    dec	    hex	filename
  47984	    488	   1936	  50408	   c4e8	IMUData.elf
Finished building: default.size.stdout
 
13:40:57 **** Incremental Build of configuration Debug for project IMUData ****
make -j16 all 
arm-none-eabi-gcc "../Core/Src/main.c" -mcpu=cortex-m0 -std=gnu11 -g3 -DDEBUG -DUSE_HAL_DRIVER -DSTM32F051x8 -c -I../Core/Inc -I../Drivers/STM32F0xx_HAL_Driver/Inc -I../Drivers/STM32F0xx_HAL_Driver/Inc/Legacy -I../Drivers/CMSIS/Device/ST/STM32F0xx/Include -I../Drivers/CMSIS/Include -O0 -ffunction-sections -fdata-sections -Wall -fstack-usage -MMD -MP -MF"Core/Src/main.d" -MT"Core/Src/main.o" --specs=nano.specs -mfloat-abi=soft -mthumb -o "Core/Src/main.o"
../Core/Src/main.c: In function 'main':
../Core/Src/main.c:223:3: warning: "/*" within comment [-Wcomment]
  223 |   /*int CompressedSize = (sizeof(buff2))*(6/8);
      |    
../Core/Src/main.c:209:8: warning: unused variable 'buffer' [-Wunused-variable]
  209 |   char buffer[256];
      |        ^~~~~~
../Core/Src/main.c:208:8: warning: unused variable 'buff2' [-Wunused-variable]
  208 |   char buff2[256];
      |        ^~~~~
../Core/Src/main.c:207:8: warning: unused variable 'buf102' [-Wunused-variable]
  207 |   char buf102[256];
      |        ^~~~~~
../Core/Src/main.c:206:8: warning: unused variable 'buf101' [-Wunused-variable]
  206 |   char buf101[256];
      |        ^~~~~~
arm-none-eabi-gcc -o "IMUData.elf" @"objects.list"   -mcpu=cortex-m0 -T"C:\Users\sthab\Documents\EEE3097S\eee3097s-project-2022\IMU\IMUData\STM32F051R8TX_FLASH.ld" --specs=nosys.specs -Wl,-Map="IMUData.map" -Wl,--gc-sections -static --specs=nano.specs -mfloat-abi=soft -mthumb -u _printf_float -u _scanf_float -Wl,--start-group -lc -lm -Wl,--end-group
Finished building target: IMUData.elf
 
arm-none-eabi-size   IMUData.elf 
arm-none-eabi-objdump -h -S  IMUData.elf  > "IMUData.list"
   text	   data	    bss	    dec	    hex	filename
  46968	    488	   1936	  49392	   c0f0	IMUData.elf
Finished building: default.size.stdout
 
Finished building: IMUData.list
 
13:42:51 **** Incremental Build of configuration Debug for project IMUData ****
make -j16 all 
arm-none-eabi-size   IMUData.elf 
   text	   data	    bss	    dec	    hex	filename
  46968	    488	   1936	  49392	   c0f0	IMUData.elf
Finished building: default.size.stdout
 
13:42:55 **** Incremental Build of configuration Debug for project IMUData ****
make -j16 all 
arm-none-eabi-size   IMUData.elf 
   text	   data	    bss	    dec	    hex	filename
  46968	    488	   1936	  49392	   c0f0	IMUData.elf
Finished building: default.size.stdout
 
13:43:01 **** Incremental Build of configuration Debug for project IMUData ****
make -j16 all 
arm-none-eabi-size   IMUData.elf 
   text	   data	    bss	    dec	    hex	filename
  46968	    488	   1936	  49392	   c0f0	IMUData.elf
Finished building: default.size.stdout
 
13:45:11 **** Incremental Build of configuration Debug for project IMUData ****
make -j16 all 
arm-none-eabi-size   IMUData.elf 
   text	   data	    bss	    dec	    hex	filename
  46968	    488	   1936	  49392	   c0f0	IMUData.elf
Finished building: default.size.stdout
 
12:18:22 **** Incremental Build of configuration Debug for project IMUData ****
make -j16 all 
arm-none-eabi-gcc "../Core/Src/main.c" -mcpu=cortex-m0 -std=gnu11 -g3 -DDEBUG -DUSE_HAL_DRIVER -DSTM32F051x8 -c -I../Core/Inc -I../Drivers/STM32F0xx_HAL_Driver/Inc -I../Drivers/STM32F0xx_HAL_Driver/Inc/Legacy -I../Drivers/CMSIS/Device/ST/STM32F0xx/Include -I../Drivers/CMSIS/Include -O0 -ffunction-sections -fdata-sections -Wall -fstack-usage -MMD -MP -MF"Core/Src/main.d" -MT"Core/Src/main.o" --specs=nano.specs -mfloat-abi=soft -mthumb -o "Core/Src/main.o"
../Core/Src/main.c: In function 'main':
../Core/Src/main.c:227:11: warning: unused variable 'xorKey' [-Wunused-variable]
  227 |      char xorKey = 'a';
      |           ^~~~~~
../Core/Src/main.c:207:8: warning: unused variable 'buf102' [-Wunused-variable]
  207 |   char buf102[256];
      |        ^~~~~~
arm-none-eabi-gcc -o "IMUData.elf" @"objects.list"   -mcpu=cortex-m0 -T"C:\Users\sthab\Documents\EEE3097S\eee3097s-project-2022\IMU\IMUData\STM32F051R8TX_FLASH.ld" --specs=nosys.specs -Wl,-Map="IMUData.map" -Wl,--gc-sections -static --specs=nano.specs -mfloat-abi=soft -mthumb -u _printf_float -u _scanf_float -Wl,--start-group -lc -lm -Wl,--end-group
Finished building target: IMUData.elf
 
arm-none-eabi-size   IMUData.elf 
arm-none-eabi-objdump -h -S  IMUData.elf  > "IMUData.list"
   text	   data	    bss	    dec	    hex	filename
  47984	    488	   1936	  50408	   c4e8	IMUData.elf
Finished building: default.size.stdout
 
Finished building: IMUData.list
 
12:19:51 **** Incremental Build of configuration Debug for project IMUData ****
make -j16 all 
arm-none-eabi-size   IMUData.elf 
   text	   data	    bss	    dec	    hex	filename
  47984	    488	   1936	  50408	   c4e8	IMUData.elf
Finished building: default.size.stdout
 
12:20:45 **** Incremental Build of configuration Debug for project IMUData ****
make -j16 all 
arm-none-eabi-gcc "../Core/Src/main.c" -mcpu=cortex-m0 -std=gnu11 -g3 -DDEBUG -DUSE_HAL_DRIVER -DSTM32F051x8 -c -I../Core/Inc -I../Drivers/STM32F0xx_HAL_Driver/Inc -I../Drivers/STM32F0xx_HAL_Driver/Inc/Legacy -I../Drivers/CMSIS/Device/ST/STM32F0xx/Include -I../Drivers/CMSIS/Include -O0 -ffunction-sections -fdata-sections -Wall -fstack-usage -MMD -MP -MF"Core/Src/main.d" -MT"Core/Src/main.o" --specs=nano.specs -mfloat-abi=soft -mthumb -o "Core/Src/main.o"
../Core/Src/main.c: In function 'main':
../Core/Src/main.c:227:11: warning: unused variable 'xorKey' [-Wunused-variable]
  227 |      char xorKey = 'a';
      |           ^~~~~~
../Core/Src/main.c:207:8: warning: unused variable 'buf102' [-Wunused-variable]
  207 |   char buf102[256];
      |        ^~~~~~
arm-none-eabi-gcc -o "IMUData.elf" @"objects.list"   -mcpu=cortex-m0 -T"C:\Users\sthab\Documents\EEE3097S\eee3097s-project-2022\IMU\IMUData\STM32F051R8TX_FLASH.ld" --specs=nosys.specs -Wl,-Map="IMUData.map" -Wl,--gc-sections -static --specs=nano.specs -mfloat-abi=soft -mthumb -u _printf_float -u _scanf_float -Wl,--start-group -lc -lm -Wl,--end-group
Finished building target: IMUData.elf
 
arm-none-eabi-size   IMUData.elf 
arm-none-eabi-objdump -h -S  IMUData.elf  > "IMUData.list"
   text	   data	    bss	    dec	    hex	filename
  47984	    488	   1936	  50408	   c4e8	IMUData.elf
Finished building: default.size.stdout
 
Finished building: IMUData.list
 
12:20:51 **** Incremental Build of configuration Debug for project IMUData ****
make -j16 all 
arm-none-eabi-size   IMUData.elf 
   text	   data	    bss	    dec	    hex	filename
  47984	    488	   1936	  50408	   c4e8	IMUData.elf
Finished building: default.size.stdout
 
12:34:43 **** Incremental Build of configuration Debug for project IMUData ****
make -j16 all 
arm-none-eabi-gcc "../Core/Src/main.c" -mcpu=cortex-m0 -std=gnu11 -g3 -DDEBUG -DUSE_HAL_DRIVER -DSTM32F051x8 -c -I../Core/Inc -I../Drivers/STM32F0xx_HAL_Driver/Inc -I../Drivers/STM32F0xx_HAL_Driver/Inc/Legacy -I../Drivers/CMSIS/Device/ST/STM32F0xx/Include -I../Drivers/CMSIS/Include -O0 -ffunction-sections -fdata-sections -Wall -fstack-usage -MMD -MP -MF"Core/Src/main.d" -MT"Core/Src/main.o" --specs=nano.specs -mfloat-abi=soft -mthumb -o "Core/Src/main.o"
../Core/Src/main.c: In function 'main':
../Core/Src/main.c:227:11: warning: unused variable 'xorKey' [-Wunused-variable]
  227 |      char xorKey = 'a';
      |           ^~~~~~
../Core/Src/main.c:207:8: warning: unused variable 'buf102' [-Wunused-variable]
  207 |   char buf102[256];
      |        ^~~~~~
arm-none-eabi-gcc -o "IMUData.elf" @"objects.list"   -mcpu=cortex-m0 -T"C:\Users\sthab\Documents\EEE3097S\eee3097s-project-2022\IMU\IMUData\STM32F051R8TX_FLASH.ld" --specs=nosys.specs -Wl,-Map="IMUData.map" -Wl,--gc-sections -static --specs=nano.specs -mfloat-abi=soft -mthumb -u _printf_float -u _scanf_float -Wl,--start-group -lc -lm -Wl,--end-group
Finished building target: IMUData.elf
 
arm-none-eabi-size   IMUData.elf 
arm-none-eabi-objdump -h -S  IMUData.elf  > "IMUData.list"
   text	   data	    bss	    dec	    hex	filename
  47980	    488	   1936	  50404	   c4e4	IMUData.elf
Finished building: default.size.stdout
 
Finished building: IMUData.list
 
12:37:59 **** Incremental Build of configuration Debug for project IMUData ****
make -j16 all 
arm-none-eabi-gcc "../Core/Src/main.c" -mcpu=cortex-m0 -std=gnu11 -g3 -DDEBUG -DUSE_HAL_DRIVER -DSTM32F051x8 -c -I../Core/Inc -I../Drivers/STM32F0xx_HAL_Driver/Inc -I../Drivers/STM32F0xx_HAL_Driver/Inc/Legacy -I../Drivers/CMSIS/Device/ST/STM32F0xx/Include -I../Drivers/CMSIS/Include -O0 -ffunction-sections -fdata-sections -Wall -fstack-usage -MMD -MP -MF"Core/Src/main.d" -MT"Core/Src/main.o" --specs=nano.specs -mfloat-abi=soft -mthumb -o "Core/Src/main.o"
../Core/Src/main.c: In function 'main':
../Core/Src/main.c:227:11: warning: unused variable 'xorKey' [-Wunused-variable]
  227 |      char xorKey = 'a';
      |           ^~~~~~
../Core/Src/main.c:207:8: warning: unused variable 'buf102' [-Wunused-variable]
  207 |   char buf102[256];
      |        ^~~~~~
arm-none-eabi-gcc -o "IMUData.elf" @"objects.list"   -mcpu=cortex-m0 -T"C:\Users\sthab\Documents\EEE3097S\eee3097s-project-2022\IMU\IMUData\STM32F051R8TX_FLASH.ld" --specs=nosys.specs -Wl,-Map="IMUData.map" -Wl,--gc-sections -static --specs=nano.specs -mfloat-abi=soft -mthumb -u _printf_float -u _scanf_float -Wl,--start-group -lc -lm -Wl,--end-group
Finished building target: IMUData.elf
 
arm-none-eabi-size   IMUData.elf 
arm-none-eabi-objdump -h -S  IMUData.elf  > "IMUData.list"
   text	   data	    bss	    dec	    hex	filename
  47984	    488	   1936	  50408	   c4e8	IMUData.elf
Finished building: default.size.stdout
 
Finished building: IMUData.list
 
12:39:47 **** Incremental Build of configuration Debug for project IMUData ****
make -j16 all 
arm-none-eabi-gcc "../Core/Src/main.c" -mcpu=cortex-m0 -std=gnu11 -g3 -DDEBUG -DUSE_HAL_DRIVER -DSTM32F051x8 -c -I../Core/Inc -I../Drivers/STM32F0xx_HAL_Driver/Inc -I../Drivers/STM32F0xx_HAL_Driver/Inc/Legacy -I../Drivers/CMSIS/Device/ST/STM32F0xx/Include -I../Drivers/CMSIS/Include -O0 -ffunction-sections -fdata-sections -Wall -fstack-usage -MMD -MP -MF"Core/Src/main.d" -MT"Core/Src/main.o" --specs=nano.specs -mfloat-abi=soft -mthumb -o "Core/Src/main.o"
../Core/Src/main.c: In function 'main':
../Core/Src/main.c:207:8: warning: unused variable 'buf102' [-Wunused-variable]
  207 |   char buf102[256];
      |        ^~~~~~
arm-none-eabi-gcc -o "IMUData.elf" @"objects.list"   -mcpu=cortex-m0 -T"C:\Users\sthab\Documents\EEE3097S\eee3097s-project-2022\IMU\IMUData\STM32F051R8TX_FLASH.ld" --specs=nosys.specs -Wl,-Map="IMUData.map" -Wl,--gc-sections -static --specs=nano.specs -mfloat-abi=soft -mthumb -u _printf_float -u _scanf_float -Wl,--start-group -lc -lm -Wl,--end-group
Finished building target: IMUData.elf
 
arm-none-eabi-size   IMUData.elf 
arm-none-eabi-objdump -h -S  IMUData.elf  > "IMUData.list"
   text	   data	    bss	    dec	    hex	filename
  47996	    488	   1936	  50420	   c4f4	IMUData.elf
Finished building: default.size.stdout
 
Finished building: IMUData.list
 
12:41:21 **** Incremental Build of configuration Debug for project IMUData ****
make -j16 all 
arm-none-eabi-gcc "../Core/Src/main.c" -mcpu=cortex-m0 -std=gnu11 -g3 -DDEBUG -DUSE_HAL_DRIVER -DSTM32F051x8 -c -I../Core/Inc -I../Drivers/STM32F0xx_HAL_Driver/Inc -I../Drivers/STM32F0xx_HAL_Driver/Inc/Legacy -I../Drivers/CMSIS/Device/ST/STM32F0xx/Include -I../Drivers/CMSIS/Include -O0 -ffunction-sections -fdata-sections -Wall -fstack-usage -MMD -MP -MF"Core/Src/main.d" -MT"Core/Src/main.o" --specs=nano.specs -mfloat-abi=soft -mthumb -o "Core/Src/main.o"
../Core/Src/main.c: In function 'main':
../Core/Src/main.c:240:10: warning: unused variable 'len2' [-Wunused-variable]
  240 |      int len2 = strlen(buffer);
      |          ^~~~
../Core/Src/main.c:207:8: warning: unused variable 'buf102' [-Wunused-variable]
  207 |   char buf102[256];
      |        ^~~~~~
arm-none-eabi-gcc -o "IMUData.elf" @"objects.list"   -mcpu=cortex-m0 -T"C:\Users\sthab\Documents\EEE3097S\eee3097s-project-2022\IMU\IMUData\STM32F051R8TX_FLASH.ld" --specs=nosys.specs -Wl,-Map="IMUData.map" -Wl,--gc-sections -static --specs=nano.specs -mfloat-abi=soft -mthumb -u _printf_float -u _scanf_float -Wl,--start-group -lc -lm -Wl,--end-group
Finished building target: IMUData.elf
 
arm-none-eabi-size   IMUData.elf 
arm-none-eabi-objdump -h -S  IMUData.elf  > "IMUData.list"
   text	   data	    bss	    dec	    hex	filename
  47996	    488	   1936	  50420	   c4f4	IMUData.elf
Finished building: default.size.stdout
 
Finished building: IMUData.list
 
12:46:17 **** Incremental Build of configuration Debug for project IMUData ****
make -j16 all 
arm-none-eabi-gcc "../Core/Src/main.c" -mcpu=cortex-m0 -std=gnu11 -g3 -DDEBUG -DUSE_HAL_DRIVER -DSTM32F051x8 -c -I../Core/Inc -I../Drivers/STM32F0xx_HAL_Driver/Inc -I../Drivers/STM32F0xx_HAL_Driver/Inc/Legacy -I../Drivers/CMSIS/Device/ST/STM32F0xx/Include -I../Drivers/CMSIS/Include -O0 -ffunction-sections -fdata-sections -Wall -fstack-usage -MMD -MP -MF"Core/Src/main.d" -MT"Core/Src/main.o" --specs=nano.specs -mfloat-abi=soft -mthumb -o "Core/Src/main.o"
../Core/Src/main.c: In function 'main':
../Core/Src/main.c:239:11: error: redefinition of 'xorKey'
  239 |      char xorKey = 'A';
      |           ^~~~~~
../Core/Src/main.c:227:11: note: previous definition of 'xorKey' was here
  227 |      char xorKey = 'A';
      |           ^~~~~~
../Core/Src/main.c:240:10: error: redefinition of 'len'
  240 |      int len = strlen(line);
      |          ^~~
../Core/Src/main.c:229:10: note: previous definition of 'len' was here
  229 |      int len = strlen(buff2);
      |          ^~~
../Core/Src/main.c:240:23: error: 'line' undeclared (first use in this function); did you mean 'link'?
  240 |      int len = strlen(line);
      |                       ^~~~
      |                       link
../Core/Src/main.c:240:23: note: each undeclared identifier is reported only once for each function it appears in
../Core/Src/main.c:207:8: warning: unused variable 'buf102' [-Wunused-variable]
  207 |   char buf102[256];
      |        ^~~~~~
make: *** [Core/Src/subdir.mk:34: Core/Src/main.o] Error 1
"make -j16 all" terminated with exit code 2. Build might be incomplete.
12:50:17 **** Incremental Build of configuration Debug for project IMUData ****
make -j16 all 
arm-none-eabi-gcc "../Core/Src/main.c" -mcpu=cortex-m0 -std=gnu11 -g3 -DDEBUG -DUSE_HAL_DRIVER -DSTM32F051x8 -c -I../Core/Inc -I../Drivers/STM32F0xx_HAL_Driver/Inc -I../Drivers/STM32F0xx_HAL_Driver/Inc/Legacy -I../Drivers/CMSIS/Device/ST/STM32F0xx/Include -I../Drivers/CMSIS/Include -O0 -ffunction-sections -fdata-sections -Wall -fstack-usage -MMD -MP -MF"Core/Src/main.d" -MT"Core/Src/main.o" --specs=nano.specs -mfloat-abi=soft -mthumb -o "Core/Src/main.o"
../Core/Src/main.c: In function 'main':
../Core/Src/main.c:227:23: error: 'line' undeclared (first use in this function); did you mean 'link'?
  227 |      int len = strlen(line);
      |                       ^~~~
      |                       link
../Core/Src/main.c:227:23: note: each undeclared identifier is reported only once for each function it appears in
../Core/Src/main.c:242:10: warning: unused variable 'len2' [-Wunused-variable]
  242 |      int len2 = strlen(buffer);
      |          ^~~~
../Core/Src/main.c:207:8: warning: unused variable 'buf102' [-Wunused-variable]
  207 |   char buf102[256];
      |        ^~~~~~
make: *** [Core/Src/subdir.mk:34: Core/Src/main.o] Error 1
"make -j16 all" terminated with exit code 2. Build might be incomplete.
12:51:40 **** Incremental Build of configuration Debug for project IMUData ****
make -j16 all 
arm-none-eabi-gcc "../Core/Src/main.c" -mcpu=cortex-m0 -std=gnu11 -g3 -DDEBUG -DUSE_HAL_DRIVER -DSTM32F051x8 -c -I../Core/Inc -I../Drivers/STM32F0xx_HAL_Driver/Inc -I../Drivers/STM32F0xx_HAL_Driver/Inc/Legacy -I../Drivers/CMSIS/Device/ST/STM32F0xx/Include -I../Drivers/CMSIS/Include -O0 -ffunction-sections -fdata-sections -Wall -fstack-usage -MMD -MP -MF"Core/Src/main.d" -MT"Core/Src/main.o" --specs=nano.specs -mfloat-abi=soft -mthumb -o "Core/Src/main.o"
../Core/Src/main.c: In function 'main':
../Core/Src/main.c:231:22: error: 'line' undeclared (first use in this function); did you mean 'link'?
  231 |          buffer[i] = line[i]^xorKey;
      |                      ^~~~
      |                      link
../Core/Src/main.c:231:22: note: each undeclared identifier is reported only once for each function it appears in
../Core/Src/main.c:207:8: warning: unused variable 'buf102' [-Wunused-variable]
  207 |   char buf102[256];
      |        ^~~~~~
make: *** [Core/Src/subdir.mk:34: Core/Src/main.o] Error 1
"make -j16 all" terminated with exit code 2. Build might be incomplete.
12:52:18 **** Incremental Build of configuration Debug for project IMUData ****
make -j16 all 
arm-none-eabi-gcc "../Core/Src/main.c" -mcpu=cortex-m0 -std=gnu11 -g3 -DDEBUG -DUSE_HAL_DRIVER -DSTM32F051x8 -c -I../Core/Inc -I../Drivers/STM32F0xx_HAL_Driver/Inc -I../Drivers/STM32F0xx_HAL_Driver/Inc/Legacy -I../Drivers/CMSIS/Device/ST/STM32F0xx/Include -I../Drivers/CMSIS/Include -O0 -ffunction-sections -fdata-sections -Wall -fstack-usage -MMD -MP -MF"Core/Src/main.d" -MT"Core/Src/main.o" --specs=nano.specs -mfloat-abi=soft -mthumb -o "Core/Src/main.o"
arm-none-eabi-gcc -o "IMUData.elf" @"objects.list"   -mcpu=cortex-m0 -T"C:\Users\sthab\Documents\EEE3097S\eee3097s-project-2022\IMU\IMUData\STM32F051R8TX_FLASH.ld" --specs=nosys.specs -Wl,-Map="IMUData.map" -Wl,--gc-sections -static --specs=nano.specs -mfloat-abi=soft -mthumb -u _printf_float -u _scanf_float -Wl,--start-group -lc -lm -Wl,--end-group
Finished building target: IMUData.elf
 
arm-none-eabi-size   IMUData.elf 
arm-none-eabi-objdump -h -S  IMUData.elf  > "IMUData.list"
   text	   data	    bss	    dec	    hex	filename
  48752	    488	   1936	  51176	   c7e8	IMUData.elf
Finished building: default.size.stdout
 
Finished building: IMUData.list
 
12:52:39 **** Incremental Build of configuration Debug for project IMUData ****
make -j16 all 
arm-none-eabi-gcc "../Core/Src/main.c" -mcpu=cortex-m0 -std=gnu11 -g3 -DDEBUG -DUSE_HAL_DRIVER -DSTM32F051x8 -c -I../Core/Inc -I../Drivers/STM32F0xx_HAL_Driver/Inc -I../Drivers/STM32F0xx_HAL_Driver/Inc/Legacy -I../Drivers/CMSIS/Device/ST/STM32F0xx/Include -I../Drivers/CMSIS/Include -O0 -ffunction-sections -fdata-sections -Wall -fstack-usage -MMD -MP -MF"Core/Src/main.d" -MT"Core/Src/main.o" --specs=nano.specs -mfloat-abi=soft -mthumb -o "Core/Src/main.o"
arm-none-eabi-gcc -o "IMUData.elf" @"objects.list"   -mcpu=cortex-m0 -T"C:\Users\sthab\Documents\EEE3097S\eee3097s-project-2022\IMU\IMUData\STM32F051R8TX_FLASH.ld" --specs=nosys.specs -Wl,-Map="IMUData.map" -Wl,--gc-sections -static --specs=nano.specs -mfloat-abi=soft -mthumb -u _printf_float -u _scanf_float -Wl,--start-group -lc -lm -Wl,--end-group
Finished building target: IMUData.elf
 
arm-none-eabi-size   IMUData.elf 
arm-none-eabi-objdump -h -S  IMUData.elf  > "IMUData.list"
   text	   data	    bss	    dec	    hex	filename
  48760	    488	   1936	  51184	   c7f0	IMUData.elf
Finished building: default.size.stdout
 
Finished building: IMUData.list
 
12:52:50 **** Incremental Build of configuration Debug for project IMUData ****
make -j16 all 
arm-none-eabi-size   IMUData.elf 
   text	   data	    bss	    dec	    hex	filename
  48760	    488	   1936	  51184	   c7f0	IMUData.elf
Finished building: default.size.stdout
 
12:54:42 **** Incremental Build of configuration Debug for project IMUData ****
make -j16 all 
arm-none-eabi-gcc "../Core/Src/main.c" -mcpu=cortex-m0 -std=gnu11 -g3 -DDEBUG -DUSE_HAL_DRIVER -DSTM32F051x8 -c -I../Core/Inc -I../Drivers/STM32F0xx_HAL_Driver/Inc -I../Drivers/STM32F0xx_HAL_Driver/Inc/Legacy -I../Drivers/CMSIS/Device/ST/STM32F0xx/Include -I../Drivers/CMSIS/Include -O0 -ffunction-sections -fdata-sections -Wall -fstack-usage -MMD -MP -MF"Core/Src/main.d" -MT"Core/Src/main.o" --specs=nano.specs -mfloat-abi=soft -mthumb -o "Core/Src/main.o"
arm-none-eabi-gcc -o "IMUData.elf" @"objects.list"   -mcpu=cortex-m0 -T"C:\Users\sthab\Documents\EEE3097S\eee3097s-project-2022\IMU\IMUData\STM32F051R8TX_FLASH.ld" --specs=nosys.specs -Wl,-Map="IMUData.map" -Wl,--gc-sections -static --specs=nano.specs -mfloat-abi=soft -mthumb -u _printf_float -u _scanf_float -Wl,--start-group -lc -lm -Wl,--end-group
Finished building target: IMUData.elf
 
arm-none-eabi-size   IMUData.elf 
arm-none-eabi-objdump -h -S  IMUData.elf  > "IMUData.list"
   text	   data	    bss	    dec	    hex	filename
  48768	    488	   1936	  51192	   c7f8	IMUData.elf
Finished building: default.size.stdout
 
Finished building: IMUData.list
 
12:55:01 **** Incremental Build of configuration Debug for project IMUData ****
make -j16 all 
arm-none-eabi-gcc "../Core/Src/main.c" -mcpu=cortex-m0 -std=gnu11 -g3 -DDEBUG -DUSE_HAL_DRIVER -DSTM32F051x8 -c -I../Core/Inc -I../Drivers/STM32F0xx_HAL_Driver/Inc -I../Drivers/STM32F0xx_HAL_Driver/Inc/Legacy -I../Drivers/CMSIS/Device/ST/STM32F0xx/Include -I../Drivers/CMSIS/Include -O0 -ffunction-sections -fdata-sections -Wall -fstack-usage -MMD -MP -MF"Core/Src/main.d" -MT"Core/Src/main.o" --specs=nano.specs -mfloat-abi=soft -mthumb -o "Core/Src/main.o"
arm-none-eabi-gcc -o "IMUData.elf" @"objects.list"   -mcpu=cortex-m0 -T"C:\Users\sthab\Documents\EEE3097S\eee3097s-project-2022\IMU\IMUData\STM32F051R8TX_FLASH.ld" --specs=nosys.specs -Wl,-Map="IMUData.map" -Wl,--gc-sections -static --specs=nano.specs -mfloat-abi=soft -mthumb -u _printf_float -u _scanf_float -Wl,--start-group -lc -lm -Wl,--end-group
Finished building target: IMUData.elf
 
arm-none-eabi-size   IMUData.elf 
arm-none-eabi-objdump -h -S  IMUData.elf  > "IMUData.list"
   text	   data	    bss	    dec	    hex	filename
  48780	    488	   1936	  51204	   c804	IMUData.elf
Finished building: default.size.stdout
 
Finished building: IMUData.list
 
13:02:11 **** Incremental Build of configuration Debug for project IMUData ****
make -j16 all 
arm-none-eabi-gcc "../Core/Src/main.c" -mcpu=cortex-m0 -std=gnu11 -g3 -DDEBUG -DUSE_HAL_DRIVER -DSTM32F051x8 -c -I../Core/Inc -I../Drivers/STM32F0xx_HAL_Driver/Inc -I../Drivers/STM32F0xx_HAL_Driver/Inc/Legacy -I../Drivers/CMSIS/Device/ST/STM32F0xx/Include -I../Drivers/CMSIS/Include -O0 -ffunction-sections -fdata-sections -Wall -fstack-usage -MMD -MP -MF"Core/Src/main.d" -MT"Core/Src/main.o" --specs=nano.specs -mfloat-abi=soft -mthumb -o "Core/Src/main.o"
../Core/Src/main.c: In function 'main':
../Core/Src/main.c:234:120: error: incomplete universal character name \U
  234 |      _send = fopen("C:\Users\sthab\Documents\EEE3097S\eee3097s-project-2022\IMU\IMUData\Encryption Files\Encrypted.txt","w");
      |                                                                                                                        ^
../Core/Src/main.c:234:120: warning: unknown escape sequence: '\s'
../Core/Src/main.c:234:120: warning: unknown escape sequence: '\D'
../Core/Src/main.c:234:120: warning: unknown escape sequence: '\I'
../Core/Src/main.c:234:120: warning: unknown escape sequence: '\I'
../Core/Src/main.c:247:121: error: incomplete universal character name \U
  247 |      _send2 = fopen("C:\Users\sthab\Documents\EEE3097S\eee3097s-project-2022\IMU\IMUData\Encryption Files\Decrypted.txt","w");
      |                                                                                                                         ^
../Core/Src/main.c:247:121: warning: unknown escape sequence: '\s'
../Core/Src/main.c:247:121: warning: unknown escape sequence: '\D'
../Core/Src/main.c:247:121: warning: unknown escape sequence: '\I'
../Core/Src/main.c:247:121: warning: unknown escape sequence: '\I'
../Core/Src/main.c:247:121: warning: unknown escape sequence: '\D'
make: *** [Core/Src/subdir.mk:34: Core/Src/main.o] Error 1
"make -j16 all" terminated with exit code 2. Build might be incomplete.
13:03:02 **** Incremental Build of configuration Debug for project IMUData ****
make -j16 all 
arm-none-eabi-gcc "../Core/Src/main.c" -mcpu=cortex-m0 -std=gnu11 -g3 -DDEBUG -DUSE_HAL_DRIVER -DSTM32F051x8 -c -I../Core/Inc -I../Drivers/STM32F0xx_HAL_Driver/Inc -I../Drivers/STM32F0xx_HAL_Driver/Inc/Legacy -I../Drivers/CMSIS/Device/ST/STM32F0xx/Include -I../Drivers/CMSIS/Include -O0 -ffunction-sections -fdata-sections -Wall -fstack-usage -MMD -MP -MF"Core/Src/main.d" -MT"Core/Src/main.o" --specs=nano.specs -mfloat-abi=soft -mthumb -o "Core/Src/main.o"
../Core/Src/main.c: In function 'main':
../Core/Src/main.c:234:120: error: incomplete universal character name \U
  234 |      _send = fopen("C:\Users\sthab\Documents\EEE3097S\eee3097s-project-2022\IMU\IMUData\Encryption Files\Encrypted.txt","w");
      |                                                                                                                        ^
../Core/Src/main.c:234:120: warning: unknown escape sequence: '\s'
../Core/Src/main.c:234:120: warning: unknown escape sequence: '\D'
../Core/Src/main.c:234:120: warning: unknown escape sequence: '\I'
../Core/Src/main.c:234:120: warning: unknown escape sequence: '\I'
../Core/Src/main.c:247:129: warning: unknown escape sequence: '\I'
  247 |      _send2 = fopen("C:\\Users\\sthab\\Documents\\EEE3097S\\eee3097s-project-2022\\IMU\IMUData\\Encryption Files\\Decrypted.txt","w");
      |                                                                                                                                 ^
make: *** [Core/Src/subdir.mk:34: Core/Src/main.o] Error 1
"make -j16 all" terminated with exit code 2. Build might be incomplete.
13:03:28 **** Incremental Build of configuration Debug for project IMUData ****
make -j16 all 
arm-none-eabi-gcc "../Core/Src/main.c" -mcpu=cortex-m0 -std=gnu11 -g3 -DDEBUG -DUSE_HAL_DRIVER -DSTM32F051x8 -c -I../Core/Inc -I../Drivers/STM32F0xx_HAL_Driver/Inc -I../Drivers/STM32F0xx_HAL_Driver/Inc/Legacy -I../Drivers/CMSIS/Device/ST/STM32F0xx/Include -I../Drivers/CMSIS/Include -O0 -ffunction-sections -fdata-sections -Wall -fstack-usage -MMD -MP -MF"Core/Src/main.d" -MT"Core/Src/main.o" --specs=nano.specs -mfloat-abi=soft -mthumb -o "Core/Src/main.o"
../Core/Src/main.c: In function 'main':
../Core/Src/main.c:234:128: warning: unknown escape sequence: '\I'
  234 |      _send = fopen("C:\\Users\\sthab\\Documents\\EEE3097S\\eee3097s-project-2022\\IMU\IMUData\\Encryption Files\\Encrypted.txt","w");
      |                                                                                                                                ^
../Core/Src/main.c:247:129: warning: unknown escape sequence: '\I'
  247 |      _send2 = fopen("C:\\Users\\sthab\\Documents\\EEE3097S\\eee3097s-project-2022\\IMU\IMUData\\Encryption Files\\Decrypted.txt","w");
      |                                                                                                                                 ^
arm-none-eabi-gcc -o "IMUData.elf" @"objects.list"   -mcpu=cortex-m0 -T"C:\Users\sthab\Documents\EEE3097S\eee3097s-project-2022\IMU\IMUData\STM32F051R8TX_FLASH.ld" --specs=nosys.specs -Wl,-Map="IMUData.map" -Wl,--gc-sections -static --specs=nano.specs -mfloat-abi=soft -mthumb -u _printf_float -u _scanf_float -Wl,--start-group -lc -lm -Wl,--end-group
Finished building target: IMUData.elf
 
arm-none-eabi-size   IMUData.elf 
arm-none-eabi-objdump -h -S  IMUData.elf  > "IMUData.list"
   text	   data	    bss	    dec	    hex	filename
  48948	    488	   1936	  51372	   c8ac	IMUData.elf
Finished building: default.size.stdout
 
Finished building: IMUData.list
 
13:07:04 **** Incremental Build of configuration Debug for project IMUData ****
make -j16 all 
arm-none-eabi-gcc "../Core/Src/main.c" -mcpu=cortex-m0 -std=gnu11 -g3 -DDEBUG -DUSE_HAL_DRIVER -DSTM32F051x8 -c -I../Core/Inc -I../Drivers/STM32F0xx_HAL_Driver/Inc -I../Drivers/STM32F0xx_HAL_Driver/Inc/Legacy -I../Drivers/CMSIS/Device/ST/STM32F0xx/Include -I../Drivers/CMSIS/Include -O0 -ffunction-sections -fdata-sections -Wall -fstack-usage -MMD -MP -MF"Core/Src/main.d" -MT"Core/Src/main.o" --specs=nano.specs -mfloat-abi=soft -mthumb -o "Core/Src/main.o"
arm-none-eabi-gcc -o "IMUData.elf" @"objects.list"   -mcpu=cortex-m0 -T"C:\Users\sthab\Documents\EEE3097S\eee3097s-project-2022\IMU\IMUData\STM32F051R8TX_FLASH.ld" --specs=nosys.specs -Wl,-Map="IMUData.map" -Wl,--gc-sections -static --specs=nano.specs -mfloat-abi=soft -mthumb -u _printf_float -u _scanf_float -Wl,--start-group -lc -lm -Wl,--end-group
Finished building target: IMUData.elf
 
arm-none-eabi-size   IMUData.elf 
arm-none-eabi-objdump -h -S  IMUData.elf  > "IMUData.list"
   text	   data	    bss	    dec	    hex	filename
  47892	    488	   1936	  50316	   c48c	IMUData.elf
Finished building: default.size.stdout
 
Finished building: IMUData.list
 
13:07:15 **** Incremental Build of configuration Debug for project IMUData ****
make -j16 all 
arm-none-eabi-size   IMUData.elf 
   text	   data	    bss	    dec	    hex	filename
  47892	    488	   1936	  50316	   c48c	IMUData.elf
Finished building: default.size.stdout
 
13:08:32 **** Incremental Build of configuration Debug for project IMUData ****
make -j16 all 
arm-none-eabi-gcc "../Core/Src/main.c" -mcpu=cortex-m0 -std=gnu11 -g3 -DDEBUG -DUSE_HAL_DRIVER -DSTM32F051x8 -c -I../Core/Inc -I../Drivers/STM32F0xx_HAL_Driver/Inc -I../Drivers/STM32F0xx_HAL_Driver/Inc/Legacy -I../Drivers/CMSIS/Device/ST/STM32F0xx/Include -I../Drivers/CMSIS/Include -O0 -ffunction-sections -fdata-sections -Wall -fstack-usage -MMD -MP -MF"Core/Src/main.d" -MT"Core/Src/main.o" --specs=nano.specs -mfloat-abi=soft -mthumb -o "Core/Src/main.o"
../Core/Src/main.c: In function 'main':
../Core/Src/main.c:225:11: warning: unused variable 'xorKey' [-Wunused-variable]
  225 |      char xorKey = 'a';
      |           ^~~~~~
../Core/Src/main.c:207:8: warning: unused variable 'buf102' [-Wunused-variable]
  207 |   char buf102[256];
      |        ^~~~~~
arm-none-eabi-gcc -o "IMUData.elf" @"objects.list"   -mcpu=cortex-m0 -T"C:\Users\sthab\Documents\EEE3097S\eee3097s-project-2022\IMU\IMUData\STM32F051R8TX_FLASH.ld" --specs=nosys.specs -Wl,-Map="IMUData.map" -Wl,--gc-sections -static --specs=nano.specs -mfloat-abi=soft -mthumb -u _printf_float -u _scanf_float -Wl,--start-group -lc -lm -Wl,--end-group
Finished building target: IMUData.elf
 
arm-none-eabi-size   IMUData.elf 
arm-none-eabi-objdump -h -S  IMUData.elf  > "IMUData.list"
   text	   data	    bss	    dec	    hex	filename
  47984	    488	   1936	  50408	   c4e8	IMUData.elf
Finished building: default.size.stdout
 
Finished building: IMUData.list
 
13:08:38 **** Incremental Build of configuration Debug for project IMUData ****
make -j16 all 
arm-none-eabi-size   IMUData.elf 
   text	   data	    bss	    dec	    hex	filename
  47984	    488	   1936	  50408	   c4e8	IMUData.elf
Finished building: default.size.stdout
 
13:09:19 **** Incremental Build of configuration Debug for project IMUData ****
make -j16 all 
arm-none-eabi-gcc "../Core/Src/main.c" -mcpu=cortex-m0 -std=gnu11 -g3 -DDEBUG -DUSE_HAL_DRIVER -DSTM32F051x8 -c -I../Core/Inc -I../Drivers/STM32F0xx_HAL_Driver/Inc -I../Drivers/STM32F0xx_HAL_Driver/Inc/Legacy -I../Drivers/CMSIS/Device/ST/STM32F0xx/Include -I../Drivers/CMSIS/Include -O0 -ffunction-sections -fdata-sections -Wall -fstack-usage -MMD -MP -MF"Core/Src/main.d" -MT"Core/Src/main.o" --specs=nano.specs -mfloat-abi=soft -mthumb -o "Core/Src/main.o"
../Core/Src/main.c: In function 'main':
../Core/Src/main.c:225:11: warning: unused variable 'xorKey' [-Wunused-variable]
  225 |      char xorKey = 'a';
      |           ^~~~~~
../Core/Src/main.c:207:8: warning: unused variable 'buf102' [-Wunused-variable]
  207 |   char buf102[256];
      |        ^~~~~~
arm-none-eabi-gcc -o "IMUData.elf" @"objects.list"   -mcpu=cortex-m0 -T"C:\Users\sthab\Documents\EEE3097S\eee3097s-project-2022\IMU\IMUData\STM32F051R8TX_FLASH.ld" --specs=nosys.specs -Wl,-Map="IMUData.map" -Wl,--gc-sections -static --specs=nano.specs -mfloat-abi=soft -mthumb -u _printf_float -u _scanf_float -Wl,--start-group -lc -lm -Wl,--end-group
Finished building target: IMUData.elf
 
arm-none-eabi-size   IMUData.elf 
arm-none-eabi-objdump -h -S  IMUData.elf  > "IMUData.list"
   text	   data	    bss	    dec	    hex	filename
  47984	    488	   1936	  50408	   c4e8	IMUData.elf
Finished building: default.size.stdout
 
Finished building: IMUData.list
 
13:10:14 **** Incremental Build of configuration Debug for project IMUData ****
make -j16 all 
arm-none-eabi-gcc "../Core/Src/main.c" -mcpu=cortex-m0 -std=gnu11 -g3 -DDEBUG -DUSE_HAL_DRIVER -DSTM32F051x8 -c -I../Core/Inc -I../Drivers/STM32F0xx_HAL_Driver/Inc -I../Drivers/STM32F0xx_HAL_Driver/Inc/Legacy -I../Drivers/CMSIS/Device/ST/STM32F0xx/Include -I../Drivers/CMSIS/Include -O0 -ffunction-sections -fdata-sections -Wall -fstack-usage -MMD -MP -MF"Core/Src/main.d" -MT"Core/Src/main.o" --specs=nano.specs -mfloat-abi=soft -mthumb -o "Core/Src/main.o"
[...]
Finished building target: IMUData.elf
 
arm-none-eabi-size   IMUData.elf 
arm-none-eabi-objdump -h -S  IMUData.elf  > "IMUData.list"
   text	   data	    bss	    dec	    hex	filename
  47992	    488	   1936	  50416	   c4f0	IMUData.elf
Finished building: default.size.stdout
 
Finished building: IMUData.list
 
13:50:01 **** Incremental Build of configuration Debug for project IMUData ****
make -j16 all 
arm-none-eabi-gcc "../Core/Src/main.c" -mcpu=cortex-m0 -std=gnu11 -g3 -DDEBUG -DUSE_HAL_DRIVER -DSTM32F051x8 -c -I../Core/Inc -I../Drivers/STM32F0xx_HAL_Driver/Inc -I../Drivers/STM32F0xx_HAL_Driver/Inc/Legacy -I../Drivers/CMSIS/Device/ST/STM32F0xx/Include -I../Drivers/CMSIS/Include -O0 -ffunction-sections -fdata-sections -Wall -fstack-usage -MMD -MP -MF"Core/Src/main.d" -MT"Core/Src/main.o" --specs=nano.specs -mfloat-abi=soft -mthumb -o "Core/Src/main.o"
../Core/Src/main.c: In function 'main':
../Core/Src/main.c:225:11: warning: unused variable 'xorKey' [-Wunused-variable]
  225 |      char xorKey = 'a';
      |           ^~~~~~
../Core/Src/main.c:207:8: warning: unused variable 'buf102' [-Wunused-variable]
  207 |   char buf102[256];
      |        ^~~~~~
arm-none-eabi-gcc -o "IMUData.elf" @"objects.list"   -mcpu=cortex-m0 -T"C:\Users\sthab\Documents\EEE3097S\eee3097s-project-2022\IMU\IMUData\STM32F051R8TX_FLASH.ld" --specs=nosys.specs -Wl,-Map="IMUData.map" -Wl,--gc-sections -static --specs=nano.specs -mfloat-abi=soft -mthumb -u _printf_float -u _scanf_float -Wl,--start-group -lc -lm -Wl,--end-group
Finished building target: IMUData.elf
 
arm-none-eabi-size   IMUData.elf 
arm-none-eabi-objdump -h -S  IMUData.elf  > "IMUData.list"
   text	   data	    bss	    dec	    hex	filename
  47984	    488	   1936	  50408	   c4e8	IMUData.elf
Finished building: default.size.stdout
 
Finished building: IMUData.list
 
15:08:03 **** Incremental Build of configuration Debug for project IMUData ****
make -j16 all 
arm-none-eabi-size   IMUData.elf 
   text	   data	    bss	    dec	    hex	filename
  47984	    488	   1936	  50408	   c4e8	IMUData.elf
Finished building: default.size.stdout
 
15:08:16 **** Incremental Build of configuration Debug for project IMUData ****
make -j16 all 
arm-none-eabi-size   IMUData.elf 
   text	   data	    bss	    dec	    hex	filename
  47984	    488	   1936	  50408	   c4e8	IMUData.elf
Finished building: default.size.stdout
 
15:14:36 **** Incremental Build of configuration Debug for project IMUData ****
make -j16 all 
arm-none-eabi-size   IMUData.elf 
   text	   data	    bss	    dec	    hex	filename
  47984	    488	   1936	  50408	   c4e8	IMUData.elf
Finished building: default.size.stdout
 
15:14:41 **** Incremental Build of configuration Debug for project IMUData ****
make -j16 all 
arm-none-eabi-size   IMUData.elf 
   text	   data	    bss	    dec	    hex	filename
  47984	    488	   1936	  50408	   c4e8	IMUData.elf
Finished building: default.size.stdout
 
15:14:59 **** Incremental Build of configuration Debug for project IMUData ****
make -j16 all 
arm-none-eabi-size   IMUData.elf 
   text	   data	    bss	    dec	    hex	filename
  47984	    488	   1936	  50408	   c4e8	IMUData.elf
Finished building: default.size.stdout
 
15:15:41 **** Incremental Build of configuration Debug for project IMUData ****
make -j16 all 
arm-none-eabi-size   IMUData.elf 
   text	   data	    bss	    dec	    hex	filename
  47984	    488	   1936	  50408	   c4e8	IMUData.elf
Finished building: default.size.stdout
 
15:22:49 **** Incremental Build of configuration Debug for project IMUData ****
make -j16 all 
arm-none-eabi-size   IMUData.elf 
   text	   data	    bss	    dec	    hex	filename
  47984	    488	   1936	  50408	   c4e8	IMUData.elf
Finished building: default.size.stdout
 
15:22:57 **** Incremental Build of configuration Debug for project IMUData ****
make -j16 all 
arm-none-eabi-size   IMUData.elf 
   text	   data	    bss	    dec	    hex	filename
  47984	    488	   1936	  50408	   c4e8	IMUData.elf
Finished building: default.size.stdout
 
15:46:44 **** Incremental Build of configuration Debug for project IMUData ****
make -j16 all 
arm-none-eabi-size   IMUData.elf 
   text	   data	    bss	    dec	    hex	filename
  47984	    488	   1936	  50408	   c4e8	IMUData.elf
Finished building: default.size.stdout
 
15:46:52 **** Incremental Build of configuration Debug for project IMUData ****
make -j16 all 
arm-none-eabi-size   IMUData.elf 
   text	   data	    bss	    dec	    hex	filename
  47984	    488	   1936	  50408	   c4e8	IMUData.elf
Finished building: default.size.stdout
 
15:54:16 **** Incremental Build of configuration Debug for project IMUData ****
make -j16 all 
arm-none-eabi-size   IMUData.elf 
   text	   data	    bss	    dec	    hex	filename
  47984	    488	   1936	  50408	   c4e8	IMUData.elf
Finished building: default.size.stdout
 
16:02:07 **** Incremental Build of configuration Debug for project IMUData ****
make -j16 all 
arm-none-eabi-size   IMUData.elf 
   text	   data	    bss	    dec	    hex	filename
  47984	    488	   1936	  50408	   c4e8	IMUData.elf
Finished building: default.size.stdout
 
16:02:17 **** Incremental Build of configuration Debug for project IMUData ****
make -j16 all 
arm-none-eabi-size   IMUData.elf 
   text	   data	    bss	    dec	    hex	filename
  47984	    488	   1936	  50408	   c4e8	IMUData.elf
Finished building: default.size.stdout
 
16:03:42 **** Incremental Build of configuration Debug for project IMUData ****
make -j16 all 
arm-none-eabi-size   IMUData.elf 
   text	   data	    bss	    dec	    hex	filename
  47984	    488	   1936	  50408	   c4e8	IMUData.elf
Finished building: default.size.stdout
 
16:03:47 **** Incremental Build of configuration Debug for project IMUData ****
make -j16 all 
arm-none-eabi-size   IMUData.elf 
   text	   data	    bss	    dec	    hex	filename
  47984	    488	   1936	  50408	   c4e8	IMUData.elf
Finished building: default.size.stdout
 
16:25:25 **** Incremental Build of configuration Debug for project IMUData ****
make -j16 all 
arm-none-eabi-size   IMUData.elf 
   text	   data	    bss	    dec	    hex	filename
  47984	    488	   1936	  50408	   c4e8	IMUData.elf
Finished building: default.size.stdout
 
16:25:42 **** Incremental Build of configuration Debug for project IMUData ****
make -j16 all 
arm-none-eabi-size   IMUData.elf 
   text	   data	    bss	    dec	    hex	filename
  47984	    488	   1936	  50408	   c4e8	IMUData.elf
Finished building: default.size.stdout
 
16:26:25 **** Incremental Build of configuration Debug for project IMUData ****
make -j16 all 
arm-none-eabi-gcc "../Core/Src/main.c" -mcpu=cortex-m0 -std=gnu11 -g3 -DDEBUG -DUSE_HAL_DRIVER -DSTM32F051x8 -c -I../Core/Inc -I../Drivers/STM32F0xx_HAL_Driver/Inc -I../Drivers/STM32F0xx_HAL_Driver/Inc/Legacy -I../Drivers/CMSIS/Device/ST/STM32F0xx/Include -I../Drivers/CMSIS/Include -O0 -ffunction-sections -fdata-sections -Wall -fstack-usage -MMD -MP -MF"Core/Src/main.d" -MT"Core/Src/main.o" --specs=nano.specs -mfloat-abi=soft -mthumb -o "Core/Src/main.o"
../Core/Src/main.c: In function 'main':
../Core/Src/main.c:225:11: warning: unused variable 'xorKey' [-Wunused-variable]
  225 |      char xorKey = 'a';
      |           ^~~~~~
../Core/Src/main.c:207:8: warning: unused variable 'buf102' [-Wunused-variable]
  207 |   char buf102[256];
      |        ^~~~~~
arm-none-eabi-gcc -o "IMUData.elf" @"objects.list"   -mcpu=cortex-m0 -T"C:\Users\sthab\Documents\EEE3097S\eee3097s-project-2022\IMU\IMUData\STM32F051R8TX_FLASH.ld" --specs=nosys.specs -Wl,-Map="IMUData.map" -Wl,--gc-sections -static --specs=nano.specs -mfloat-abi=soft -mthumb -u _printf_float -u _scanf_float -Wl,--start-group -lc -lm -Wl,--end-group
Finished building target: IMUData.elf
 
arm-none-eabi-size   IMUData.elf 
arm-none-eabi-objdump -h -S  IMUData.elf  > "IMUData.list"
   text	   data	    bss	    dec	    hex	filename
  48336	    488	   1936	  50760	   c648	IMUData.elf
Finished building: default.size.stdout
 
Finished building: IMUData.list
 
16:26:31 **** Incremental Build of configuration Debug for project IMUData ****
make -j16 all 
arm-none-eabi-size   IMUData.elf 
   text	   data	    bss	    dec	    hex	filename
  48336	    488	   1936	  50760	   c648	IMUData.elf
Finished building: default.size.stdout
 
16:27:23 **** Incremental Build of configuration Debug for project IMUData ****
make -j16 all 
arm-none-eabi-gcc "../Core/Src/main.c" -mcpu=cortex-m0 -std=gnu11 -g3 -DDEBUG -DUSE_HAL_DRIVER -DSTM32F051x8 -c -I../Core/Inc -I../Drivers/STM32F0xx_HAL_Driver/Inc -I../Drivers/STM32F0xx_HAL_Driver/Inc/Legacy -I../Drivers/CMSIS/Device/ST/STM32F0xx/Include -I../Drivers/CMSIS/Include -O0 -ffunction-sections -fdata-sections -Wall -fstack-usage -MMD -MP -MF"Core/Src/main.d" -MT"Core/Src/main.o" --specs=nano.specs -mfloat-abi=soft -mthumb -o "Core/Src/main.o"
../Core/Src/main.c: In function 'main':
../Core/Src/main.c:225:11: warning: unused variable 'xorKey' [-Wunused-variable]
  225 |      char xorKey = 'a';
      |           ^~~~~~
../Core/Src/main.c:207:8: warning: unused variable 'buf102' [-Wunused-variable]
  207 |   char buf102[256];
      |        ^~~~~~
arm-none-eabi-gcc -o "IMUData.elf" @"objects.list"   -mcpu=cortex-m0 -T"C:\Users\sthab\Documents\EEE3097S\eee3097s-project-2022\IMU\IMUData\STM32F051R8TX_FLASH.ld" --specs=nosys.specs -Wl,-Map="IMUData.map" -Wl,--gc-sections -static --specs=nano.specs -mfloat-abi=soft -mthumb -u _printf_float -u _scanf_float -Wl,--start-group -lc -lm -Wl,--end-group
Finished building target: IMUData.elf
 
arm-none-eabi-size   IMUData.elf 
arm-none-eabi-objdump -h -S  IMUData.elf  > "IMUData.list"
   text	   data	    bss	    dec	    hex	filename
  47964	    488	   1936	  50388	   c4d4	IMUData.elf
Finished building: default.size.stdout
 
Finished building: IMUData.list
 
16:27:28 **** Incremental Build of configuration Debug for project IMUData ****
make -j16 all 
arm-none-eabi-size   IMUData.elf 
   text	   data	    bss	    dec	    hex	filename
  47964	    488	   1936	  50388	   c4d4	IMUData.elf
Finished building: default.size.stdout
 
16:28:06 **** Incremental Build of configuration Debug for project IMUData ****
make -j16 all 
arm-none-eabi-gcc "../Core/Src/main.c" -mcpu=cortex-m0 -std=gnu11 -g3 -DDEBUG -DUSE_HAL_DRIVER -DSTM32F051x8 -c -I../Core/Inc -I../Drivers/STM32F0xx_HAL_Driver/Inc -I../Drivers/STM32F0xx_HAL_Driver/Inc/Legacy -I../Drivers/CMSIS/Device/ST/STM32F0xx/Include -I../Drivers/CMSIS/Include -O0 -ffunction-sections -fdata-sections -Wall -fstack-usage -MMD -MP -MF"Core/Src/main.d" -MT"Core/Src/main.o" --specs=nano.specs -mfloat-abi=soft -mthumb -o "Core/Src/main.o"
../Core/Src/main.c: In function 'main':
../Core/Src/main.c:225:11: warning: unused variable 'xorKey' [-Wunused-variable]
  225 |      char xorKey = 'a';
      |           ^~~~~~
../Core/Src/main.c:207:8: warning: unused variable 'buf102' [-Wunused-variable]
  207 |   char buf102[256];
      |        ^~~~~~
arm-none-eabi-gcc -o "IMUData.elf" @"objects.list"   -mcpu=cortex-m0 -T"C:\Users\sthab\Documents\EEE3097S\eee3097s-project-2022\IMU\IMUData\STM32F051R8TX_FLASH.ld" --specs=nosys.specs -Wl,-Map="IMUData.map" -Wl,--gc-sections -static --specs=nano.specs -mfloat-abi=soft -mthumb -u _printf_float -u _scanf_float -Wl,--start-group -lc -lm -Wl,--end-group
Finished building target: IMUData.elf
 
arm-none-eabi-size   IMUData.elf 
arm-none-eabi-objdump -h -S  IMUData.elf  > "IMUData.list"
   text	   data	    bss	    dec	    hex	filename
  48336	    488	   1936	  50760	   c648	IMUData.elf
Finished building: default.size.stdout
 
Finished building: IMUData.list
 
16:28:11 **** Incremental Build of configuration Debug for project IMUData ****
make -j16 all 
arm-none-eabi-size   IMUData.elf 
   text	   data	    bss	    dec	    hex	filename
  48336	    488	   1936	  50760	   c648	IMUData.elf
Finished building: default.size.stdout
 
16:28:46 **** Incremental Build of configuration Debug for project IMUData ****
make -j16 all 
arm-none-eabi-gcc "../Core/Src/main.c" -mcpu=cortex-m0 -std=gnu11 -g3 -DDEBUG -DUSE_HAL_DRIVER -DSTM32F051x8 -c -I../Core/Inc -I../Drivers/STM32F0xx_HAL_Driver/Inc -I../Drivers/STM32F0xx_HAL_Driver/Inc/Legacy -I../Drivers/CMSIS/Device/ST/STM32F0xx/Include -I../Drivers/CMSIS/Include -O0 -ffunction-sections -fdata-sections -Wall -fstack-usage -MMD -MP -MF"Core/Src/main.d" -MT"Core/Src/main.o" --specs=nano.specs -mfloat-abi=soft -mthumb -o "Core/Src/main.o"
../Core/Src/main.c: In function 'main':
../Core/Src/main.c:225:11: warning: unused variable 'xorKey' [-Wunused-variable]
  225 |      char xorKey = 'a';
      |           ^~~~~~
../Core/Src/main.c:207:8: warning: unused variable 'buf102' [-Wunused-variable]
  207 |   char buf102[256];
      |        ^~~~~~
arm-none-eabi-gcc -o "IMUData.elf" @"objects.list"   -mcpu=cortex-m0 -T"C:\Users\sthab\Documents\EEE3097S\eee3097s-project-2022\IMU\IMUData\STM32F051R8TX_FLASH.ld" --specs=nosys.specs -Wl,-Map="IMUData.map" -Wl,--gc-sections -static --specs=nano.specs -mfloat-abi=soft -mthumb -u _printf_float -u _scanf_float -Wl,--start-group -lc -lm -Wl,--end-group
Finished building target: IMUData.elf
 
arm-none-eabi-size   IMUData.elf 
arm-none-eabi-objdump -h -S  IMUData.elf  > "IMUData.list"
   text	   data	    bss	    dec	    hex	filename
  48336	    488	   1936	  50760	   c648	IMUData.elf
Finished building: default.size.stdout
 
Finished building: IMUData.list
 
16:35:50 **** Incremental Build of configuration Debug for project IMUData ****
make -j16 all 
arm-none-eabi-gcc "../Core/Src/main.c" -mcpu=cortex-m0 -std=gnu11 -g3 -DDEBUG -DUSE_HAL_DRIVER -DSTM32F051x8 -c -I../Core/Inc -I../Drivers/STM32F0xx_HAL_Driver/Inc -I../Drivers/STM32F0xx_HAL_Driver/Inc/Legacy -I../Drivers/CMSIS/Device/ST/STM32F0xx/Include -I../Drivers/CMSIS/Include -O0 -ffunction-sections -fdata-sections -Wall -fstack-usage -MMD -MP -MF"Core/Src/main.d" -MT"Core/Src/main.o" --specs=nano.specs -mfloat-abi=soft -mthumb -o "Core/Src/main.o"
../Core/Src/main.c: In function 'main':
../Core/Src/main.c:225:11: warning: unused variable 'xorKey' [-Wunused-variable]
  225 |      char xorKey = 'a';
      |           ^~~~~~
../Core/Src/main.c:207:8: warning: unused variable 'buf102' [-Wunused-variable]
  207 |   char buf102[256];
      |        ^~~~~~
arm-none-eabi-gcc -o "IMUData.elf" @"objects.list"   -mcpu=cortex-m0 -T"C:\Users\sthab\Documents\EEE3097S\eee3097s-project-2022\IMU\IMUData\STM32F051R8TX_FLASH.ld" --specs=nosys.specs -Wl,-Map="IMUData.map" -Wl,--gc-sections -static --specs=nano.specs -mfloat-abi=soft -mthumb -u _printf_float -u _scanf_float -Wl,--start-group -lc -lm -Wl,--end-group
Finished building target: IMUData.elf
 
arm-none-eabi-size   IMUData.elf 
arm-none-eabi-objdump -h -S  IMUData.elf  > "IMUData.list"
   text	   data	    bss	    dec	    hex	filename
  47984	    488	   1936	  50408	   c4e8	IMUData.elf
Finished building: default.size.stdout
 
Finished building: IMUData.list
 
16:37:29 **** Incremental Build of configuration Debug for project IMUData ****
make -j16 all 
arm-none-eabi-gcc "../Core/Src/main.c" -mcpu=cortex-m0 -std=gnu11 -g3 -DDEBUG -DUSE_HAL_DRIVER -DSTM32F051x8 -c -I../Core/Inc -I../Drivers/STM32F0xx_HAL_Driver/Inc -I../Drivers/STM32F0xx_HAL_Driver/Inc/Legacy -I../Drivers/CMSIS/Device/ST/STM32F0xx/Include -I../Drivers/CMSIS/Include -O0 -ffunction-sections -fdata-sections -Wall -fstack-usage -MMD -MP -MF"Core/Src/main.d" -MT"Core/Src/main.o" --specs=nano.specs -mfloat-abi=soft -mthumb -o "Core/Src/main.o"
../Core/Src/main.c: In function 'main':
../Core/Src/main.c:207:8: warning: unused variable 'buf102' [-Wunused-variable]
  207 |   char buf102[256];
      |        ^~~~~~
arm-none-eabi-gcc -o "IMUData.elf" @"objects.list"   -mcpu=cortex-m0 -T"C:\Users\sthab\Documents\EEE3097S\eee3097s-project-2022\IMU\IMUData\STM32F051R8TX_FLASH.ld" --specs=nosys.specs -Wl,-Map="IMUData.map" -Wl,--gc-sections -static --specs=nano.specs -mfloat-abi=soft -mthumb -u _printf_float -u _scanf_float -Wl,--start-group -lc -lm -Wl,--end-group
Finished building target: IMUData.elf
 
arm-none-eabi-size   IMUData.elf 
arm-none-eabi-objdump -h -S  IMUData.elf  > "IMUData.list"
   text	   data	    bss	    dec	    hex	filename
  47996	    488	   1936	  50420	   c4f4	IMUData.elf
Finished building: default.size.stdout
 
Finished building: IMUData.list
 
16:38:08 **** Incremental Build of configuration Debug for project IMUData ****
make -j16 all 
arm-none-eabi-gcc "../Core/Src/main.c" -mcpu=cortex-m0 -std=gnu11 -g3 -DDEBUG -DUSE_HAL_DRIVER -DSTM32F051x8 -c -I../Core/Inc -I../Drivers/STM32F0xx_HAL_Driver/Inc -I../Drivers/STM32F0xx_HAL_Driver/Inc/Legacy -I../Drivers/CMSIS/Device/ST/STM32F0xx/Include -I../Drivers/CMSIS/Include -O0 -ffunction-sections -fdata-sections -Wall -fstack-usage -MMD -MP -MF"Core/Src/main.d" -MT"Core/Src/main.o" --specs=nano.specs -mfloat-abi=soft -mthumb -o "Core/Src/main.o"
../Core/Src/main.c: In function 'main':
../Core/Src/main.c:207:8: warning: unused variable 'buf102' [-Wunused-variable]
  207 |   char buf102[256];
      |        ^~~~~~
arm-none-eabi-gcc -o "IMUData.elf" @"objects.list"   -mcpu=cortex-m0 -T"C:\Users\sthab\Documents\EEE3097S\eee3097s-project-2022\IMU\IMUData\STM32F051R8TX_FLASH.ld" --specs=nosys.specs -Wl,-Map="IMUData.map" -Wl,--gc-sections -static --specs=nano.specs -mfloat-abi=soft -mthumb -u _printf_float -u _scanf_float -Wl,--start-group -lc -lm -Wl,--end-group
Finished building target: IMUData.elf
 
arm-none-eabi-size   IMUData.elf 
arm-none-eabi-objdump -h -S  IMUData.elf  > "IMUData.list"
   text	   data	    bss	    dec	    hex	filename
  47996	    488	   1936	  50420	   c4f4	IMUData.elf
Finished building: default.size.stdout
 
Finished building: IMUData.list
 
16:38:12 **** Incremental Build of configuration Debug for project IMUData ****
make -j16 all 
arm-none-eabi-size   IMUData.elf 
   text	   data	    bss	    dec	    hex	filename
  47996	    488	   1936	  50420	   c4f4	IMUData.elf
Finished building: default.size.stdout
 
16:38:44 **** Incremental Build of configuration Debug for project IMUData ****
make -j16 all 
arm-none-eabi-gcc "../Core/Src/main.c" -mcpu=cortex-m0 -std=gnu11 -g3 -DDEBUG -DUSE_HAL_DRIVER -DSTM32F051x8 -c -I../Core/Inc -I../Drivers/STM32F0xx_HAL_Driver/Inc -I../Drivers/STM32F0xx_HAL_Driver/Inc/Legacy -I../Drivers/CMSIS/Device/ST/STM32F0xx/Include -I../Drivers/CMSIS/Include -O0 -ffunction-sections -fdata-sections -Wall -fstack-usage -MMD -MP -MF"Core/Src/main.d" -MT"Core/Src/main.o" --specs=nano.specs -mfloat-abi=soft -mthumb -o "Core/Src/main.o"
../Core/Src/main.c: In function 'main':
../Core/Src/main.c:225:11: warning: unused variable 'xorKey' [-Wunused-variable]
  225 |      char xorKey = 'A';
      |           ^~~~~~
../Core/Src/main.c:207:8: warning: unused variable 'buf102' [-Wunused-variable]
  207 |   char buf102[256];
      |        ^~~~~~
arm-none-eabi-gcc -o "IMUData.elf" @"objects.list"   -mcpu=cortex-m0 -T"C:\Users\sthab\Documents\EEE3097S\eee3097s-project-2022\IMU\IMUData\STM32F051R8TX_FLASH.ld" --specs=nosys.specs -Wl,-Map="IMUData.map" -Wl,--gc-sections -static --specs=nano.specs -mfloat-abi=soft -mthumb -u _printf_float -u _scanf_float -Wl,--start-group -lc -lm -Wl,--end-group
Finished building target: IMUData.elf
 
arm-none-eabi-size   IMUData.elf 
arm-none-eabi-objdump -h -S  IMUData.elf  > "IMUData.list"
   text	   data	    bss	    dec	    hex	filename
  47984	    488	   1936	  50408	   c4e8	IMUData.elf
Finished building: default.size.stdout
 
Finished building: IMUData.list
 
16:38:49 **** Incremental Build of configuration Debug for project IMUData ****
make -j16 all 
arm-none-eabi-size   IMUData.elf 
   text	   data	    bss	    dec	    hex	filename
  47984	    488	   1936	  50408	   c4e8	IMUData.elf
Finished building: default.size.stdout
 
