../Core/Src/main.c:65:5:main	304	static
../Core/Src/main.c:120:6:debugPrintln	24	static
../Core/Src/main.c:135:6:SystemClock_Config	104	static
../Core/Src/main.c:178:13:MX_SPI1_Init	8	static
../Core/Src/main.c:218:13:MX_USART1_UART_Init	8	static
../Core/Src/main.c:253:13:MX_GPIO_Init	48	static
../Core/Src/main.c:275:6:icm20948_init	8	static
../Core/Src/main.c:300:6:ak09916_init	8	static
../Core/Src/main.c:312:6:icm20948_gyro_read	24	static
../Core/Src/main.c:321:6:icm20948_accel_read	24	static
../Core/Src/main.c:331:6:ak09916_mag_read	32	static
../Core/Src/main.c:351:6:icm20948_gyro_read_dps	16	static
../Core/Src/main.c:360:6:icm20948_accel_read_g	16	static
../Core/Src/main.c:369:6:ak09916_mag_read_uT	40	static
../Core/Src/main.c:384:6:icm20948_who_am_i	24	static
../Core/Src/main.c:395:6:ak09916_who_am_i	24	static
../Core/Src/main.c:405:6:icm20948_device_reset	8	static
../Core/Src/main.c:411:6:ak09916_soft_reset	8	static
../Core/Src/main.c:417:6:icm20948_wakeup	24	static
../Core/Src/main.c:426:6:icm20948_sleep	24	static
../Core/Src/main.c:435:6:icm20948_spi_slave_enable	24	static
../Core/Src/main.c:443:6:icm20948_i2c_master_reset	24	static
../Core/Src/main.c:451:6:icm20948_i2c_master_enable	24	static
../Core/Src/main.c:460:6:icm20948_i2c_master_clk_frq	32	static
../Core/Src/main.c:468:6:icm20948_clock_source	32	static
../Core/Src/main.c:476:6:icm20948_odr_align_enable	8	static
../Core/Src/main.c:481:6:icm20948_gyro_low_pass_filter	32	static
../Core/Src/main.c:489:6:icm20948_accel_low_pass_filter	32	static
../Core/Src/main.c:497:6:icm20948_gyro_sample_rate_divider	16	static
../Core/Src/main.c:502:6:icm20948_accel_sample_rate_divider	32	static
../Core/Src/main.c:511:6:ak09916_operation_mode_setting	16	static
../Core/Src/main.c:517:6:icm20948_gyro_calibration	56	static
../Core/Src/main.c:549:6:icm20948_accel_calibration	80	static
../Core/Src/main.c:607:6:icm20948_gyro_full_scale_select	32	static
../Core/Src/main.c:634:6:icm20948_accel_full_scale_select	32	static
../Core/Src/main.c:663:13:cs_high	8	static
../Core/Src/main.c:668:13:cs_low	8	static
../Core/Src/main.c:673:13:select_user_bank	32	static
../Core/Src/main.c:684:16:read_single_icm20948_reg	32	static
../Core/Src/main.c:698:13:write_single_icm20948_reg	32	static
../Core/Src/main.c:711:17:read_multiple_icm20948_reg	32	static
../Core/Src/main.c:725:13:write_multiple_icm20948_reg	32	static
../Core/Src/main.c:736:16:read_single_ak09916_reg	16	static
../Core/Src/main.c:746:13:write_single_ak09916_reg	16	static
../Core/Src/main.c:754:17:read_multiple_ak09916_reg	16	static
../Core/Src/main.c:775:6:Error_Handler	8	static,ignoring_inline_asm
